Archive member included because of file (symbol)

/opt/android-ndk-r6b/toolchains/arm-linux-androideabi-4.4.3/prebuilt/darwin-x86/bin/../lib/gcc/arm-linux-androideabi/4.4.3/libgcc.a(_arm_addsubdf3.o)
                              /Users/manuel/Work/android/PacketDroid/obj/local/armeabi/objs-debug/multimon/demod_afsk12.o (__aeabi_dadd)
/opt/android-ndk-r6b/toolchains/arm-linux-androideabi-4.4.3/prebuilt/darwin-x86/bin/../lib/gcc/arm-linux-androideabi/4.4.3/libgcc.a(_arm_muldivdf3.o)
                              /Users/manuel/Work/android/PacketDroid/obj/local/armeabi/objs-debug/multimon/demod_afsk24.o (__aeabi_dmul)
/opt/android-ndk-r6b/toolchains/arm-linux-androideabi-4.4.3/prebuilt/darwin-x86/bin/../lib/gcc/arm-linux-androideabi/4.4.3/libgcc.a(_arm_cmpdf2.o)
                              /Users/manuel/Work/android/PacketDroid/obj/local/armeabi/objs-debug/multimon/demod_hapn48.o (__aeabi_dcmplt)
/opt/android-ndk-r6b/toolchains/arm-linux-androideabi-4.4.3/prebuilt/darwin-x86/bin/../lib/gcc/arm-linux-androideabi/4.4.3/libgcc.a(_arm_truncdfsf2.o)
                              /Users/manuel/Work/android/PacketDroid/obj/local/armeabi/objs-debug/multimon/demod_afsk12.o (__aeabi_d2f)
/opt/android-ndk-r6b/toolchains/arm-linux-androideabi-4.4.3/prebuilt/darwin-x86/bin/../lib/gcc/arm-linux-androideabi/4.4.3/libgcc.a(_arm_addsubsf3.o)
                              /Users/manuel/Work/android/PacketDroid/obj/local/armeabi/objs-debug/multimon/demod_afsk12.o (__aeabi_fsub)
/opt/android-ndk-r6b/toolchains/arm-linux-androideabi-4.4.3/prebuilt/darwin-x86/bin/../lib/gcc/arm-linux-androideabi/4.4.3/libgcc.a(_arm_muldivsf3.o)
                              /Users/manuel/Work/android/PacketDroid/obj/local/armeabi/objs-debug/multimon/demod_afsk12.o (__aeabi_fmul)
/opt/android-ndk-r6b/toolchains/arm-linux-androideabi-4.4.3/prebuilt/darwin-x86/bin/../lib/gcc/arm-linux-androideabi/4.4.3/libgcc.a(_arm_cmpsf2.o)
                              /Users/manuel/Work/android/PacketDroid/obj/local/armeabi/objs-debug/multimon/demod_hapn48.o (__aeabi_fcmplt)
/opt/android-ndk-r6b/toolchains/arm-linux-androideabi-4.4.3/prebuilt/darwin-x86/bin/../lib/gcc/arm-linux-androideabi/4.4.3/libgcc.a(unwind-arm.o)
                              /Users/manuel/Work/android/PacketDroid/obj/local/armeabi/objs-debug/multimon/hdlc.o (__aeabi_unwind_cpp_pr0)
/opt/android-ndk-r6b/toolchains/arm-linux-androideabi-4.4.3/prebuilt/darwin-x86/bin/../lib/gcc/arm-linux-androideabi/4.4.3/libgcc.a(libunwind.o)
                              /opt/android-ndk-r6b/toolchains/arm-linux-androideabi-4.4.3/prebuilt/darwin-x86/bin/../lib/gcc/arm-linux-androideabi/4.4.3/libgcc.a(unwind-arm.o) (restore_core_regs)
/opt/android-ndk-r6b/toolchains/arm-linux-androideabi-4.4.3/prebuilt/darwin-x86/bin/../lib/gcc/arm-linux-androideabi/4.4.3/libgcc.a(pr-support.o)
                              /opt/android-ndk-r6b/toolchains/arm-linux-androideabi-4.4.3/prebuilt/darwin-x86/bin/../lib/gcc/arm-linux-androideabi/4.4.3/libgcc.a(unwind-arm.o) (__gnu_unwind_execute)

Discarded input sections

 .note.GNU-stack
                0x00000000        0x0 /Users/manuel/Work/android/PacketDroid/obj/local/armeabi/objs-debug/multimon/hdlc.o
 .note.GNU-stack
                0x00000000        0x0 /Users/manuel/Work/android/PacketDroid/obj/local/armeabi/objs-debug/multimon/pocsag.o
 .note.GNU-stack
                0x00000000        0x0 /Users/manuel/Work/android/PacketDroid/obj/local/armeabi/objs-debug/multimon/demod_afsk12.o
 .note.GNU-stack
                0x00000000        0x0 /Users/manuel/Work/android/PacketDroid/obj/local/armeabi/objs-debug/multimon/demod_afsk24.o
 .note.GNU-stack
                0x00000000        0x0 /Users/manuel/Work/android/PacketDroid/obj/local/armeabi/objs-debug/multimon/demod_afsk24_2.o
 .note.GNU-stack
                0x00000000        0x0 /Users/manuel/Work/android/PacketDroid/obj/local/armeabi/objs-debug/multimon/demod_dtmf.o
 .note.GNU-stack
                0x00000000        0x0 /Users/manuel/Work/android/PacketDroid/obj/local/armeabi/objs-debug/multimon/demod_fsk96.o
 .note.GNU-stack
                0x00000000        0x0 /Users/manuel/Work/android/PacketDroid/obj/local/armeabi/objs-debug/multimon/demod_hapn48.o
 .note.GNU-stack
                0x00000000        0x0 /Users/manuel/Work/android/PacketDroid/obj/local/armeabi/objs-debug/multimon/demod_poc12.o
 .note.GNU-stack
                0x00000000        0x0 /Users/manuel/Work/android/PacketDroid/obj/local/armeabi/objs-debug/multimon/demod_poc24.o
 .note.GNU-stack
                0x00000000        0x0 /Users/manuel/Work/android/PacketDroid/obj/local/armeabi/objs-debug/multimon/demod_poc5.o
 .note.GNU-stack
                0x00000000        0x0 /Users/manuel/Work/android/PacketDroid/obj/local/armeabi/objs-debug/multimon/demod_zvei.o
 .note.GNU-stack
                0x00000000        0x0 /Users/manuel/Work/android/PacketDroid/obj/local/armeabi/objs-debug/multimon/costabf.o
 .note.GNU-stack
[...]
Memory Configuration

Name             Origin             Length             Attributes
*default*        0x00000000         0xffffffff

Linker script and memory map

LOAD /opt/android-ndk-r6b/platforms/android-8/arch-arm/usr/lib/crtbegin_so.o
LOAD /Users/manuel/Work/android/PacketDroid/obj/local/armeabi/objs-debug/multimon/hdlc.o
LOAD /Users/manuel/Work/android/PacketDroid/obj/local/armeabi/objs-debug/multimon/pocsag.o
LOAD /Users/manuel/Work/android/PacketDroid/obj/local/armeabi/objs-debug/multimon/demod_afsk12.o
LOAD /Users/manuel/Work/android/PacketDroid/obj/local/armeabi/objs-debug/multimon/demod_afsk24.o
LOAD /Users/manuel/Work/android/PacketDroid/obj/local/armeabi/objs-debug/multimon/demod_afsk24_2.o
LOAD /Users/manuel/Work/android/PacketDroid/obj/local/armeabi/objs-debug/multimon/demod_dtmf.o
LOAD /Users/manuel/Work/android/PacketDroid/obj/local/armeabi/objs-debug/multimon/demod_fsk96.o
LOAD /Users/manuel/Work/android/PacketDroid/obj/local/armeabi/objs-debug/multimon/demod_hapn48.o
LOAD /Users/manuel/Work/android/PacketDroid/obj/local/armeabi/objs-debug/multimon/demod_poc12.o
LOAD /Users/manuel/Work/android/PacketDroid/obj/local/armeabi/objs-debug/multimon/demod_poc24.o
LOAD /Users/manuel/Work/android/PacketDroid/obj/local/armeabi/objs-debug/multimon/demod_poc5.o
LOAD /Users/manuel/Work/android/PacketDroid/obj/local/armeabi/objs-debug/multimon/demod_zvei.o
LOAD /Users/manuel/Work/android/PacketDroid/obj/local/armeabi/objs-debug/multimon/costabf.o
LOAD /Users/manuel/Work/android/PacketDroid/obj/local/armeabi/objs-debug/multimon/costabi.o
LOAD /Users/manuel/Work/android/PacketDroid/obj/local/armeabi/objs-debug/multimon/multimon.o
LOAD /opt/android-ndk-r6b/toolchains/arm-linux-androideabi-4.4.3/prebuilt/darwin-x86/bin/../lib/gcc/arm-linux-androideabi/4.4.3/libgcc.a
LOAD /opt/android-ndk-r6b/platforms/android-8/arch-arm/usr/lib/libdl.so
LOAD /opt/android-ndk-r6b/platforms/android-8/arch-arm/usr/lib/liblog.so
LOAD /opt/android-ndk-r6b/toolchains/arm-linux-androideabi-4.4.3/prebuilt/darwin-x86/bin/../lib/gcc/arm-linux-androideabi/4.4.3/../../../../arm-linux-androideabi/lib/libsupc++.a
LOAD /opt/android-ndk-r6b/platforms/android-8/arch-arm/usr/lib/libstdc++.so
LOAD /opt/android-ndk-r6b/platforms/android-8/arch-arm/usr/lib/libm.so
LOAD /opt/android-ndk-r6b/platforms/android-8/arch-arm/usr/lib/libc.so
LOAD /opt/android-ndk-r6b/toolchains/arm-linux-androideabi-4.4.3/prebuilt/darwin-x86/bin/../lib/gcc/arm-linux-androideabi/4.4.3/libgcc.a
LOAD /opt/android-ndk-r6b/platforms/android-8/arch-arm/usr/lib/libc.so
LOAD /opt/android-ndk-r6b/platforms/android-8/arch-arm/usr/lib/libdl.so
LOAD /opt/android-ndk-r6b/toolchains/arm-linux-androideabi-4.4.3/prebuilt/darwin-x86/bin/../lib/gcc/arm-linux-androideabi/4.4.3/libgcc.a
LOAD /opt/android-ndk-r6b/platforms/android-8/arch-arm/usr/lib/crtend_so.o
                0x000000d4                . = (0x0 + SIZEOF_HEADERS)

.note.gnu.build-id
 *(.note.gnu.build-id)

.hash           0x000000d4      0x4bc
 *(.hash)
 .hash          0x000000d4      0x4bc /opt/android-ndk-r6b/platforms/android-8/arch-arm/usr/lib/crtbegin_so.o

.gnu.hash
 *(.gnu.hash)

.dynsym         0x00000590      0xaa0
 *(.dynsym)
 .dynsym        0x00000590      0xaa0 /opt/android-ndk-r6b/platforms/android-8/arch-arm/usr/lib/crtbegin_so.o

.dynstr         0x00001030      0x9d1
 *(.dynstr)
 .dynstr        0x00001030      0x9d1 /opt/android-ndk-r6b/platforms/android-8/arch-arm/usr/lib/crtbegin_so.o

.gnu.version    0x00001a02        0x0 load address 0x00001a01
 *(.gnu.version)
 .gnu.version   0x00000000        0x0 /opt/android-ndk-r6b/platforms/android-8/arch-arm/usr/lib/crtbegin_so.o

.gnu.version_d  0x00001a04        0x0 load address 0x00001a01
 *(.gnu.version_d)
 .gnu.version_d
                0x00000000        0x0 /opt/android-ndk-r6b/platforms/android-8/arch-arm/usr/lib/crtbegin_so.o

.gnu.version_r  0x00001a04        0x0 load address 0x00001a01
 *(.gnu.version_r)
 .gnu.version_r
                0x00000000        0x0 /opt/android-ndk-r6b/platforms/android-8/arch-arm/usr/lib/crtbegin_so.o

.rel.dyn        0x00001a04      0x2e0
 *(.rel.init)
 *(.rel.text .rel.text.* .rel.gnu.linkonce.t.*)
 .rel.text      0x00001a04        0x8 /opt/android-ndk-r6b/platforms/android-8/arch-arm/usr/lib/crtbegin_so.o
 *(.rel.fini)
 *(.rel.rodata .rel.rodata.* .rel.gnu.linkonce.r.*)
 *(.rel.data.rel.ro* .rel.gnu.linkonce.d.rel.ro.*)
 .rel.data.rel.ro.local
                0x00001a0c      0x228 /opt/android-ndk-r6b/platforms/android-8/arch-arm/usr/lib/crtbegin_so.o
 *(.rel.data .rel.data.* .rel.gnu.linkonce.d.*)
 .rel.data.rel.local
                0x00001c34       0x10 /opt/android-ndk-r6b/platforms/android-8/arch-arm/usr/lib/crtbegin_so.o
 .rel.data.rel  0x00001c44       0x50 /opt/android-ndk-r6b/platforms/android-8/arch-arm/usr/lib/crtbegin_so.o
 *(.rel.tdata .rel.tdata.* .rel.gnu.linkonce.td.*)
 *(.rel.tbss .rel.tbss.* .rel.gnu.linkonce.tb.*)
 *(.rel.ctors)
 *(.rel.dtors)
 *(.rel.got)
 .rel.got       0x00001c94       0x48 /opt/android-ndk-r6b/platforms/android-8/arch-arm/usr/lib/crtbegin_so.o
 *(.rel.bss .rel.bss.* .rel.gnu.linkonce.b.*)
 .rel.fini_array
                0x00001cdc        0x8 /opt/android-ndk-r6b/platforms/android-8/arch-arm/usr/lib/crtbegin_so.o

.rela.dyn
 *(.rela.init)
 *(.rela.text .rela.text.* .rela.gnu.linkonce.t.*)
 *(.rela.fini)
 *(.rela.rodata .rela.rodata.* .rela.gnu.linkonce.r.*)
 *(.rela.data .rela.data.* .rela.gnu.linkonce.d.*)
 *(.rela.tdata .rela.tdata.* .rela.gnu.linkonce.td.*)
 *(.rela.tbss .rela.tbss.* .rela.gnu.linkonce.tb.*)
 *(.rela.ctors)
 *(.rela.dtors)
 *(.rela.got)
 *(.rela.bss .rela.bss.* .rela.gnu.linkonce.b.*)

.rel.plt        0x00001ce4       0xa8
 *(.rel.plt)
 .rel.plt       0x00001ce4       0xa8 /opt/android-ndk-r6b/platforms/android-8/arch-arm/usr/lib/crtbegin_so.o

.rela.plt
 *(.rela.plt)

.init
 *(.init)

.plt            0x00001d8c      0x110
 *(.plt)
 .plt           0x00001d8c      0x110 /opt/android-ndk-r6b/platforms/android-8/arch-arm/usr/lib/crtbegin_so.o

.text           0x00001ea0     0x6f94
 *(.text .stub .text.* .gnu.linkonce.t.*)
 .text          0x00001ea0       0x10 /opt/android-ndk-r6b/platforms/android-8/arch-arm/usr/lib/crtbegin_so.o
 .text          0x00001eb0        0x0 /Users/manuel/Work/android/PacketDroid/obj/local/armeabi/objs-debug/multimon/hdlc.o
 .text.check_crc_ccitt
                0x00001eb0       0x5c /Users/manuel/Work/android/PacketDroid/obj/local/armeabi/objs-debug/multimon/hdlc.o
 .text.ax25_disp_packet
                0x00001f0c      0xf08 /Users/manuel/Work/android/PacketDroid/obj/local/armeabi/objs-debug/multimon/hdlc.o
 .text.hdlc_init
                0x00002e14       0x44 /Users/manuel/Work/android/PacketDroid/obj/local/armeabi/objs-debug/multimon/hdlc.o
                0x00002e14                hdlc_init
 .text.hdlc_rxbit
                0x00002e58      0x1a0 /Users/manuel/Work/android/PacketDroid/obj/local/armeabi/objs-debug/multimon/hdlc.o
                0x00002e58                hdlc_rxbit
 .text          0x00002ff8        0x0 /Users/manuel/Work/android/PacketDroid/obj/local/armeabi/objs-debug/multimon/pocsag.o
 .text.even_parity
                0x00002ff8       0x48 /Users/manuel/Work/android/PacketDroid/obj/local/armeabi/objs-debug/multimon/pocsag.o
 .text.pocsag_code
                0x00003040       0x88 /Users/manuel/Work/android/PacketDroid/obj/local/armeabi/objs-debug/multimon/pocsag.o
 .text.pocsag_syndrome
                0x000030c8       0x80 /Users/manuel/Work/android/PacketDroid/obj/local/armeabi/objs-debug/multimon/pocsag.o
 .text.print_msg_numeric
                0x00003148       0xc8 /Users/manuel/Work/android/PacketDroid/obj/local/armeabi/objs-debug/multimon/pocsag.o
 .text.translate_alpha
                0x00003210       0x84 /Users/manuel/Work/android/PacketDroid/obj/local/armeabi/objs-debug/multimon/pocsag.o
 .text.print_msg_alpha
                0x00003294      0x1f4 /Users/manuel/Work/android/PacketDroid/obj/local/armeabi/objs-debug/multimon/pocsag.o
 .text.print_msg_skyper
                0x00003488      0x200 /Users/manuel/Work/android/PacketDroid/obj/local/armeabi/objs-debug/multimon/pocsag.o
 .text.pocsag_printmessage
                0x00003688      0x104 /Users/manuel/Work/android/PacketDroid/obj/local/armeabi/objs-debug/multimon/pocsag.o
 .text.pocsag_init
                0x0000378c       0x1c /Users/manuel/Work/android/PacketDroid/obj/local/armeabi/objs-debug/multimon/pocsag.o
                0x0000378c                pocsag_init
 .text.do_one_bit
                0x000037a8      0x37c /Users/manuel/Work/android/PacketDroid/obj/local/armeabi/objs-debug/multimon/pocsag.o
 .text.pocsag_rxbit
                0x00003b24       0x74 /Users/manuel/Work/android/PacketDroid/obj/local/armeabi/objs-debug/multimon/pocsag.o
                0x00003b24                pocsag_rxbit
 .text          0x00003b98        0x0 /Users/manuel/Work/android/PacketDroid/obj/local/armeabi/objs-debug/multimon/demod_afsk12.o
 .text.mac      0x00003b98       0x58 /Users/manuel/Work/android/PacketDroid/obj/local/armeabi/objs-debug/multimon/demod_afsk12.o
 .text.fsqr     0x00003bf0       0x18 /Users/manuel/Work/android/PacketDroid/obj/local/armeabi/objs-debug/multimon/demod_afsk12.o
 .text.afsk12_init
                0x00003c08      0x170 /Users/manuel/Work/android/PacketDroid/obj/local/armeabi/objs-debug/multimon/demod_afsk12.o
 .text.afsk12_demod
                0x00003d78      0x2a4 /Users/manuel/Work/android/PacketDroid/obj/local/armeabi/objs-debug/multimon/demod_afsk12.o
 .text          0x0000401c        0x0 /Users/manuel/Work/android/PacketDroid/obj/local/armeabi/objs-debug/multimon/demod_afsk24.o
 .text.mac      0x0000401c       0x58 /Users/manuel/Work/android/PacketDroid/obj/local/armeabi/objs-debug/multimon/demod_afsk24.o
 .text.fsqr     0x00004074       0x18 /Users/manuel/Work/android/PacketDroid/obj/local/armeabi/objs-debug/multimon/demod_afsk24.o
 *fill*         0x0000408c        0x4 00000000
 .text.afsk24_init
                0x00004090      0x2a8 /Users/manuel/Work/android/PacketDroid/obj/local/armeabi/objs-debug/multimon/demod_afsk24.o
 .text.afsk24_demod
                0x00004338      0x240 /Users/manuel/Work/android/PacketDroid/obj/local/armeabi/objs-debug/multimon/demod_afsk24.o
 .text          0x00004578        0x0 /Users/manuel/Work/android/PacketDroid/obj/local/armeabi/objs-debug/multimon/demod_afsk24_2.o
 .text.mac      0x00004578       0x58 /Users/manuel/Work/android/PacketDroid/obj/local/armeabi/objs-debug/multimon/demod_afsk24_2.o
 .text.fsqr     0x000045d0       0x18 /Users/manuel/Work/android/PacketDroid/obj/local/armeabi/objs-debug/multimon/demod_afsk24_2.o
 .text.afsk24_2_init
                0x000045e8      0x2a8 /Users/manuel/Work/android/PacketDroid/obj/local/armeabi/objs-debug/multimon/demod_afsk24_2.o
 .text.afsk24_2_demod
                0x00004890      0x240 /Users/manuel/Work/android/PacketDroid/obj/local/armeabi/objs-debug/multimon/demod_afsk24_2.o
 .text          0x00004ad0        0x0 /Users/manuel/Work/android/PacketDroid/obj/local/armeabi/objs-debug/multimon/demod_dtmf.o
 .text.mac      0x00004ad0       0x58 /Users/manuel/Work/android/PacketDroid/obj/local/armeabi/objs-debug/multimon/demod_dtmf.o
 .text.fsqr     0x00004b28       0x18 /Users/manuel/Work/android/PacketDroid/obj/local/armeabi/objs-debug/multimon/demod_dtmf.o
 .text.dtmf_init
                0x00004b40       0x20 /Users/manuel/Work/android/PacketDroid/obj/local/armeabi/objs-debug/multimon/demod_dtmf.o
 .text.find_max_idx
                0x00004b60       0xf0 /Users/manuel/Work/android/PacketDroid/obj/local/armeabi/objs-debug/multimon/demod_dtmf.o
 .text.process_block
                0x00004c50      0x2d0 /Users/manuel/Work/android/PacketDroid/obj/local/armeabi/objs-debug/multimon/demod_dtmf.o
 .text.dtmf_demod
                0x00004f20      0x1c0 /Users/manuel/Work/android/PacketDroid/obj/local/armeabi/objs-debug/multimon/demod_dtmf.o
 .text          0x000050e0        0x0 /Users/manuel/Work/android/PacketDroid/obj/local/armeabi/objs-debug/multimon/demod_fsk96.o
 .text.mac      0x000050e0       0x58 /Users/manuel/Work/android/PacketDroid/obj/local/armeabi/objs-debug/multimon/demod_fsk96.o
 .text.fsqr     0x00005138       0x18 /Users/manuel/Work/android/PacketDroid/obj/local/armeabi/objs-debug/multimon/demod_fsk96.o
 .text.fsk96_init
                0x00005150       0x24 /Users/manuel/Work/android/PacketDroid/obj/local/armeabi/objs-debug/multimon/demod_fsk96.o
 .text.fsk96_demod
                0x00005174      0x1f0 /Users/manuel/Work/android/PacketDroid/obj/local/armeabi/objs-debug/multimon/demod_fsk96.o
 .text          0x00005364        0x0 /Users/manuel/Work/android/PacketDroid/obj/local/armeabi/objs-debug/multimon/demod_hapn48.o
 .text.mac      0x00005364       0x58 /Users/manuel/Work/android/PacketDroid/obj/local/armeabi/objs-debug/multimon/demod_hapn48.o
 .text.fsqr     0x000053bc       0x18 /Users/manuel/Work/android/PacketDroid/obj/local/armeabi/objs-debug/multimon/demod_hapn48.o
 .text.hapn48_init
                0x000053d4       0x24 /Users/manuel/Work/android/PacketDroid/obj/local/armeabi/objs-debug/multimon/demod_hapn48.o
 .text.hapn48_demod
                0x000053f8      0x3d8 /Users/manuel/Work/android/PacketDroid/obj/local/armeabi/objs-debug/multimon/demod_hapn48.o
 .text          0x000057d0        0x0 /Users/manuel/Work/android/PacketDroid/obj/local/armeabi/objs-debug/multimon/demod_poc12.o
 .text.mac      0x000057d0       0x58 /Users/manuel/Work/android/PacketDroid/obj/local/armeabi/objs-debug/multimon/demod_poc12.o
 .text.fsqr     0x00005828       0x18 /Users/manuel/Work/android/PacketDroid/obj/local/armeabi/objs-debug/multimon/demod_poc12.o
 .text.poc12_init
                0x00005840       0x24 /Users/manuel/Work/android/PacketDroid/obj/local/armeabi/objs-debug/multimon/demod_poc12.o
 .text.poc12_demod
                0x00005864      0x1a4 /Users/manuel/Work/android/PacketDroid/obj/local/armeabi/objs-debug/multimon/demod_poc12.o
 .text          0x00005a08        0x0 /Users/manuel/Work/android/PacketDroid/obj/local/armeabi/objs-debug/multimon/demod_poc24.o
 .text.mac      0x00005a08       0x58 /Users/manuel/Work/android/PacketDroid/obj/local/armeabi/objs-debug/multimon/demod_poc24.o
 .text.fsqr     0x00005a60       0x18 /Users/manuel/Work/android/PacketDroid/obj/local/armeabi/objs-debug/multimon/demod_poc24.o
 .text.poc24_init
                0x00005a78       0x24 /Users/manuel/Work/android/PacketDroid/obj/local/armeabi/objs-debug/multimon/demod_poc24.o
 .text.poc24_demod
                0x00005a9c      0x140 /Users/manuel/Work/android/PacketDroid/obj/local/armeabi/objs-debug/multimon/demod_poc24.o
 .text          0x00005bdc        0x0 /Users/manuel/Work/android/PacketDroid/obj/local/armeabi/objs-debug/multimon/demod_poc5.o
 .text.mac      0x00005bdc       0x58 /Users/manuel/Work/android/PacketDroid/obj/local/armeabi/objs-debug/multimon/demod_poc5.o
 .text.fsqr     0x00005c34       0x18 /Users/manuel/Work/android/PacketDroid/obj/local/armeabi/objs-debug/multimon/demod_poc5.o
 .text.poc5_init
                0x00005c4c       0x24 /Users/manuel/Work/android/PacketDroid/obj/local/armeabi/objs-debug/multimon/demod_poc5.o
 .text.poc5_demod
                0x00005c70      0x1a4 /Users/manuel/Work/android/PacketDroid/obj/local/armeabi/objs-debug/multimon/demod_poc5.o
 .text          0x00005e14        0x0 /Users/manuel/Work/android/PacketDroid/obj/local/armeabi/objs-debug/multimon/demod_zvei.o
 .text.mac      0x00005e14       0x58 /Users/manuel/Work/android/PacketDroid/obj/local/armeabi/objs-debug/multimon/demod_zvei.o
 .text.fsqr     0x00005e6c       0x18 /Users/manuel/Work/android/PacketDroid/obj/local/armeabi/objs-debug/multimon/demod_zvei.o
 .text.zvei_init
                0x00005e84       0x20 /Users/manuel/Work/android/PacketDroid/obj/local/armeabi/objs-debug/multimon/demod_zvei.o
 *fill*         0x00005ea4        0x4 00000000
 .text.find_max_idx
                0x00005ea8       0xf0 /Users/manuel/Work/android/PacketDroid/obj/local/armeabi/objs-debug/multimon/demod_zvei.o
 .text.process_block
                0x00005f98      0x348 /Users/manuel/Work/android/PacketDroid/obj/local/armeabi/objs-debug/multimon/demod_zvei.o
 .text.zvei_demod
                0x000062e0      0x1b0 /Users/manuel/Work/android/PacketDroid/obj/local/armeabi/objs-debug/multimon/demod_zvei.o
 .text          0x00006490        0x0 /Users/manuel/Work/android/PacketDroid/obj/local/armeabi/objs-debug/multimon/costabf.o
 .text          0x00006490        0x0 /Users/manuel/Work/android/PacketDroid/obj/local/armeabi/objs-debug/multimon/costabi.o
 .text          0x00006490        0x0 /Users/manuel/Work/android/PacketDroid/obj/local/armeabi/objs-debug/multimon/multimon.o
 .text.mkfifo   0x00006490       0x40 /Users/manuel/Work/android/PacketDroid/obj/local/armeabi/objs-debug/multimon/multimon.o
 .text.verbprintf
                0x000064d0        0xc /Users/manuel/Work/android/PacketDroid/obj/local/armeabi/objs-debug/multimon/multimon.o
                0x000064d0                verbprintf
 .text.process_buffer
                0x000064dc       0x34 /Users/manuel/Work/android/PacketDroid/obj/local/armeabi/objs-debug/multimon/multimon.o
 .text.JNI_OnLoad
                0x00006510       0x30 /Users/manuel/Work/android/PacketDroid/obj/local/armeabi/objs-debug/multimon/multimon.o
                0x00006510                JNI_OnLoad
 .text.Java_com_jazzido_PacketDroid_AudioBufferProcessor_init
                0x00006540      0x1b8 /Users/manuel/Work/android/PacketDroid/obj/local/armeabi/objs-debug/multimon/multimon.o
                0x00006540                Java_com_jazzido_PacketDroid_AudioBufferProcessor_init
 .text.Java_com_jazzido_PacketDroid_AudioBufferProcessor_processBuffer2
                0x000066f8      0x1a8 /Users/manuel/Work/android/PacketDroid/obj/local/armeabi/objs-debug/multimon/multimon.o
                0x000066f8                Java_com_jazzido_PacketDroid_AudioBufferProcessor_processBuffer2
 .text.Java_com_jazzido_PacketDroid_AudioBufferProcessor_processBuffer
                0x000068a0       0x6c /Users/manuel/Work/android/PacketDroid/obj/local/armeabi/objs-debug/multimon/multimon.o
                0x000068a0                Java_com_jazzido_PacketDroid_AudioBufferProcessor_processBuffer
 .text          0x0000690c      0x3b8 /opt/android-ndk-r6b/toolchains/arm-linux-androideabi-4.4.3/prebuilt/darwin-x86/bin/../lib/gcc/arm-linux-androideabi/4.4.3/libgcc.a(_arm_addsubdf3.o)
                0x00006c64                __floatdidf
                0x00006be8                __floatsidf
                0x00006bc4                __aeabi_ui2d
                0x0000690c                __aeabi_drsub
                0x00006c10                __extendsfdf2
                0x00006918                __adddf3
                0x00006bc4                __floatunsidf
                0x00006918                __aeabi_dadd
                0x00006c50                __aeabi_ul2d
                0x00006914                __aeabi_dsub
                0x00006c50                __floatundidf
                0x00006be8                __aeabi_i2d
                0x00006c64                __aeabi_l2d
                0x00006c10                __aeabi_f2d
                0x00006914                __subdf3
 .text          0x00006cc4      0x470 /opt/android-ndk-r6b/toolchains/arm-linux-androideabi-4.4.3/prebuilt/darwin-x86/bin/../lib/gcc/arm-linux-androideabi/4.4.3/libgcc.a(_arm_muldivdf3.o)
                0x00006f30                __aeabi_ddiv
                0x00006cc4                __aeabi_dmul
                0x00006f30                __divdf3
                0x00006cc4                __muldf3
 .text          0x00007134      0x12c /opt/android-ndk-r6b/toolchains/arm-linux-androideabi-4.4.3/prebuilt/darwin-x86/bin/../lib/gcc/arm-linux-androideabi/4.4.3/libgcc.a(_arm_cmpdf2.o)
                0x00007224                __aeabi_dcmple
                0x00007144                __cmpdf2
                0x00007144                __eqdf2
                0x00007134                __gtdf2
                0x000071e8                __aeabi_cdcmple
                0x000071cc                __aeabi_cdrcmple
                0x0000713c                __ltdf2
                0x00007210                __aeabi_dcmplt
                0x0000713c                __ledf2
                0x0000724c                __aeabi_dcmpgt
                0x00007238                __aeabi_dcmpge
                0x00007144                __nedf2
                0x000071fc                __aeabi_dcmpeq
                0x000071e8                __aeabi_cdcmpeq
                0x00007134                __gedf2
 .text          0x00007260       0xa0 /opt/android-ndk-r6b/toolchains/arm-linux-androideabi-4.4.3/prebuilt/darwin-x86/bin/../lib/gcc/arm-linux-androideabi/4.4.3/libgcc.a(_arm_truncdfsf2.o)
                0x00007260                __aeabi_d2f
                0x00007260                __truncdfsf2
 .text          0x00007300      0x250 /opt/android-ndk-r6b/toolchains/arm-linux-androideabi-4.4.3/prebuilt/darwin-x86/bin/../lib/gcc/arm-linux-androideabi/4.4.3/libgcc.a(_arm_addsubsf3.o)
                0x0000730c                __aeabi_fadd
                0x00007308                __subsf3
                0x000074a4                __aeabi_i2f
                0x00007308                __aeabi_fsub
                0x000074d4                __floatdisf
                0x000074a4                __floatsisf
                0x000074c4                __floatundisf
                0x0000749c                __aeabi_ui2f
                0x000074d4                __aeabi_l2f
                0x000074c4                __aeabi_ul2f
                0x00007300                __aeabi_frsub
                0x0000749c                __floatunsisf
                0x0000730c                __addsf3
 .text          0x00007550      0x2f8 /opt/android-ndk-r6b/toolchains/arm-linux-androideabi-4.4.3/prebuilt/darwin-x86/bin/../lib/gcc/arm-linux-androideabi/4.4.3/libgcc.a(_arm_muldivsf3.o)
                0x000076e8                __divsf3
                0x000076e8                __aeabi_fdiv
                0x00007550                __mulsf3
                0x00007550                __aeabi_fmul
 .text          0x00007848       0xfc /opt/android-ndk-r6b/toolchains/arm-linux-androideabi-4.4.3/prebuilt/darwin-x86/bin/../lib/gcc/arm-linux-androideabi/4.4.3/libgcc.a(_arm_cmpsf2.o)
                0x00007930                __aeabi_fcmpgt
                0x00007850                __lesf2
                0x00007858                __nesf2
                0x0000791c                __aeabi_fcmpge
                0x00007848                __gtsf2
                0x00007908                __aeabi_fcmple
                0x00007858                __eqsf2
                0x00007858                __cmpsf2
                0x00007850                __ltsf2
                0x000078cc                __aeabi_cfcmple
                0x00007848                __gesf2
                0x000078e0                __aeabi_fcmpeq
                0x000078bc                __aeabi_cfrcmple
                0x000078f4                __aeabi_fcmplt
                0x000078cc                __aeabi_cfcmpeq
 .text          0x00007944      0xec4 /opt/android-ndk-r6b/toolchains/arm-linux-androideabi-4.4.3/prebuilt/darwin-x86/bin/../lib/gcc/arm-linux-androideabi/4.4.3/libgcc.a(unwind-arm.o)
                0x0000836c                __gnu_Unwind_RaiseException
                0x00007ec4                __aeabi_unwind_cpp_pr0
                0x000079f4                _Unwind_GetCFA
                0x00007990                _Unwind_VRS_Set
                0x00008108                __gnu_Unwind_Backtrace
                0x0000849c                _Unwind_VRS_Pop
                0x00007eb4                __aeabi_unwind_cpp_pr2
                0x00007a00                _Unwind_DeleteException
                0x000079fc                _Unwind_Complete
                0x00008430                __gnu_Unwind_Resume
                0x000082f8                __gnu_Unwind_ForcedUnwind
                0x00008410                __gnu_Unwind_Resume_or_Rethrow
                0x00007944                _Unwind_VRS_Get
                0x00007ebc                __aeabi_unwind_cpp_pr1
 .text          0x00008808      0x1a8 /opt/android-ndk-r6b/toolchains/arm-linux-androideabi-4.4.3/prebuilt/darwin-x86/bin/../lib/gcc/arm-linux-androideabi/4.4.3/libgcc.a(libunwind.o)
                0x00008968                ___Unwind_ForcedUnwind
                0x00008824                __gnu_Unwind_Save_VFP
                0x00008944                _Unwind_Resume_or_Rethrow
                0x00008944                ___Unwind_Resume_or_Rethrow
                0x0000898c                _Unwind_Backtrace
                0x00008808                __restore_core_regs
                0x00008844                __gnu_Unwind_Save_VFP_D_16_to_31
                0x00008834                __gnu_Unwind_Save_VFP_D
                0x0000898c                ___Unwind_Backtrace
                0x000088fc                ___Unwind_RaiseException
                0x00008920                ___Unwind_Resume
                0x0000884c                __gnu_Unwind_Restore_WMMXD
                0x0000881c                __gnu_Unwind_Restore_VFP
                0x00008920                _Unwind_Resume
                0x0000882c                __gnu_Unwind_Restore_VFP_D
                0x0000883c                __gnu_Unwind_Restore_VFP_D_16_to_31
                0x000088fc                _Unwind_RaiseException
                0x00008808                restore_core_regs
                0x000088e8                __gnu_Unwind_Save_WMMXC
                0x000088d4                __gnu_Unwind_Restore_WMMXC
                0x00008968                _Unwind_ForcedUnwind
                0x00008890                __gnu_Unwind_Save_WMMXD
 .text          0x000089b0      0x484 /opt/android-ndk-r6b/toolchains/arm-linux-androideabi-4.4.3/prebuilt/darwin-x86/bin/../lib/gcc/arm-linux-androideabi/4.4.3/libgcc.a(pr-support.o)
                0x00008a50                _Unwind_GetRegionStart
                0x00008a7c                __gnu_unwind_execute
                0x00008a08                _Unwind_GetTextRelBase
                0x00008a18                _Unwind_GetLanguageSpecificData
                0x00008df4                __gnu_unwind_frame
                0x00008a10                _Unwind_GetDataRelBase
 .text          0x00008e34        0x0 /opt/android-ndk-r6b/platforms/android-8/arch-arm/usr/lib/crtend_so.o
 *(.gnu.warning)
 *(.glue_7t)
 .glue_7t       0x00000000        0x0 linker stubs
 *(.glue_7)
 .glue_7        0x00000000        0x0 linker stubs
 *(.vfp11_veneer)
 .vfp11_veneer  0x00000000        0x0 linker stubs
 *(.v4_bx)
 .v4_bx         0x00000000        0x0 linker stubs

.fini
 *(.fini)
                0x00008e34                PROVIDE (__etext, .)
                0x00008e34                PROVIDE (_etext, .)
                0x00008e34                PROVIDE (etext, .)

.rodata         0x00008e34      0xa28
 *(.rodata .rodata.* .gnu.linkonce.r.*)
 .rodata        0x00008e34      0x32c /Users/manuel/Work/android/PacketDroid/obj/local/armeabi/objs-debug/multimon/hdlc.o
 .rodata        0x00009160      0x2e8 /Users/manuel/Work/android/PacketDroid/obj/local/armeabi/objs-debug/multimon/pocsag.o
 .rodata        0x00009448       0x18 /Users/manuel/Work/android/PacketDroid/obj/local/armeabi/objs-debug/multimon/demod_afsk12.o
 .rodata        0x00009460       0x18 /Users/manuel/Work/android/PacketDroid/obj/local/armeabi/objs-debug/multimon/demod_afsk24.o
 .rodata        0x00009478       0x18 /Users/manuel/Work/android/PacketDroid/obj/local/armeabi/objs-debug/multimon/demod_afsk24_2.o
 .rodata        0x00009490       0x94 /Users/manuel/Work/android/PacketDroid/obj/local/armeabi/objs-debug/multimon/demod_dtmf.o
 .rodata        0x00009524      0x134 /Users/manuel/Work/android/PacketDroid/obj/local/armeabi/objs-debug/multimon/demod_fsk96.o
 .rodata        0x00009658       0x18 /Users/manuel/Work/android/PacketDroid/obj/local/armeabi/objs-debug/multimon/demod_hapn48.o
 .rodata        0x00009670       0x10 /Users/manuel/Work/android/PacketDroid/obj/local/armeabi/objs-debug/multimon/demod_poc12.o
 .rodata        0x00009680       0x10 /Users/manuel/Work/android/PacketDroid/obj/local/armeabi/objs-debug/multimon/demod_poc24.o
 .rodata        0x00009690       0x10 /Users/manuel/Work/android/PacketDroid/obj/local/armeabi/objs-debug/multimon/demod_poc5.o
 .rodata        0x000096a0      0x10c /Users/manuel/Work/android/PacketDroid/obj/local/armeabi/objs-debug/multimon/demod_zvei.o
 .rodata        0x000097ac       0xb0 /Users/manuel/Work/android/PacketDroid/obj/local/armeabi/objs-debug/multimon/multimon.o

.rodata1
 *(.rodata1)

.ARM.extab      0x0000985c       0x24
 *(.ARM.extab* .gnu.linkonce.armextab.*)
 .ARM.extab.text.check_crc_ccitt
                0x0000985c        0x0 /Users/manuel/Work/android/PacketDroid/obj/local/armeabi/objs-debug/multimon/hdlc.o
 .ARM.extab.text.ax25_disp_packet
                0x0000985c        0x0 /Users/manuel/Work/android/PacketDroid/obj/local/armeabi/objs-debug/multimon/hdlc.o
 .ARM.extab.text.hdlc_init
                0x0000985c        0x0 /Users/manuel/Work/android/PacketDroid/obj/local/armeabi/objs-debug/multimon/hdlc.o
 .ARM.extab.text.hdlc_rxbit
                0x0000985c        0x0 /Users/manuel/Work/android/PacketDroid/obj/local/armeabi/objs-debug/multimon/hdlc.o
 .ARM.extab.text.even_parity
                0x0000985c        0x0 /Users/manuel/Work/android/PacketDroid/obj/local/armeabi/objs-debug/multimon/pocsag.o
 .ARM.extab.text.pocsag_code
                0x0000985c        0x0 /Users/manuel/Work/android/PacketDroid/obj/local/armeabi/objs-debug/multimon/pocsag.o
 .ARM.extab.text.pocsag_syndrome
                0x0000985c        0x0 /Users/manuel/Work/android/PacketDroid/obj/local/armeabi/objs-debug/multimon/pocsag.o
 .ARM.extab.text.print_msg_numeric
                0x0000985c        0x0 /Users/manuel/Work/android/PacketDroid/obj/local/armeabi/objs-debug/multimon/pocsag.o
 .ARM.extab.text.translate_alpha
                0x0000985c        0x0 /Users/manuel/Work/android/PacketDroid/obj/local/armeabi/objs-debug/multimon/pocsag.o
 .ARM.extab.text.print_msg_alpha
                0x0000985c        0x0 /Users/manuel/Work/android/PacketDroid/obj/local/armeabi/objs-debug/multimon/pocsag.o
 .ARM.extab.text.print_msg_skyper
                0x0000985c        0x0 /Users/manuel/Work/android/PacketDroid/obj/local/armeabi/objs-debug/multimon/pocsag.o
 .ARM.extab.text.pocsag_printmessage
                0x0000985c        0x0 /Users/manuel/Work/android/PacketDroid/obj/local/armeabi/objs-debug/multimon/pocsag.o
 .ARM.extab.text.pocsag_init
                0x0000985c        0x0 /Users/manuel/Work/android/PacketDroid/obj/local/armeabi/objs-debug/multimon/pocsag.o
 .ARM.extab.text.do_one_bit
                0x0000985c        0x0 /Users/manuel/Work/android/PacketDroid/obj/local/armeabi/objs-debug/multimon/pocsag.o
 .ARM.extab.text.pocsag_rxbit
                0x0000985c        0x0 /Users/manuel/Work/android/PacketDroid/obj/local/armeabi/objs-debug/multimon/pocsag.o
 .ARM.extab.text.mac
                0x0000985c        0x0 /Users/manuel/Work/android/PacketDroid/obj/local/armeabi/objs-debug/multimon/demod_afsk12.o
 .ARM.extab.text.fsqr
                0x0000985c        0x0 /Users/manuel/Work/android/PacketDroid/obj/local/armeabi/objs-debug/multimon/demod_afsk12.o
 .ARM.extab.text.afsk12_init
                0x0000985c        0x0 /Users/manuel/Work/android/PacketDroid/obj/local/armeabi/objs-debug/multimon/demod_afsk12.o
 .ARM.extab.text.afsk12_demod
                0x0000985c        0x0 /Users/manuel/Work/android/PacketDroid/obj/local/armeabi/objs-debug/multimon/demod_afsk12.o
 .ARM.extab.text.mac
                0x0000985c        0x0 /Users/manuel/Work/android/PacketDroid/obj/local/armeabi/objs-debug/multimon/demod_afsk24.o
 .ARM.extab.text.fsqr
                0x0000985c        0x0 /Users/manuel/Work/android/PacketDroid/obj/local/armeabi/objs-debug/multimon/demod_afsk24.o
 .ARM.extab.text.afsk24_init
                0x0000985c        0x0 /Users/manuel/Work/android/PacketDroid/obj/local/armeabi/objs-debug/multimon/demod_afsk24.o
 .ARM.extab.text.afsk24_demod
                0x0000985c        0x0 /Users/manuel/Work/android/PacketDroid/obj/local/armeabi/objs-debug/multimon/demod_afsk24.o
 .ARM.extab.text.mac
                0x0000985c        0x0 /Users/manuel/Work/android/PacketDroid/obj/local/armeabi/objs-debug/multimon/demod_afsk24_2.o
 .ARM.extab.text.fsqr
                0x0000985c        0x0 /Users/manuel/Work/android/PacketDroid/obj/local/armeabi/objs-debug/multimon/demod_afsk24_2.o
 .ARM.extab.text.afsk24_2_init
                0x0000985c        0x0 /Users/manuel/Work/android/PacketDroid/obj/local/armeabi/objs-debug/multimon/demod_afsk24_2.o
 .ARM.extab.text.afsk24_2_demod
                0x0000985c        0x0 /Users/manuel/Work/android/PacketDroid/obj/local/armeabi/objs-debug/multimon/demod_afsk24_2.o
 .ARM.extab.text.mac
                0x0000985c        0x0 /Users/manuel/Work/android/PacketDroid/obj/local/armeabi/objs-debug/multimon/demod_dtmf.o
 .ARM.extab.text.fsqr
                0x0000985c        0x0 /Users/manuel/Work/android/PacketDroid/obj/local/armeabi/objs-debug/multimon/demod_dtmf.o
 .ARM.extab.text.dtmf_init
                0x0000985c        0x0 /Users/manuel/Work/android/PacketDroid/obj/local/armeabi/objs-debug/multimon/demod_dtmf.o
 .ARM.extab.text.find_max_idx
                0x0000985c        0x0 /Users/manuel/Work/android/PacketDroid/obj/local/armeabi/objs-debug/multimon/demod_dtmf.o
 .ARM.extab.text.process_block
                0x0000985c        0x0 /Users/manuel/Work/android/PacketDroid/obj/local/armeabi/objs-debug/multimon/demod_dtmf.o
 .ARM.extab.text.dtmf_demod
                0x0000985c        0x0 /Users/manuel/Work/android/PacketDroid/obj/local/armeabi/objs-debug/multimon/demod_dtmf.o
 .ARM.extab.text.mac
                0x0000985c        0x0 /Users/manuel/Work/android/PacketDroid/obj/local/armeabi/objs-debug/multimon/demod_fsk96.o
 .ARM.extab.text.fsqr
                0x0000985c        0x0 /Users/manuel/Work/android/PacketDroid/obj/local/armeabi/objs-debug/multimon/demod_fsk96.o
 .ARM.extab.text.fsk96_init
                0x0000985c        0x0 /Users/manuel/Work/android/PacketDroid/obj/local/armeabi/objs-debug/multimon/demod_fsk96.o
 .ARM.extab.text.fsk96_demod
                0x0000985c        0x0 /Users/manuel/Work/android/PacketDroid/obj/local/armeabi/objs-debug/multimon/demod_fsk96.o
 .ARM.extab.text.mac
                0x0000985c        0x0 /Users/manuel/Work/android/PacketDroid/obj/local/armeabi/objs-debug/multimon/demod_hapn48.o
 .ARM.extab.text.fsqr
                0x0000985c        0x0 /Users/manuel/Work/android/PacketDroid/obj/local/armeabi/objs-debug/multimon/demod_hapn48.o
 .ARM.extab.text.hapn48_init
                0x0000985c        0x0 /Users/manuel/Work/android/PacketDroid/obj/local/armeabi/objs-debug/multimon/demod_hapn48.o
 .ARM.extab.text.hapn48_demod
                0x0000985c        0x0 /Users/manuel/Work/android/PacketDroid/obj/local/armeabi/objs-debug/multimon/demod_hapn48.o
 .ARM.extab.text.mac
                0x0000985c        0x0 /Users/manuel/Work/android/PacketDroid/obj/local/armeabi/objs-debug/multimon/demod_poc12.o
 .ARM.extab.text.fsqr
                0x0000985c        0x0 /Users/manuel/Work/android/PacketDroid/obj/local/armeabi/objs-debug/multimon/demod_poc12.o
 .ARM.extab.text.poc12_init
                0x0000985c        0x0 /Users/manuel/Work/android/PacketDroid/obj/local/armeabi/objs-debug/multimon/demod_poc12.o
 .ARM.extab.text.poc12_demod
                0x0000985c        0x0 /Users/manuel/Work/android/PacketDroid/obj/local/armeabi/objs-debug/multimon/demod_poc12.o
 .ARM.extab.text.mac
                0x0000985c        0x0 /Users/manuel/Work/android/PacketDroid/obj/local/armeabi/objs-debug/multimon/demod_poc24.o
 .ARM.extab.text.fsqr
                0x0000985c        0x0 /Users/manuel/Work/android/PacketDroid/obj/local/armeabi/objs-debug/multimon/demod_poc24.o
 .ARM.extab.text.poc24_init
                0x0000985c        0x0 /Users/manuel/Work/android/PacketDroid/obj/local/armeabi/objs-debug/multimon/demod_poc24.o
 .ARM.extab.text.poc24_demod
                0x0000985c        0x0 /Users/manuel/Work/android/PacketDroid/obj/local/armeabi/objs-debug/multimon/demod_poc24.o
 .ARM.extab.text.mac
                0x0000985c        0x0 /Users/manuel/Work/android/PacketDroid/obj/local/armeabi/objs-debug/multimon/demod_poc5.o
 .ARM.extab.text.fsqr
                0x0000985c        0x0 /Users/manuel/Work/android/PacketDroid/obj/local/armeabi/objs-debug/multimon/demod_poc5.o
 .ARM.extab.text.poc5_init
                0x0000985c        0x0 /Users/manuel/Work/android/PacketDroid/obj/local/armeabi/objs-debug/multimon/demod_poc5.o
 .ARM.extab.text.poc5_demod
                0x0000985c        0x0 /Users/manuel/Work/android/PacketDroid/obj/local/armeabi/objs-debug/multimon/demod_poc5.o
 .ARM.extab.text.mac
                0x0000985c        0x0 /Users/manuel/Work/android/PacketDroid/obj/local/armeabi/objs-debug/multimon/demod_zvei.o
 .ARM.extab.text.fsqr
                0x0000985c        0x0 /Users/manuel/Work/android/PacketDroid/obj/local/armeabi/objs-debug/multimon/demod_zvei.o
 .ARM.extab.text.zvei_init
                0x0000985c        0x0 /Users/manuel/Work/android/PacketDroid/obj/local/armeabi/objs-debug/multimon/demod_zvei.o
 .ARM.extab.text.find_max_idx
                0x0000985c        0x0 /Users/manuel/Work/android/PacketDroid/obj/local/armeabi/objs-debug/multimon/demod_zvei.o
 .ARM.extab.text.process_block
                0x0000985c        0x0 /Users/manuel/Work/android/PacketDroid/obj/local/armeabi/objs-debug/multimon/demod_zvei.o
 .ARM.extab.text.zvei_demod
                0x0000985c        0x0 /Users/manuel/Work/android/PacketDroid/obj/local/armeabi/objs-debug/multimon/demod_zvei.o
 .ARM.extab.text.mkfifo
                0x0000985c        0x0 /Users/manuel/Work/android/PacketDroid/obj/local/armeabi/objs-debug/multimon/multimon.o
 .ARM.extab.text.verbprintf
                0x0000985c        0x0 /Users/manuel/Work/android/PacketDroid/obj/local/armeabi/objs-debug/multimon/multimon.o
 .ARM.extab.text.process_buffer
                0x0000985c        0x0 /Users/manuel/Work/android/PacketDroid/obj/local/armeabi/objs-debug/multimon/multimon.o
 .ARM.extab.text.JNI_OnLoad
                0x0000985c        0x0 /Users/manuel/Work/android/PacketDroid/obj/local/armeabi/objs-debug/multimon/multimon.o
 .ARM.extab.text.Java_com_jazzido_PacketDroid_AudioBufferProcessor_init
                0x0000985c        0x0 /Users/manuel/Work/android/PacketDroid/obj/local/armeabi/objs-debug/multimon/multimon.o
 .ARM.extab.text.Java_com_jazzido_PacketDroid_AudioBufferProcessor_processBuffer2
                0x0000985c        0x0 /Users/manuel/Work/android/PacketDroid/obj/local/armeabi/objs-debug/multimon/multimon.o
 .ARM.extab.text.Java_com_jazzido_PacketDroid_AudioBufferProcessor_processBuffer
                0x0000985c        0x0 /Users/manuel/Work/android/PacketDroid/obj/local/armeabi/objs-debug/multimon/multimon.o
 .ARM.extab     0x0000985c       0x24 /opt/android-ndk-r6b/toolchains/arm-linux-androideabi-4.4.3/prebuilt/darwin-x86/bin/../lib/gcc/arm-linux-androideabi/4.4.3/libgcc.a(unwind-arm.o)
 .ARM.extab     0x00009880        0x0 /opt/android-ndk-r6b/toolchains/arm-linux-androideabi-4.4.3/prebuilt/darwin-x86/bin/../lib/gcc/arm-linux-androideabi/4.4.3/libgcc.a(pr-support.o)
                0x00009880                __exidx_start = .

.ARM.exidx      0x00009880      0x2e8
 *(.ARM.exidx* .gnu.linkonce.armexidx.*)
 .ARM.exidx.text.check_crc_ccitt
                0x00009880        0x8 /Users/manuel/Work/android/PacketDroid/obj/local/armeabi/objs-debug/multimon/hdlc.o
 .ARM.exidx.text.ax25_disp_packet
                0x00009888        0x8 /Users/manuel/Work/android/PacketDroid/obj/local/armeabi/objs-debug/multimon/hdlc.o
 .ARM.exidx.text.hdlc_init
                0x00009890        0x8 /Users/manuel/Work/android/PacketDroid/obj/local/armeabi/objs-debug/multimon/hdlc.o
 .ARM.exidx.text.hdlc_rxbit
                0x00009898        0x8 /Users/manuel/Work/android/PacketDroid/obj/local/armeabi/objs-debug/multimon/hdlc.o
 .ARM.exidx.text.even_parity
                0x000098a0        0x8 /Users/manuel/Work/android/PacketDroid/obj/local/armeabi/objs-debug/multimon/pocsag.o
 .ARM.exidx.text.pocsag_code
                0x000098a8        0x8 /Users/manuel/Work/android/PacketDroid/obj/local/armeabi/objs-debug/multimon/pocsag.o
 .ARM.exidx.text.pocsag_syndrome
                0x000098b0        0x8 /Users/manuel/Work/android/PacketDroid/obj/local/armeabi/objs-debug/multimon/pocsag.o
 .ARM.exidx.text.print_msg_numeric
                0x000098b8        0x8 /Users/manuel/Work/android/PacketDroid/obj/local/armeabi/objs-debug/multimon/pocsag.o
 .ARM.exidx.text.translate_alpha
                0x000098c0        0x8 /Users/manuel/Work/android/PacketDroid/obj/local/armeabi/objs-debug/multimon/pocsag.o
 .ARM.exidx.text.print_msg_alpha
                0x000098c8        0x8 /Users/manuel/Work/android/PacketDroid/obj/local/armeabi/objs-debug/multimon/pocsag.o
 .ARM.exidx.text.print_msg_skyper
                0x000098d0        0x8 /Users/manuel/Work/android/PacketDroid/obj/local/armeabi/objs-debug/multimon/pocsag.o
 .ARM.exidx.text.pocsag_printmessage
                0x000098d8        0x8 /Users/manuel/Work/android/PacketDroid/obj/local/armeabi/objs-debug/multimon/pocsag.o
 .ARM.exidx.text.pocsag_init
                0x000098e0        0x8 /Users/manuel/Work/android/PacketDroid/obj/local/armeabi/objs-debug/multimon/pocsag.o
 .ARM.exidx.text.do_one_bit
                0x000098e8        0x8 /Users/manuel/Work/android/PacketDroid/obj/local/armeabi/objs-debug/multimon/pocsag.o
 .ARM.exidx.text.pocsag_rxbit
                0x000098f0        0x8 /Users/manuel/Work/android/PacketDroid/obj/local/armeabi/objs-debug/multimon/pocsag.o
 .ARM.exidx.text.mac
                0x000098f8        0x8 /Users/manuel/Work/android/PacketDroid/obj/local/armeabi/objs-debug/multimon/demod_afsk12.o
 .ARM.exidx.text.fsqr
                0x00009900        0x8 /Users/manuel/Work/android/PacketDroid/obj/local/armeabi/objs-debug/multimon/demod_afsk12.o
 .ARM.exidx.text.afsk12_init
                0x00009908        0x8 /Users/manuel/Work/android/PacketDroid/obj/local/armeabi/objs-debug/multimon/demod_afsk12.o
 .ARM.exidx.text.afsk12_demod
                0x00009910        0x8 /Users/manuel/Work/android/PacketDroid/obj/local/armeabi/objs-debug/multimon/demod_afsk12.o
 .ARM.exidx.text.mac
                0x00009918        0x8 /Users/manuel/Work/android/PacketDroid/obj/local/armeabi/objs-debug/multimon/demod_afsk24.o
 .ARM.exidx.text.fsqr
                0x00009920        0x8 /Users/manuel/Work/android/PacketDroid/obj/local/armeabi/objs-debug/multimon/demod_afsk24.o
 .ARM.exidx.text.afsk24_init
                0x00009928        0x8 /Users/manuel/Work/android/PacketDroid/obj/local/armeabi/objs-debug/multimon/demod_afsk24.o
 .ARM.exidx.text.afsk24_demod
                0x00009930        0x8 /Users/manuel/Work/android/PacketDroid/obj/local/armeabi/objs-debug/multimon/demod_afsk24.o
 .ARM.exidx.text.mac
                0x00009938        0x8 /Users/manuel/Work/android/PacketDroid/obj/local/armeabi/objs-debug/multimon/demod_afsk24_2.o
 .ARM.exidx.text.fsqr
                0x00009940        0x8 /Users/manuel/Work/android/PacketDroid/obj/local/armeabi/objs-debug/multimon/demod_afsk24_2.o
 .ARM.exidx.text.afsk24_2_init
                0x00009948        0x8 /Users/manuel/Work/android/PacketDroid/obj/local/armeabi/objs-debug/multimon/demod_afsk24_2.o
 .ARM.exidx.text.afsk24_2_demod
                0x00009950        0x8 /Users/manuel/Work/android/PacketDroid/obj/local/armeabi/objs-debug/multimon/demod_afsk24_2.o
 .ARM.exidx.text.mac
                0x00009958        0x8 /Users/manuel/Work/android/PacketDroid/obj/local/armeabi/objs-debug/multimon/demod_dtmf.o
 .ARM.exidx.text.fsqr
                0x00009960        0x8 /Users/manuel/Work/android/PacketDroid/obj/local/armeabi/objs-debug/multimon/demod_dtmf.o
 .ARM.exidx.text.dtmf_init
                0x00009968        0x8 /Users/manuel/Work/android/PacketDroid/obj/local/armeabi/objs-debug/multimon/demod_dtmf.o
 .ARM.exidx.text.find_max_idx
                0x00009970        0x8 /Users/manuel/Work/android/PacketDroid/obj/local/armeabi/objs-debug/multimon/demod_dtmf.o
 .ARM.exidx.text.process_block
                0x00009978        0x8 /Users/manuel/Work/android/PacketDroid/obj/local/armeabi/objs-debug/multimon/demod_dtmf.o
 .ARM.exidx.text.dtmf_demod
                0x00009980        0x8 /Users/manuel/Work/android/PacketDroid/obj/local/armeabi/objs-debug/multimon/demod_dtmf.o
 .ARM.exidx.text.mac
                0x00009988        0x8 /Users/manuel/Work/android/PacketDroid/obj/local/armeabi/objs-debug/multimon/demod_fsk96.o
 .ARM.exidx.text.fsqr
                0x00009990        0x8 /Users/manuel/Work/android/PacketDroid/obj/local/armeabi/objs-debug/multimon/demod_fsk96.o
 .ARM.exidx.text.fsk96_init
                0x00009998        0x8 /Users/manuel/Work/android/PacketDroid/obj/local/armeabi/objs-debug/multimon/demod_fsk96.o
 .ARM.exidx.text.fsk96_demod
                0x000099a0        0x8 /Users/manuel/Work/android/PacketDroid/obj/local/armeabi/objs-debug/multimon/demod_fsk96.o
 .ARM.exidx.text.mac
                0x000099a8        0x8 /Users/manuel/Work/android/PacketDroid/obj/local/armeabi/objs-debug/multimon/demod_hapn48.o
 .ARM.exidx.text.fsqr
                0x000099b0        0x8 /Users/manuel/Work/android/PacketDroid/obj/local/armeabi/objs-debug/multimon/demod_hapn48.o
 .ARM.exidx.text.hapn48_init
                0x000099b8        0x8 /Users/manuel/Work/android/PacketDroid/obj/local/armeabi/objs-debug/multimon/demod_hapn48.o
 .ARM.exidx.text.hapn48_demod
                0x000099c0        0x8 /Users/manuel/Work/android/PacketDroid/obj/local/armeabi/objs-debug/multimon/demod_hapn48.o
 .ARM.exidx.text.mac
                0x000099c8        0x8 /Users/manuel/Work/android/PacketDroid/obj/local/armeabi/objs-debug/multimon/demod_poc12.o
 .ARM.exidx.text.fsqr
                0x000099d0        0x8 /Users/manuel/Work/android/PacketDroid/obj/local/armeabi/objs-debug/multimon/demod_poc12.o
 .ARM.exidx.text.poc12_init
                0x000099d8        0x8 /Users/manuel/Work/android/PacketDroid/obj/local/armeabi/objs-debug/multimon/demod_poc12.o
 .ARM.exidx.text.poc12_demod
                0x000099e0        0x8 /Users/manuel/Work/android/PacketDroid/obj/local/armeabi/objs-debug/multimon/demod_poc12.o
 .ARM.exidx.text.mac
                0x000099e8        0x8 /Users/manuel/Work/android/PacketDroid/obj/local/armeabi/objs-debug/multimon/demod_poc24.o
 .ARM.exidx.text.fsqr
                0x000099f0        0x8 /Users/manuel/Work/android/PacketDroid/obj/local/armeabi/objs-debug/multimon/demod_poc24.o
 .ARM.exidx.text.poc24_init
                0x000099f8        0x8 /Users/manuel/Work/android/PacketDroid/obj/local/armeabi/objs-debug/multimon/demod_poc24.o
 .ARM.exidx.text.poc24_demod
                0x00009a00        0x8 /Users/manuel/Work/android/PacketDroid/obj/local/armeabi/objs-debug/multimon/demod_poc24.o
 .ARM.exidx.text.mac
                0x00009a08        0x8 /Users/manuel/Work/android/PacketDroid/obj/local/armeabi/objs-debug/multimon/demod_poc5.o
 .ARM.exidx.text.fsqr
                0x00009a10        0x8 /Users/manuel/Work/android/PacketDroid/obj/local/armeabi/objs-debug/multimon/demod_poc5.o
 .ARM.exidx.text.poc5_init
                0x00009a18        0x8 /Users/manuel/Work/android/PacketDroid/obj/local/armeabi/objs-debug/multimon/demod_poc5.o
 .ARM.exidx.text.poc5_demod
                0x00009a20        0x8 /Users/manuel/Work/android/PacketDroid/obj/local/armeabi/objs-debug/multimon/demod_poc5.o
 .ARM.exidx.text.mac
                0x00009a28        0x8 /Users/manuel/Work/android/PacketDroid/obj/local/armeabi/objs-debug/multimon/demod_zvei.o
 .ARM.exidx.text.fsqr
                0x00009a30        0x8 /Users/manuel/Work/android/PacketDroid/obj/local/armeabi/objs-debug/multimon/demod_zvei.o
 .ARM.exidx.text.zvei_init
                0x00009a38        0x8 /Users/manuel/Work/android/PacketDroid/obj/local/armeabi/objs-debug/multimon/demod_zvei.o
 .ARM.exidx.text.find_max_idx
                0x00009a40        0x8 /Users/manuel/Work/android/PacketDroid/obj/local/armeabi/objs-debug/multimon/demod_zvei.o
 .ARM.exidx.text.process_block
                0x00009a48        0x8 /Users/manuel/Work/android/PacketDroid/obj/local/armeabi/objs-debug/multimon/demod_zvei.o
 .ARM.exidx.text.zvei_demod
                0x00009a50        0x8 /Users/manuel/Work/android/PacketDroid/obj/local/armeabi/objs-debug/multimon/demod_zvei.o
 .ARM.exidx.text.mkfifo
                0x00009a58        0x8 /Users/manuel/Work/android/PacketDroid/obj/local/armeabi/objs-debug/multimon/multimon.o
 .ARM.exidx.text.verbprintf
                0x00009a60        0x8 /Users/manuel/Work/android/PacketDroid/obj/local/armeabi/objs-debug/multimon/multimon.o
 .ARM.exidx.text.process_buffer
                0x00009a68        0x8 /Users/manuel/Work/android/PacketDroid/obj/local/armeabi/objs-debug/multimon/multimon.o
 .ARM.exidx.text.JNI_OnLoad
                0x00009a70        0x8 /Users/manuel/Work/android/PacketDroid/obj/local/armeabi/objs-debug/multimon/multimon.o
 .ARM.exidx.text.Java_com_jazzido_PacketDroid_AudioBufferProcessor_init
                0x00009a78        0x8 /Users/manuel/Work/android/PacketDroid/obj/local/armeabi/objs-debug/multimon/multimon.o
 .ARM.exidx.text.Java_com_jazzido_PacketDroid_AudioBufferProcessor_processBuffer2
                0x00009a80        0x8 /Users/manuel/Work/android/PacketDroid/obj/local/armeabi/objs-debug/multimon/multimon.o
 .ARM.exidx.text.Java_com_jazzido_PacketDroid_AudioBufferProcessor_processBuffer
                0x00009a88        0x8 /Users/manuel/Work/android/PacketDroid/obj/local/armeabi/objs-debug/multimon/multimon.o
 .ARM.exidx     0x00009a90       0xa0 /opt/android-ndk-r6b/toolchains/arm-linux-androideabi-4.4.3/prebuilt/darwin-x86/bin/../lib/gcc/arm-linux-androideabi/4.4.3/libgcc.a(unwind-arm.o)
 .ARM.exidx     0x00009b30       0x38 /opt/android-ndk-r6b/toolchains/arm-linux-androideabi-4.4.3/prebuilt/darwin-x86/bin/../lib/gcc/arm-linux-androideabi/4.4.3/libgcc.a(pr-support.o)
                0x00009b68                __exidx_end = .

.eh_frame_hdr
 *(.eh_frame_hdr)

.eh_frame
 *(.eh_frame)

.gcc_except_table
 *(.gcc_except_table .gcc_except_table.*)
                0x00009b68                . = (ALIGN (0x1000) - ((0x1000 - .) & 0xfff))
                0x0000ab68                . = (0x1000 DATA_SEGMENT_ALIGN 0x1000)

.eh_frame
 *(.eh_frame)

.gcc_except_table
 *(.gcc_except_table .gcc_except_table.*)

.tdata
 *(.tdata .tdata.* .gnu.linkonce.td.*)

.tbss
 *(.tbss .tbss.* .gnu.linkonce.tb.*)
 *(.tcommon)

.preinit_array
 *(.preinit_array)

.init_array     0x0000ab68        0x8
 *(SORT(.init_array.*))
 *(.init_array)
 .init_array    0x0000ab68        0x4 /opt/android-ndk-r6b/platforms/android-8/arch-arm/usr/lib/crtbegin_so.o
                0x0000ab68                __INIT_ARRAY__
 .init_array    0x0000ab6c        0x4 /opt/android-ndk-r6b/platforms/android-8/arch-arm/usr/lib/crtend_so.o

.fini_array     0x0000ab70        0xc
 *(.fini_array)
 .fini_array    0x0000ab70        0x8 /opt/android-ndk-r6b/platforms/android-8/arch-arm/usr/lib/crtbegin_so.o
                0x0000ab70                __FINI_ARRAY__
 .fini_array    0x0000ab78        0x4 /opt/android-ndk-r6b/platforms/android-8/arch-arm/usr/lib/crtend_so.o
 *(SORT(.fini_array.*))

.ctors
 *crtbegin.o(.ctors)
 *crtbegin?.o(.ctors)
 *(EXCLUDE_FILE(*crtend?.o *crtend.o) .ctors)
 *(SORT(.ctors.*))
 *(.ctors)

.dtors
 *crtbegin.o(.dtors)
 *crtbegin?.o(.dtors)
 *(EXCLUDE_FILE(*crtend?.o *crtend.o) .dtors)
 *(SORT(.dtors.*))
 *(.dtors)

.jcr
 *(.jcr)

.data.rel.ro    0x0000ab7c      0x200
 *(.data.rel.ro.local* .gnu.linkonce.d.rel.ro.local.*)
 .data.rel.ro.local
                0x0000ab7c      0x138 /Users/manuel/Work/android/PacketDroid/obj/local/armeabi/objs-debug/multimon/pocsag.o
 .data.rel.ro.local
                0x0000acb4       0x14 /Users/manuel/Work/android/PacketDroid/obj/local/armeabi/objs-debug/multimon/demod_afsk12.o
                0x0000acb4                demod_afsk1200
 .data.rel.ro.local
                0x0000acc8       0x14 /Users/manuel/Work/android/PacketDroid/obj/local/armeabi/objs-debug/multimon/demod_afsk24.o
                0x0000acc8                demod_afsk2400
 .data.rel.ro.local
                0x0000acdc       0x14 /Users/manuel/Work/android/PacketDroid/obj/local/armeabi/objs-debug/multimon/demod_afsk24_2.o
                0x0000acdc                demod_afsk2400_2
 .data.rel.ro.local
                0x0000acf0       0x14 /Users/manuel/Work/android/PacketDroid/obj/local/armeabi/objs-debug/multimon/demod_dtmf.o
                0x0000acf0                demod_dtmf
 .data.rel.ro.local
                0x0000ad04       0x14 /Users/manuel/Work/android/PacketDroid/obj/local/armeabi/objs-debug/multimon/demod_fsk96.o
                0x0000ad04                demod_fsk9600
 .data.rel.ro.local
                0x0000ad18       0x14 /Users/manuel/Work/android/PacketDroid/obj/local/armeabi/objs-debug/multimon/demod_hapn48.o
                0x0000ad18                demod_hapn4800
 .data.rel.ro.local
                0x0000ad2c       0x14 /Users/manuel/Work/android/PacketDroid/obj/local/armeabi/objs-debug/multimon/demod_poc12.o
                0x0000ad2c                demod_poc12
 .data.rel.ro.local
                0x0000ad40       0x14 /Users/manuel/Work/android/PacketDroid/obj/local/armeabi/objs-debug/multimon/demod_poc24.o
                0x0000ad40                demod_poc24
 .data.rel.ro.local
                0x0000ad54       0x14 /Users/manuel/Work/android/PacketDroid/obj/local/armeabi/objs-debug/multimon/demod_poc5.o
                0x0000ad54                demod_poc5
 .data.rel.ro.local
                0x0000ad68       0x14 /Users/manuel/Work/android/PacketDroid/obj/local/armeabi/objs-debug/multimon/demod_zvei.o
                0x0000ad68                demod_zvei
 *(.data.rel.ro* .gnu.linkonce.d.rel.ro.*)

.dynamic        0x0000ad7c       0xf0
 *(.dynamic)
 .dynamic       0x0000ad7c       0xf0 /opt/android-ndk-r6b/platforms/android-8/arch-arm/usr/lib/crtbegin_so.o
                0x0000ad7c                _DYNAMIC
                0x0000ae6c                . = (. DATA_SEGMENT_RELRO_END 0x0)

.got            0x0000ae6c       0x84
 *(.got.plt)
 .got.plt       0x0000ae6c       0x60 /opt/android-ndk-r6b/platforms/android-8/arch-arm/usr/lib/crtbegin_so.o
                0x0000ae6c                _GLOBAL_OFFSET_TABLE_
 *(.got)
 .got           0x0000aecc       0x24 /opt/android-ndk-r6b/platforms/android-8/arch-arm/usr/lib/crtbegin_so.o

.data           0x0000aef0     0x203c
                0x0000aef0                __data_start = .
 *(.data .data.* .gnu.linkonce.d.*)
 .data          0x0000aef0        0x0 /opt/android-ndk-r6b/platforms/android-8/arch-arm/usr/lib/crtbegin_so.o
 .data          0x0000aef0        0x0 /Users/manuel/Work/android/PacketDroid/obj/local/armeabi/objs-debug/multimon/hdlc.o
 .data          0x0000aef0        0x1 /Users/manuel/Work/android/PacketDroid/obj/local/armeabi/objs-debug/multimon/pocsag.o
 *fill*         0x0000aef1        0x3 00
 .data.rel.local
                0x0000aef4        0x4 /Users/manuel/Work/android/PacketDroid/obj/local/armeabi/objs-debug/multimon/pocsag.o
 .data          0x0000aef8        0x0 /Users/manuel/Work/android/PacketDroid/obj/local/armeabi/objs-debug/multimon/demod_afsk12.o
 .data          0x0000aef8        0x0 /Users/manuel/Work/android/PacketDroid/obj/local/armeabi/objs-debug/multimon/demod_afsk24.o
 .data          0x0000aef8        0x0 /Users/manuel/Work/android/PacketDroid/obj/local/armeabi/objs-debug/multimon/demod_afsk24_2.o
 .data          0x0000aef8        0x0 /Users/manuel/Work/android/PacketDroid/obj/local/armeabi/objs-debug/multimon/demod_dtmf.o
 .data.rel.local
                0x0000aef8        0x4 /Users/manuel/Work/android/PacketDroid/obj/local/armeabi/objs-debug/multimon/demod_dtmf.o
 .data          0x0000aefc        0x0 /Users/manuel/Work/android/PacketDroid/obj/local/armeabi/objs-debug/multimon/demod_fsk96.o
 .data          0x0000aefc        0x0 /Users/manuel/Work/android/PacketDroid/obj/local/armeabi/objs-debug/multimon/demod_hapn48.o
 .data          0x0000aefc        0x0 /Users/manuel/Work/android/PacketDroid/obj/local/armeabi/objs-debug/multimon/demod_poc12.o
 .data          0x0000aefc        0x0 /Users/manuel/Work/android/PacketDroid/obj/local/armeabi/objs-debug/multimon/demod_poc24.o
 .data          0x0000aefc        0x0 /Users/manuel/Work/android/PacketDroid/obj/local/armeabi/objs-debug/multimon/demod_poc5.o
 .data          0x0000aefc        0x0 /Users/manuel/Work/android/PacketDroid/obj/local/armeabi/objs-debug/multimon/demod_zvei.o
 .data          0x0000aefc     0x1000 /Users/manuel/Work/android/PacketDroid/obj/local/armeabi/objs-debug/multimon/costabf.o
                0x0000aefc                costabf
 .data          0x0000befc     0x1000 /Users/manuel/Work/android/PacketDroid/obj/local/armeabi/objs-debug/multimon/costabi.o
                0x0000befc                costabi
 .data          0x0000cefc        0x8 /Users/manuel/Work/android/PacketDroid/obj/local/armeabi/objs-debug/multimon/multimon.o
 .data.rel      0x0000cf04       0x28 /Users/manuel/Work/android/PacketDroid/obj/local/armeabi/objs-debug/multimon/multimon.o
 .data          0x0000cf2c        0x0 /opt/android-ndk-r6b/toolchains/arm-linux-androideabi-4.4.3/prebuilt/darwin-x86/bin/../lib/gcc/arm-linux-androideabi/4.4.3/libgcc.a(_arm_addsubdf3.o)
 .data          0x0000cf2c        0x0 /opt/android-ndk-r6b/toolchains/arm-linux-androideabi-4.4.3/prebuilt/darwin-x86/bin/../lib/gcc/arm-linux-androideabi/4.4.3/libgcc.a(_arm_muldivdf3.o)
 .data          0x0000cf2c        0x0 /opt/android-ndk-r6b/toolchains/arm-linux-androideabi-4.4.3/prebuilt/darwin-x86/bin/../lib/gcc/arm-linux-androideabi/4.4.3/libgcc.a(_arm_cmpdf2.o)
 .data          0x0000cf2c        0x0 /opt/android-ndk-r6b/toolchains/arm-linux-androideabi-4.4.3/prebuilt/darwin-x86/bin/../lib/gcc/arm-linux-androideabi/4.4.3/libgcc.a(_arm_truncdfsf2.o)
 .data          0x0000cf2c        0x0 /opt/android-ndk-r6b/toolchains/arm-linux-androideabi-4.4.3/prebuilt/darwin-x86/bin/../lib/gcc/arm-linux-androideabi/4.4.3/libgcc.a(_arm_addsubsf3.o)
 .data          0x0000cf2c        0x0 /opt/android-ndk-r6b/toolchains/arm-linux-androideabi-4.4.3/prebuilt/darwin-x86/bin/../lib/gcc/arm-linux-androideabi/4.4.3/libgcc.a(_arm_muldivsf3.o)
 .data          0x0000cf2c        0x0 /opt/android-ndk-r6b/toolchains/arm-linux-androideabi-4.4.3/prebuilt/darwin-x86/bin/../lib/gcc/arm-linux-androideabi/4.4.3/libgcc.a(_arm_cmpsf2.o)
 .data          0x0000cf2c        0x0 /opt/android-ndk-r6b/toolchains/arm-linux-androideabi-4.4.3/prebuilt/darwin-x86/bin/../lib/gcc/arm-linux-androideabi/4.4.3/libgcc.a(unwind-arm.o)
 .data          0x0000cf2c        0x0 /opt/android-ndk-r6b/toolchains/arm-linux-androideabi-4.4.3/prebuilt/darwin-x86/bin/../lib/gcc/arm-linux-androideabi/4.4.3/libgcc.a(libunwind.o)
 .data          0x0000cf2c        0x0 /opt/android-ndk-r6b/toolchains/arm-linux-androideabi-4.4.3/prebuilt/darwin-x86/bin/../lib/gcc/arm-linux-androideabi/4.4.3/libgcc.a(pr-support.o)
 .data          0x0000cf2c        0x0 /opt/android-ndk-r6b/platforms/android-8/arch-arm/usr/lib/crtend_so.o

.data1
 *(.data1)
                0x0000cf2c                _edata = .
                0x0000cf2c                PROVIDE (edata, .)
                0x0000cf2c                __bss_start = .
                0x0000cf2c                __bss_start__ = .

.bss            0x0000cf30    0x12f90
 *(.dynbss)
 .dynbss        0x00000000        0x0 /opt/android-ndk-r6b/platforms/android-8/arch-arm/usr/lib/crtbegin_so.o
 *(.bss .bss.* .gnu.linkonce.b.*)
 .bss           0x0000cf30       0x10 /opt/android-ndk-r6b/platforms/android-8/arch-arm/usr/lib/crtbegin_so.o
                0x0000cf30                __dso_handle
 .bss           0x0000cf40        0x4 /Users/manuel/Work/android/PacketDroid/obj/local/armeabi/objs-debug/multimon/hdlc.o
 .bss           0x0000cf44        0x0 /Users/manuel/Work/android/PacketDroid/obj/local/armeabi/objs-debug/multimon/pocsag.o
 .bss           0x0000cf44      0x120 /Users/manuel/Work/android/PacketDroid/obj/local/armeabi/objs-debug/multimon/demod_afsk12.o
 .bss           0x0000d064      0x120 /Users/manuel/Work/android/PacketDroid/obj/local/armeabi/objs-debug/multimon/demod_afsk24.o
 .bss           0x0000d184      0x120 /Users/manuel/Work/android/PacketDroid/obj/local/armeabi/objs-debug/multimon/demod_afsk24_2.o
 .bss           0x0000d2a4        0x0 /Users/manuel/Work/android/PacketDroid/obj/local/armeabi/objs-debug/multimon/demod_dtmf.o
 .bss           0x0000d2a4        0x0 /Users/manuel/Work/android/PacketDroid/obj/local/armeabi/objs-debug/multimon/demod_fsk96.o
 .bss           0x0000d2a4        0x0 /Users/manuel/Work/android/PacketDroid/obj/local/armeabi/objs-debug/multimon/demod_hapn48.o
 .bss           0x0000d2a4        0x0 /Users/manuel/Work/android/PacketDroid/obj/local/armeabi/objs-debug/multimon/demod_poc12.o
 .bss           0x0000d2a4        0x0 /Users/manuel/Work/android/PacketDroid/obj/local/armeabi/objs-debug/multimon/demod_poc24.o
 .bss           0x0000d2a4        0x0 /Users/manuel/Work/android/PacketDroid/obj/local/armeabi/objs-debug/multimon/demod_poc5.o
 .bss           0x0000d2a4        0x0 /Users/manuel/Work/android/PacketDroid/obj/local/armeabi/objs-debug/multimon/demod_zvei.o
 .bss           0x0000d2a4        0x0 /Users/manuel/Work/android/PacketDroid/obj/local/armeabi/objs-debug/multimon/costabf.o
 .bss           0x0000d2a4        0x0 /Users/manuel/Work/android/PacketDroid/obj/local/armeabi/objs-debug/multimon/costabi.o
 .bss           0x0000d2a4    0x12c1c /Users/manuel/Work/android/PacketDroid/obj/local/armeabi/objs-debug/multimon/multimon.o
 .bss           0x0001fec0        0x0 /opt/android-ndk-r6b/toolchains/arm-linux-androideabi-4.4.3/prebuilt/darwin-x86/bin/../lib/gcc/arm-linux-androideabi/4.4.3/libgcc.a(_arm_addsubdf3.o)
 .bss           0x0001fec0        0x0 /opt/android-ndk-r6b/toolchains/arm-linux-androideabi-4.4.3/prebuilt/darwin-x86/bin/../lib/gcc/arm-linux-androideabi/4.4.3/libgcc.a(_arm_muldivdf3.o)
 .bss           0x0001fec0        0x0 /opt/android-ndk-r6b/toolchains/arm-linux-androideabi-4.4.3/prebuilt/darwin-x86/bin/../lib/gcc/arm-linux-androideabi/4.4.3/libgcc.a(_arm_cmpdf2.o)
 .bss           0x0001fec0        0x0 /opt/android-ndk-r6b/toolchains/arm-linux-androideabi-4.4.3/prebuilt/darwin-x86/bin/../lib/gcc/arm-linux-androideabi/4.4.3/libgcc.a(_arm_truncdfsf2.o)
 .bss           0x0001fec0        0x0 /opt/android-ndk-r6b/toolchains/arm-linux-androideabi-4.4.3/prebuilt/darwin-x86/bin/../lib/gcc/arm-linux-androideabi/4.4.3/libgcc.a(_arm_addsubsf3.o)
 .bss           0x0001fec0        0x0 /opt/android-ndk-r6b/toolchains/arm-linux-androideabi-4.4.3/prebuilt/darwin-x86/bin/../lib/gcc/arm-linux-androideabi/4.4.3/libgcc.a(_arm_muldivsf3.o)
 .bss           0x0001fec0        0x0 /opt/android-ndk-r6b/toolchains/arm-linux-androideabi-4.4.3/prebuilt/darwin-x86/bin/../lib/gcc/arm-linux-androideabi/4.4.3/libgcc.a(_arm_cmpsf2.o)
 .bss           0x0001fec0        0x0 /opt/android-ndk-r6b/toolchains/arm-linux-androideabi-4.4.3/prebuilt/darwin-x86/bin/../lib/gcc/arm-linux-androideabi/4.4.3/libgcc.a(unwind-arm.o)
 .bss           0x0001fec0        0x0 /opt/android-ndk-r6b/toolchains/arm-linux-androideabi-4.4.3/prebuilt/darwin-x86/bin/../lib/gcc/arm-linux-androideabi/4.4.3/libgcc.a(libunwind.o)
 .bss           0x0001fec0        0x0 /opt/android-ndk-r6b/toolchains/arm-linux-androideabi-4.4.3/prebuilt/darwin-x86/bin/../lib/gcc/arm-linux-androideabi/4.4.3/libgcc.a(pr-support.o)
 .bss           0x0001fec0        0x0 /opt/android-ndk-r6b/platforms/android-8/arch-arm/usr/lib/crtend_so.o
 *(COMMON)
                0x0001fec0                . = ALIGN ((. != 0x0)?0x4:0x1)
                0x0001fec0                _bss_end__ = .
                0x0001fec0                __bss_end__ = .
                0x0001fec0                . = ALIGN (0x4)
                0x0001fec0                . = ALIGN (0x4)
                0x0001fec0                __end__ = .
                0x0001fec0                _end = .
                0x0001fec0                PROVIDE (end, .)
                0x0001fec0                . = DATA_SEGMENT_END (.)

.stab
 *(.stab)

.stabstr
 *(.stabstr)

.stab.excl
 *(.stab.excl)

.stab.exclstr
 *(.stab.exclstr)

.stab.index
 *(.stab.index)

.stab.indexstr
 *(.stab.indexstr)

.comment        0x00000000      0x132
 *(.comment)
 .comment       0x00000000       0x12 /Users/manuel/Work/android/PacketDroid/obj/local/armeabi/objs-debug/multimon/hdlc.o
 .comment       0x00000012       0x12 /Users/manuel/Work/android/PacketDroid/obj/local/armeabi/objs-debug/multimon/pocsag.o
 .comment       0x00000024       0x12 /Users/manuel/Work/android/PacketDroid/obj/local/armeabi/objs-debug/multimon/demod_afsk12.o
 .comment       0x00000036       0x12 /Users/manuel/Work/android/PacketDroid/obj/local/armeabi/objs-debug/multimon/demod_afsk24.o
 .comment       0x00000048       0x12 /Users/manuel/Work/android/PacketDroid/obj/local/armeabi/objs-debug/multimon/demod_afsk24_2.o
 .comment       0x0000005a       0x12 /Users/manuel/Work/android/PacketDroid/obj/local/armeabi/objs-debug/multimon/demod_dtmf.o
 .comment       0x0000006c       0x12 /Users/manuel/Work/android/PacketDroid/obj/local/armeabi/objs-debug/multimon/demod_fsk96.o
 .comment       0x0000007e       0x12 /Users/manuel/Work/android/PacketDroid/obj/local/armeabi/objs-debug/multimon/demod_hapn48.o
 .comment       0x00000090       0x12 /Users/manuel/Work/android/PacketDroid/obj/local/armeabi/objs-debug/multimon/demod_poc12.o
 .comment       0x000000a2       0x12 /Users/manuel/Work/android/PacketDroid/obj/local/armeabi/objs-debug/multimon/demod_poc24.o
 .comment       0x000000b4       0x12 /Users/manuel/Work/android/PacketDroid/obj/local/armeabi/objs-debug/multimon/demod_poc5.o
 .comment       0x000000c6       0x12 /Users/manuel/Work/android/PacketDroid/obj/local/armeabi/objs-debug/multimon/demod_zvei.o
 .comment       0x000000d8       0x12 /Users/manuel/Work/android/PacketDroid/obj/local/armeabi/objs-debug/multimon/costabf.o
 .comment       0x000000ea       0x12 /Users/manuel/Work/android/PacketDroid/obj/local/armeabi/objs-debug/multimon/costabi.o
 .comment       0x000000fc       0x12 /Users/manuel/Work/android/PacketDroid/obj/local/armeabi/objs-debug/multimon/multimon.o
 .comment       0x0000010e       0x12 /opt/android-ndk-r6b/toolchains/arm-linux-androideabi-4.4.3/prebuilt/darwin-x86/bin/../lib/gcc/arm-linux-androideabi/4.4.3/libgcc.a(unwind-arm.o)
 .comment       0x00000120       0x12 /opt/android-ndk-r6b/toolchains/arm-linux-androideabi-4.4.3/prebuilt/darwin-x86/bin/../lib/gcc/arm-linux-androideabi/4.4.3/libgcc.a(pr-support.o)

.debug
 *(.debug)

.line
 *(.line)

.debug_srcinfo
 *(.debug_srcinfo)

.debug_sfnames
 *(.debug_sfnames)

.debug_aranges  0x00000000      0x488
 *(.debug_aranges)
 .debug_aranges
                0x00000000       0x38 /Users/manuel/Work/android/PacketDroid/obj/local/armeabi/objs-debug/multimon/hdlc.o
 .debug_aranges
                0x00000038       0x70 /Users/manuel/Work/android/PacketDroid/obj/local/armeabi/objs-debug/multimon/pocsag.o
 .debug_aranges
                0x000000a8       0x38 /Users/manuel/Work/android/PacketDroid/obj/local/armeabi/objs-debug/multimon/demod_afsk12.o
 .debug_aranges
                0x000000e0       0x38 /Users/manuel/Work/android/PacketDroid/obj/local/armeabi/objs-debug/multimon/demod_afsk24.o
 .debug_aranges
                0x00000118       0x38 /Users/manuel/Work/android/PacketDroid/obj/local/armeabi/objs-debug/multimon/demod_afsk24_2.o
 .debug_aranges
                0x00000150       0x48 /Users/manuel/Work/android/PacketDroid/obj/local/armeabi/objs-debug/multimon/demod_dtmf.o
 .debug_aranges
                0x00000198       0x38 /Users/manuel/Work/android/PacketDroid/obj/local/armeabi/objs-debug/multimon/demod_fsk96.o
 .debug_aranges
                0x000001d0       0x38 /Users/manuel/Work/android/PacketDroid/obj/local/armeabi/objs-debug/multimon/demod_hapn48.o
 .debug_aranges
                0x00000208       0x38 /Users/manuel/Work/android/PacketDroid/obj/local/armeabi/objs-debug/multimon/demod_poc12.o
 .debug_aranges
                0x00000240       0x38 /Users/manuel/Work/android/PacketDroid/obj/local/armeabi/objs-debug/multimon/demod_poc24.o
 .debug_aranges
                0x00000278       0x38 /Users/manuel/Work/android/PacketDroid/obj/local/armeabi/objs-debug/multimon/demod_poc5.o
 .debug_aranges
                0x000002b0       0x48 /Users/manuel/Work/android/PacketDroid/obj/local/armeabi/objs-debug/multimon/demod_zvei.o
 .debug_aranges
                0x000002f8       0x50 /Users/manuel/Work/android/PacketDroid/obj/local/armeabi/objs-debug/multimon/multimon.o
 .debug_aranges
                0x00000348       0x20 /opt/android-ndk-r6b/toolchains/arm-linux-androideabi-4.4.3/prebuilt/darwin-x86/bin/../lib/gcc/arm-linux-androideabi/4.4.3/libgcc.a(_arm_addsubdf3.o)
 .debug_aranges
                0x00000368       0x20 /opt/android-ndk-r6b/toolchains/arm-linux-androideabi-4.4.3/prebuilt/darwin-x86/bin/../lib/gcc/arm-linux-androideabi/4.4.3/libgcc.a(_arm_muldivdf3.o)
 .debug_aranges
                0x00000388       0x20 /opt/android-ndk-r6b/toolchains/arm-linux-androideabi-4.4.3/prebuilt/darwin-x86/bin/../lib/gcc/arm-linux-androideabi/4.4.3/libgcc.a(_arm_cmpdf2.o)
 .debug_aranges
                0x000003a8       0x20 /opt/android-ndk-r6b/toolchains/arm-linux-androideabi-4.4.3/prebuilt/darwin-x86/bin/../lib/gcc/arm-linux-androideabi/4.4.3/libgcc.a(_arm_truncdfsf2.o)
 .debug_aranges
                0x000003c8       0x20 /opt/android-ndk-r6b/toolchains/arm-linux-androideabi-4.4.3/prebuilt/darwin-x86/bin/../lib/gcc/arm-linux-androideabi/4.4.3/libgcc.a(_arm_addsubsf3.o)
 .debug_aranges
                0x000003e8       0x20 /opt/android-ndk-r6b/toolchains/arm-linux-androideabi-4.4.3/prebuilt/darwin-x86/bin/../lib/gcc/arm-linux-androideabi/4.4.3/libgcc.a(_arm_muldivsf3.o)
 .debug_aranges
                0x00000408       0x20 /opt/android-ndk-r6b/toolchains/arm-linux-androideabi-4.4.3/prebuilt/darwin-x86/bin/../lib/gcc/arm-linux-androideabi/4.4.3/libgcc.a(_arm_cmpsf2.o)
 .debug_aranges
                0x00000428       0x20 /opt/android-ndk-r6b/toolchains/arm-linux-androideabi-4.4.3/prebuilt/darwin-x86/bin/../lib/gcc/arm-linux-androideabi/4.4.3/libgcc.a(unwind-arm.o)
 .debug_aranges
                0x00000448       0x20 /opt/android-ndk-r6b/toolchains/arm-linux-androideabi-4.4.3/prebuilt/darwin-x86/bin/../lib/gcc/arm-linux-androideabi/4.4.3/libgcc.a(libunwind.o)
 .debug_aranges
                0x00000468       0x20 /opt/android-ndk-r6b/toolchains/arm-linux-androideabi-4.4.3/prebuilt/darwin-x86/bin/../lib/gcc/arm-linux-androideabi/4.4.3/libgcc.a(pr-support.o)

.debug_pubnames
                0x00000000      0x521
 *(.debug_pubnames)
 .debug_pubnames
                0x00000000       0x2f /Users/manuel/Work/android/PacketDroid/obj/local/armeabi/objs-debug/multimon/hdlc.o
 .debug_pubnames
                0x0000002f       0x33 /Users/manuel/Work/android/PacketDroid/obj/local/armeabi/objs-debug/multimon/pocsag.o
 .debug_pubnames
                0x00000062       0x25 /Users/manuel/Work/android/PacketDroid/obj/local/armeabi/objs-debug/multimon/demod_afsk12.o
 .debug_pubnames
                0x00000087       0x25 /Users/manuel/Work/android/PacketDroid/obj/local/armeabi/objs-debug/multimon/demod_afsk24.o
 .debug_pubnames
                0x000000ac       0x27 /Users/manuel/Work/android/PacketDroid/obj/local/armeabi/objs-debug/multimon/demod_afsk24_2.o
 .debug_pubnames
                0x000000d3       0x21 /Users/manuel/Work/android/PacketDroid/obj/local/armeabi/objs-debug/multimon/demod_dtmf.o
 .debug_pubnames
                0x000000f4       0x24 /Users/manuel/Work/android/PacketDroid/obj/local/armeabi/objs-debug/multimon/demod_fsk96.o
 .debug_pubnames
                0x00000118       0x25 /Users/manuel/Work/android/PacketDroid/obj/local/armeabi/objs-debug/multimon/demod_hapn48.o
 .debug_pubnames
                0x0000013d       0x22 /Users/manuel/Work/android/PacketDroid/obj/local/armeabi/objs-debug/multimon/demod_poc12.o
 .debug_pubnames
                0x0000015f       0x22 /Users/manuel/Work/android/PacketDroid/obj/local/armeabi/objs-debug/multimon/demod_poc24.o
 .debug_pubnames
                0x00000181       0x21 /Users/manuel/Work/android/PacketDroid/obj/local/armeabi/objs-debug/multimon/demod_poc5.o
 .debug_pubnames
                0x000001a2       0x21 /Users/manuel/Work/android/PacketDroid/obj/local/armeabi/objs-debug/multimon/demod_zvei.o
 .debug_pubnames
                0x000001c3       0x1e /Users/manuel/Work/android/PacketDroid/obj/local/armeabi/objs-debug/multimon/costabf.o
 .debug_pubnames
                0x000001e1       0x1e /Users/manuel/Work/android/PacketDroid/obj/local/armeabi/objs-debug/multimon/costabi.o
 .debug_pubnames
                0x000001ff       0xf4 /Users/manuel/Work/android/PacketDroid/obj/local/armeabi/objs-debug/multimon/multimon.o
 .debug_pubnames
                0x000002f3      0x177 /opt/android-ndk-r6b/toolchains/arm-linux-androideabi-4.4.3/prebuilt/darwin-x86/bin/../lib/gcc/arm-linux-androideabi/4.4.3/libgcc.a(unwind-arm.o)
 .debug_pubnames
                0x0000046a       0xb7 /opt/android-ndk-r6b/toolchains/arm-linux-androideabi-4.4.3/prebuilt/darwin-x86/bin/../lib/gcc/arm-linux-androideabi/4.4.3/libgcc.a(pr-support.o)

.debug_info     0x00000000     0xb6a0
 *(.debug_info .gnu.linkonce.wi.*)
 .debug_info    0x00000000      0x91b /Users/manuel/Work/android/PacketDroid/obj/local/armeabi/objs-debug/multimon/hdlc.o
 .debug_info    0x0000091b      0xae1 /Users/manuel/Work/android/PacketDroid/obj/local/armeabi/objs-debug/multimon/pocsag.o
 .debug_info    0x000013fc      0x753 /Users/manuel/Work/android/PacketDroid/obj/local/armeabi/objs-debug/multimon/demod_afsk12.o
 .debug_info    0x00001b4f      0x73b /Users/manuel/Work/android/PacketDroid/obj/local/armeabi/objs-debug/multimon/demod_afsk24.o
 .debug_info    0x0000228a      0x73b /Users/manuel/Work/android/PacketDroid/obj/local/armeabi/objs-debug/multimon/demod_afsk24_2.o
 .debug_info    0x000029c5      0x7d8 /Users/manuel/Work/android/PacketDroid/obj/local/armeabi/objs-debug/multimon/demod_dtmf.o
 .debug_info    0x0000319d      0x715 /Users/manuel/Work/android/PacketDroid/obj/local/armeabi/objs-debug/multimon/demod_fsk96.o
 .debug_info    0x000038b2      0x6d1 /Users/manuel/Work/android/PacketDroid/obj/local/armeabi/objs-debug/multimon/demod_hapn48.o
 .debug_info    0x00003f83      0x6cd /Users/manuel/Work/android/PacketDroid/obj/local/armeabi/objs-debug/multimon/demod_poc12.o
 .debug_info    0x00004650      0x6b5 /Users/manuel/Work/android/PacketDroid/obj/local/armeabi/objs-debug/multimon/demod_poc24.o
 .debug_info    0x00004d05      0x6cd /Users/manuel/Work/android/PacketDroid/obj/local/armeabi/objs-debug/multimon/demod_poc5.o
 .debug_info    0x000053d2      0x7dd /Users/manuel/Work/android/PacketDroid/obj/local/armeabi/objs-debug/multimon/demod_zvei.o
 .debug_info    0x00005baf       0x4f /Users/manuel/Work/android/PacketDroid/obj/local/armeabi/objs-debug/multimon/costabf.o
 .debug_info    0x00005bfe       0x4f /Users/manuel/Work/android/PacketDroid/obj/local/armeabi/objs-debug/multimon/costabi.o
 .debug_info    0x00005c4d     0x384a /Users/manuel/Work/android/PacketDroid/obj/local/armeabi/objs-debug/multimon/multimon.o
 .debug_info    0x00009497       0xf6 /opt/android-ndk-r6b/toolchains/arm-linux-androideabi-4.4.3/prebuilt/darwin-x86/bin/../lib/gcc/arm-linux-androideabi/4.4.3/libgcc.a(_arm_addsubdf3.o)
 .debug_info    0x0000958d       0xf6 /opt/android-ndk-r6b/toolchains/arm-linux-androideabi-4.4.3/prebuilt/darwin-x86/bin/../lib/gcc/arm-linux-androideabi/4.4.3/libgcc.a(_arm_muldivdf3.o)
 .debug_info    0x00009683       0xf6 /opt/android-ndk-r6b/toolchains/arm-linux-androideabi-4.4.3/prebuilt/darwin-x86/bin/../lib/gcc/arm-linux-androideabi/4.4.3/libgcc.a(_arm_cmpdf2.o)
 .debug_info    0x00009779       0xf6 /opt/android-ndk-r6b/toolchains/arm-linux-androideabi-4.4.3/prebuilt/darwin-x86/bin/../lib/gcc/arm-linux-androideabi/4.4.3/libgcc.a(_arm_truncdfsf2.o)
 .debug_info    0x0000986f       0xf6 /opt/android-ndk-r6b/toolchains/arm-linux-androideabi-4.4.3/prebuilt/darwin-x86/bin/../lib/gcc/arm-linux-androideabi/4.4.3/libgcc.a(_arm_addsubsf3.o)
 .debug_info    0x00009965       0xf6 /opt/android-ndk-r6b/toolchains/arm-linux-androideabi-4.4.3/prebuilt/darwin-x86/bin/../lib/gcc/arm-linux-androideabi/4.4.3/libgcc.a(_arm_muldivsf3.o)
 .debug_info    0x00009a5b       0xf6 /opt/android-ndk-r6b/toolchains/arm-linux-androideabi-4.4.3/prebuilt/darwin-x86/bin/../lib/gcc/arm-linux-androideabi/4.4.3/libgcc.a(_arm_cmpsf2.o)
 .debug_info    0x00009b51     0x1424 /opt/android-ndk-r6b/toolchains/arm-linux-androideabi-4.4.3/prebuilt/darwin-x86/bin/../lib/gcc/arm-linux-androideabi/4.4.3/libgcc.a(unwind-arm.o)
 .debug_info    0x0000af75       0xf5 /opt/android-ndk-r6b/toolchains/arm-linux-androideabi-4.4.3/prebuilt/darwin-x86/bin/../lib/gcc/arm-linux-androideabi/4.4.3/libgcc.a(libunwind.o)
 .debug_info    0x0000b06a      0x636 /opt/android-ndk-r6b/toolchains/arm-linux-androideabi-4.4.3/prebuilt/darwin-x86/bin/../lib/gcc/arm-linux-androideabi/4.4.3/libgcc.a(pr-support.o)

.debug_abbrev   0x00000000     0x1a0b
 *(.debug_abbrev)
 .debug_abbrev  0x00000000      0x16b /Users/manuel/Work/android/PacketDroid/obj/local/armeabi/objs-debug/multimon/hdlc.o
 .debug_abbrev  0x0000016b      0x1b8 /Users/manuel/Work/android/PacketDroid/obj/local/armeabi/objs-debug/multimon/pocsag.o
 .debug_abbrev  0x00000323      0x166 /Users/manuel/Work/android/PacketDroid/obj/local/armeabi/objs-debug/multimon/demod_afsk12.o
 .debug_abbrev  0x00000489      0x15d /Users/manuel/Work/android/PacketDroid/obj/local/armeabi/objs-debug/multimon/demod_afsk24.o
 .debug_abbrev  0x000005e6      0x15d /Users/manuel/Work/android/PacketDroid/obj/local/armeabi/objs-debug/multimon/demod_afsk24_2.o
 .debug_abbrev  0x00000743      0x16e /Users/manuel/Work/android/PacketDroid/obj/local/armeabi/objs-debug/multimon/demod_dtmf.o
 .debug_abbrev  0x000008b1      0x15d /Users/manuel/Work/android/PacketDroid/obj/local/armeabi/objs-debug/multimon/demod_fsk96.o
 .debug_abbrev  0x00000a0e      0x15d /Users/manuel/Work/android/PacketDroid/obj/local/armeabi/objs-debug/multimon/demod_hapn48.o
 .debug_abbrev  0x00000b6b      0x166 /Users/manuel/Work/android/PacketDroid/obj/local/armeabi/objs-debug/multimon/demod_poc12.o
 .debug_abbrev  0x00000cd1      0x14e /Users/manuel/Work/android/PacketDroid/obj/local/armeabi/objs-debug/multimon/demod_poc24.o
 .debug_abbrev  0x00000e1f      0x166 /Users/manuel/Work/android/PacketDroid/obj/local/armeabi/objs-debug/multimon/demod_poc5.o
 .debug_abbrev  0x00000f85      0x16e /Users/manuel/Work/android/PacketDroid/obj/local/armeabi/objs-debug/multimon/demod_zvei.o
 .debug_abbrev  0x000010f3       0x49 /Users/manuel/Work/android/PacketDroid/obj/local/armeabi/objs-debug/multimon/costabf.o
 .debug_abbrev  0x0000113c       0x49 /Users/manuel/Work/android/PacketDroid/obj/local/armeabi/objs-debug/multimon/costabi.o
 .debug_abbrev  0x00001185      0x20b /Users/manuel/Work/android/PacketDroid/obj/local/armeabi/objs-debug/multimon/multimon.o
 .debug_abbrev  0x00001390       0x14 /opt/android-ndk-r6b/toolchains/arm-linux-androideabi-4.4.3/prebuilt/darwin-x86/bin/../lib/gcc/arm-linux-androideabi/4.4.3/libgcc.a(_arm_addsubdf3.o)
 .debug_abbrev  0x000013a4       0x14 /opt/android-ndk-r6b/toolchains/arm-linux-androideabi-4.4.3/prebuilt/darwin-x86/bin/../lib/gcc/arm-linux-androideabi/4.4.3/libgcc.a(_arm_muldivdf3.o)
 .debug_abbrev  0x000013b8       0x14 /opt/android-ndk-r6b/toolchains/arm-linux-androideabi-4.4.3/prebuilt/darwin-x86/bin/../lib/gcc/arm-linux-androideabi/4.4.3/libgcc.a(_arm_cmpdf2.o)
 .debug_abbrev  0x000013cc       0x14 /opt/android-ndk-r6b/toolchains/arm-linux-androideabi-4.4.3/prebuilt/darwin-x86/bin/../lib/gcc/arm-linux-androideabi/4.4.3/libgcc.a(_arm_truncdfsf2.o)
 .debug_abbrev  0x000013e0       0x14 /opt/android-ndk-r6b/toolchains/arm-linux-androideabi-4.4.3/prebuilt/darwin-x86/bin/../lib/gcc/arm-linux-androideabi/4.4.3/libgcc.a(_arm_addsubsf3.o)
 .debug_abbrev  0x000013f4       0x14 /opt/android-ndk-r6b/toolchains/arm-linux-androideabi-4.4.3/prebuilt/darwin-x86/bin/../lib/gcc/arm-linux-androideabi/4.4.3/libgcc.a(_arm_muldivsf3.o)
 .debug_abbrev  0x00001408       0x14 /opt/android-ndk-r6b/toolchains/arm-linux-androideabi-4.4.3/prebuilt/darwin-x86/bin/../lib/gcc/arm-linux-androideabi/4.4.3/libgcc.a(_arm_cmpsf2.o)
 .debug_abbrev  0x0000141c      0x3bb /opt/android-ndk-r6b/toolchains/arm-linux-androideabi-4.4.3/prebuilt/darwin-x86/bin/../lib/gcc/arm-linux-androideabi/4.4.3/libgcc.a(unwind-arm.o)
 .debug_abbrev  0x000017d7       0x14 /opt/android-ndk-r6b/toolchains/arm-linux-androideabi-4.4.3/prebuilt/darwin-x86/bin/../lib/gcc/arm-linux-androideabi/4.4.3/libgcc.a(libunwind.o)
 .debug_abbrev  0x000017eb      0x220 /opt/android-ndk-r6b/toolchains/arm-linux-androideabi-4.4.3/prebuilt/darwin-x86/bin/../lib/gcc/arm-linux-androideabi/4.4.3/libgcc.a(pr-support.o)

.debug_line     0x00000000     0x239c
 *(.debug_line)
 .debug_line    0x00000000      0x28b /Users/manuel/Work/android/PacketDroid/obj/local/armeabi/objs-debug/multimon/hdlc.o
 .debug_line    0x0000028b      0x240 /Users/manuel/Work/android/PacketDroid/obj/local/armeabi/objs-debug/multimon/pocsag.o
 .debug_line    0x000004cb       0xf9 /Users/manuel/Work/android/PacketDroid/obj/local/armeabi/objs-debug/multimon/demod_afsk12.o
 .debug_line    0x000005c4       0xf9 /Users/manuel/Work/android/PacketDroid/obj/local/armeabi/objs-debug/multimon/demod_afsk24.o
 .debug_line    0x000006bd       0xfb /Users/manuel/Work/android/PacketDroid/obj/local/armeabi/objs-debug/multimon/demod_afsk24_2.o
 .debug_line    0x000007b8      0x144 /Users/manuel/Work/android/PacketDroid/obj/local/armeabi/objs-debug/multimon/demod_dtmf.o
 .debug_line    0x000008fc       0xe0 /Users/manuel/Work/android/PacketDroid/obj/local/armeabi/objs-debug/multimon/demod_fsk96.o
 .debug_line    0x000009dc       0xf2 /Users/manuel/Work/android/PacketDroid/obj/local/armeabi/objs-debug/multimon/demod_hapn48.o
 .debug_line    0x00000ace       0xdc /Users/manuel/Work/android/PacketDroid/obj/local/armeabi/objs-debug/multimon/demod_poc12.o
 .debug_line    0x00000baa       0xd3 /Users/manuel/Work/android/PacketDroid/obj/local/armeabi/objs-debug/multimon/demod_poc24.o
 .debug_line    0x00000c7d       0xdb /Users/manuel/Work/android/PacketDroid/obj/local/armeabi/objs-debug/multimon/demod_poc5.o
 .debug_line    0x00000d58      0x152 /Users/manuel/Work/android/PacketDroid/obj/local/armeabi/objs-debug/multimon/demod_zvei.o
 .debug_line    0x00000eaa       0x55 /Users/manuel/Work/android/PacketDroid/obj/local/armeabi/objs-debug/multimon/costabf.o
 .debug_line    0x00000eff       0x55 /Users/manuel/Work/android/PacketDroid/obj/local/armeabi/objs-debug/multimon/costabi.o
 .debug_line    0x00000f54      0x2f2 /Users/manuel/Work/android/PacketDroid/obj/local/armeabi/objs-debug/multimon/multimon.o
 .debug_line    0x00001246      0x212 /opt/android-ndk-r6b/toolchains/arm-linux-androideabi-4.4.3/prebuilt/darwin-x86/bin/../lib/gcc/arm-linux-androideabi/4.4.3/libgcc.a(_arm_addsubdf3.o)
 .debug_line    0x00001458      0x233 /opt/android-ndk-r6b/toolchains/arm-linux-androideabi-4.4.3/prebuilt/darwin-x86/bin/../lib/gcc/arm-linux-androideabi/4.4.3/libgcc.a(_arm_muldivdf3.o)
 .debug_line    0x0000168b      0x12a /opt/android-ndk-r6b/toolchains/arm-linux-androideabi-4.4.3/prebuilt/darwin-x86/bin/../lib/gcc/arm-linux-androideabi/4.4.3/libgcc.a(_arm_cmpdf2.o)
 .debug_line    0x000017b5       0xbd /opt/android-ndk-r6b/toolchains/arm-linux-androideabi-4.4.3/prebuilt/darwin-x86/bin/../lib/gcc/arm-linux-androideabi/4.4.3/libgcc.a(_arm_truncdfsf2.o)
 .debug_line    0x00001872      0x136 /opt/android-ndk-r6b/toolchains/arm-linux-androideabi-4.4.3/prebuilt/darwin-x86/bin/../lib/gcc/arm-linux-androideabi/4.4.3/libgcc.a(_arm_addsubsf3.o)
 .debug_line    0x000019a8      0x157 /opt/android-ndk-r6b/toolchains/arm-linux-androideabi-4.4.3/prebuilt/darwin-x86/bin/../lib/gcc/arm-linux-androideabi/4.4.3/libgcc.a(_arm_muldivsf3.o)
 .debug_line    0x00001aff      0x11e /opt/android-ndk-r6b/toolchains/arm-linux-androideabi-4.4.3/prebuilt/darwin-x86/bin/../lib/gcc/arm-linux-androideabi/4.4.3/libgcc.a(_arm_cmpsf2.o)
 .debug_line    0x00001c1d      0x4ce /opt/android-ndk-r6b/toolchains/arm-linux-androideabi-4.4.3/prebuilt/darwin-x86/bin/../lib/gcc/arm-linux-androideabi/4.4.3/libgcc.a(unwind-arm.o)
 .debug_line    0x000020eb       0xe3 /opt/android-ndk-r6b/toolchains/arm-linux-androideabi-4.4.3/prebuilt/darwin-x86/bin/../lib/gcc/arm-linux-androideabi/4.4.3/libgcc.a(libunwind.o)
 .debug_line    0x000021ce      0x1ce /opt/android-ndk-r6b/toolchains/arm-linux-androideabi-4.4.3/prebuilt/darwin-x86/bin/../lib/gcc/arm-linux-androideabi/4.4.3/libgcc.a(pr-support.o)

.debug_frame    0x00000000      0xba8
 *(.debug_frame)
 .debug_frame   0x00000000       0x78 /Users/manuel/Work/android/PacketDroid/obj/local/armeabi/objs-debug/multimon/hdlc.o
 .debug_frame   0x00000078      0x140 /Users/manuel/Work/android/PacketDroid/obj/local/armeabi/objs-debug/multimon/pocsag.o
 .debug_frame   0x000001b8       0x88 /Users/manuel/Work/android/PacketDroid/obj/local/armeabi/objs-debug/multimon/demod_afsk12.o
 .debug_frame   0x00000240       0x88 /Users/manuel/Work/android/PacketDroid/obj/local/armeabi/objs-debug/multimon/demod_afsk24.o
 .debug_frame   0x000002c8       0x88 /Users/manuel/Work/android/PacketDroid/obj/local/armeabi/objs-debug/multimon/demod_afsk24_2.o
 .debug_frame   0x00000350       0xcc /Users/manuel/Work/android/PacketDroid/obj/local/armeabi/objs-debug/multimon/demod_dtmf.o
 .debug_frame   0x0000041c       0x84 /Users/manuel/Work/android/PacketDroid/obj/local/armeabi/objs-debug/multimon/demod_fsk96.o
 .debug_frame   0x000004a0       0x8c /Users/manuel/Work/android/PacketDroid/obj/local/armeabi/objs-debug/multimon/demod_hapn48.o
 .debug_frame   0x0000052c       0x84 /Users/manuel/Work/android/PacketDroid/obj/local/armeabi/objs-debug/multimon/demod_poc12.o
 .debug_frame   0x000005b0       0x84 /Users/manuel/Work/android/PacketDroid/obj/local/armeabi/objs-debug/multimon/demod_poc24.o
 .debug_frame   0x00000634       0x84 /Users/manuel/Work/android/PacketDroid/obj/local/armeabi/objs-debug/multimon/demod_poc5.o
 .debug_frame   0x000006b8       0xcc /Users/manuel/Work/android/PacketDroid/obj/local/armeabi/objs-debug/multimon/demod_zvei.o
 .debug_frame   0x00000784       0xd4 /Users/manuel/Work/android/PacketDroid/obj/local/armeabi/objs-debug/multimon/multimon.o
 .debug_frame   0x00000858      0x248 /opt/android-ndk-r6b/toolchains/arm-linux-androideabi-4.4.3/prebuilt/darwin-x86/bin/../lib/gcc/arm-linux-androideabi/4.4.3/libgcc.a(unwind-arm.o)
 .debug_frame   0x00000aa0      0x108 /opt/android-ndk-r6b/toolchains/arm-linux-androideabi-4.4.3/prebuilt/darwin-x86/bin/../lib/gcc/arm-linux-androideabi/4.4.3/libgcc.a(pr-support.o)

.debug_str      0x00000000     0x27cb
 *(.debug_str)
 .debug_str     0x00000000      0x2e7 /Users/manuel/Work/android/PacketDroid/obj/local/armeabi/objs-debug/multimon/hdlc.o
                                0x3a4 (size before relaxing)
 .debug_str     0x000002e7      0x131 /Users/manuel/Work/android/PacketDroid/obj/local/armeabi/objs-debug/multimon/pocsag.o
                                0x372 (size before relaxing)
 .debug_str     0x00000418       0xaf /Users/manuel/Work/android/PacketDroid/obj/local/armeabi/objs-debug/multimon/demod_afsk12.o
                                0x344 (size before relaxing)
 .debug_str     0x000004c7       0x62 /Users/manuel/Work/android/PacketDroid/obj/local/armeabi/objs-debug/multimon/demod_afsk24.o
                                0x33c (size before relaxing)
 .debug_str     0x00000529       0x6a /Users/manuel/Work/android/PacketDroid/obj/local/armeabi/objs-debug/multimon/demod_afsk24_2.o
                                0x344 (size before relaxing)
 .debug_str     0x00000593       0xa2 /Users/manuel/Work/android/PacketDroid/obj/local/armeabi/objs-debug/multimon/demod_dtmf.o
                                0x343 (size before relaxing)
 .debug_str     0x00000635       0x6d /Users/manuel/Work/android/PacketDroid/obj/local/armeabi/objs-debug/multimon/demod_fsk96.o
                                0x315 (size before relaxing)
 .debug_str     0x000006a2       0x6a /Users/manuel/Work/android/PacketDroid/obj/local/armeabi/objs-debug/multimon/demod_hapn48.o
                                0x312 (size before relaxing)
 .debug_str     0x0000070c       0x5c /Users/manuel/Work/android/PacketDroid/obj/local/armeabi/objs-debug/multimon/demod_poc12.o
                                0x305 (size before relaxing)
 .debug_str     0x00000768       0x5c /Users/manuel/Work/android/PacketDroid/obj/local/armeabi/objs-debug/multimon/demod_poc24.o
                                0x2fd (size before relaxing)
 .debug_str     0x000007c4       0x58 /Users/manuel/Work/android/PacketDroid/obj/local/armeabi/objs-debug/multimon/demod_poc5.o
                                0x301 (size before relaxing)
 .debug_str     0x0000081c       0x6d /Users/manuel/Work/android/PacketDroid/obj/local/armeabi/objs-debug/multimon/demod_zvei.o
                                0x341 (size before relaxing)
 .debug_str     0x00000889       0x35 /Users/manuel/Work/android/PacketDroid/obj/local/armeabi/objs-debug/multimon/costabf.o
                                 0x4f (size before relaxing)
 .debug_str     0x000008be       0x3d /Users/manuel/Work/android/PacketDroid/obj/local/armeabi/objs-debug/multimon/costabi.o
                                 0x49 (size before relaxing)
 .debug_str     0x000008fb     0x15a7 /Users/manuel/Work/android/PacketDroid/obj/local/armeabi/objs-debug/multimon/multimon.o
                               0x18f8 (size before relaxing)
 .debug_str     0x00001ea2      0x7fa /opt/android-ndk-r6b/toolchains/arm-linux-androideabi-4.4.3/prebuilt/darwin-x86/bin/../lib/gcc/arm-linux-androideabi/4.4.3/libgcc.a(unwind-arm.o)
                                0x8e6 (size before relaxing)
 .debug_str     0x0000269c      0x12f /opt/android-ndk-r6b/toolchains/arm-linux-androideabi-4.4.3/prebuilt/darwin-x86/bin/../lib/gcc/arm-linux-androideabi/4.4.3/libgcc.a(pr-support.o)
                                0x44c (size before relaxing)

.debug_loc      0x00000000     0x1e21
 *(.debug_loc)
 .debug_loc     0x00000000       0xa4 /Users/manuel/Work/android/PacketDroid/obj/local/armeabi/objs-debug/multimon/hdlc.o
 .debug_loc     0x000000a4      0x1cf /Users/manuel/Work/android/PacketDroid/obj/local/armeabi/objs-debug/multimon/pocsag.o
 .debug_loc     0x00000273       0xb0 /Users/manuel/Work/android/PacketDroid/obj/local/armeabi/objs-debug/multimon/demod_afsk12.o
 .debug_loc     0x00000323       0xb0 /Users/manuel/Work/android/PacketDroid/obj/local/armeabi/objs-debug/multimon/demod_afsk24.o
 .debug_loc     0x000003d3       0xb0 /Users/manuel/Work/android/PacketDroid/obj/local/armeabi/objs-debug/multimon/demod_afsk24_2.o
 .debug_loc     0x00000483      0x109 /Users/manuel/Work/android/PacketDroid/obj/local/armeabi/objs-debug/multimon/demod_dtmf.o
 .debug_loc     0x0000058c       0xb0 /Users/manuel/Work/android/PacketDroid/obj/local/armeabi/objs-debug/multimon/demod_fsk96.o
 .debug_loc     0x0000063c       0xb0 /Users/manuel/Work/android/PacketDroid/obj/local/armeabi/objs-debug/multimon/demod_hapn48.o
 .debug_loc     0x000006ec       0xb0 /Users/manuel/Work/android/PacketDroid/obj/local/armeabi/objs-debug/multimon/demod_poc12.o
 .debug_loc     0x0000079c       0xb0 /Users/manuel/Work/android/PacketDroid/obj/local/armeabi/objs-debug/multimon/demod_poc24.o
 .debug_loc     0x0000084c       0xb0 /Users/manuel/Work/android/PacketDroid/obj/local/armeabi/objs-debug/multimon/demod_poc5.o
 .debug_loc     0x000008fc      0x109 /Users/manuel/Work/android/PacketDroid/obj/local/armeabi/objs-debug/multimon/demod_zvei.o
 .debug_loc     0x00000a05      0x134 /Users/manuel/Work/android/PacketDroid/obj/local/armeabi/objs-debug/multimon/multimon.o
 .debug_loc     0x00000b39      0xfef /opt/android-ndk-r6b/toolchains/arm-linux-androideabi-4.4.3/prebuilt/darwin-x86/bin/../lib/gcc/arm-linux-androideabi/4.4.3/libgcc.a(unwind-arm.o)
 .debug_loc     0x00001b28      0x2f9 /opt/android-ndk-r6b/toolchains/arm-linux-androideabi-4.4.3/prebuilt/darwin-x86/bin/../lib/gcc/arm-linux-androideabi/4.4.3/libgcc.a(pr-support.o)

.debug_macinfo
 *(.debug_macinfo)

.debug_weaknames
 *(.debug_weaknames)

.debug_funcnames
 *(.debug_funcnames)

.debug_typenames
 *(.debug_typenames)

.debug_varnames
 *(.debug_varnames)

.debug_pubtypes
 *(.debug_pubtypes)

.debug_ranges   0x00000000      0x4d0
 *(.debug_ranges)
 .debug_ranges  0x00000000       0x28 /Users/manuel/Work/android/PacketDroid/obj/local/armeabi/objs-debug/multimon/hdlc.o
 .debug_ranges  0x00000028       0x90 /Users/manuel/Work/android/PacketDroid/obj/local/armeabi/objs-debug/multimon/pocsag.o
 .debug_ranges  0x000000b8       0x28 /Users/manuel/Work/android/PacketDroid/obj/local/armeabi/objs-debug/multimon/demod_afsk12.o
 .debug_ranges  0x000000e0       0x28 /Users/manuel/Work/android/PacketDroid/obj/local/armeabi/objs-debug/multimon/demod_afsk24.o
 .debug_ranges  0x00000108       0x28 /Users/manuel/Work/android/PacketDroid/obj/local/armeabi/objs-debug/multimon/demod_afsk24_2.o
 .debug_ranges  0x00000130       0x38 /Users/manuel/Work/android/PacketDroid/obj/local/armeabi/objs-debug/multimon/demod_dtmf.o
 .debug_ranges  0x00000168       0x28 /Users/manuel/Work/android/PacketDroid/obj/local/armeabi/objs-debug/multimon/demod_fsk96.o
 .debug_ranges  0x00000190       0x28 /Users/manuel/Work/android/PacketDroid/obj/local/armeabi/objs-debug/multimon/demod_hapn48.o
 .debug_ranges  0x000001b8       0x28 /Users/manuel/Work/android/PacketDroid/obj/local/armeabi/objs-debug/multimon/demod_poc12.o
 .debug_ranges  0x000001e0       0x28 /Users/manuel/Work/android/PacketDroid/obj/local/armeabi/objs-debug/multimon/demod_poc24.o
 .debug_ranges  0x00000208       0x28 /Users/manuel/Work/android/PacketDroid/obj/local/armeabi/objs-debug/multimon/demod_poc5.o
 .debug_ranges  0x00000230       0x38 /Users/manuel/Work/android/PacketDroid/obj/local/armeabi/objs-debug/multimon/demod_zvei.o