Archive member included because of file (symbol)

/opt/android-ndk-r6b/toolchains/arm-linux-androideabi-4.4.3/prebuilt/darwin-x86/bin/../lib/gcc/arm-linux-androideabi/4.4.3/libgcc.a(_arm_addsubdf3.o)
                              /Users/manuel/Work/android/PacketDroid/obj/local/armeabi/objs-debug/multimon/demod_afsk12.o (__aeabi_dadd)
/opt/android-ndk-r6b/toolchains/arm-linux-androideabi-4.4.3/prebuilt/darwin-x86/bin/../lib/gcc/arm-linux-androideabi/4.4.3/libgcc.a(_arm_muldivdf3.o)
                              /Users/manuel/Work/android/PacketDroid/obj/local/armeabi/objs-debug/multimon/demod_afsk24.o (__aeabi_dmul)
/opt/android-ndk-r6b/toolchains/arm-linux-androideabi-4.4.3/prebuilt/darwin-x86/bin/../lib/gcc/arm-linux-androideabi/4.4.3/libgcc.a(_arm_cmpdf2.o)
                              /Users/manuel/Work/android/PacketDroid/obj/local/armeabi/objs-debug/multimon/demod_hapn48.o (__aeabi_dcmplt)
/opt/android-ndk-r6b/toolchains/arm-linux-androideabi-4.4.3/prebuilt/darwin-x86/bin/../lib/gcc/arm-linux-androideabi/4.4.3/libgcc.a(_arm_truncdfsf2.o)
                              /Users/manuel/Work/android/PacketDroid/obj/local/armeabi/objs-debug/multimon/demod_afsk12.o (__aeabi_d2f)
/opt/android-ndk-r6b/toolchains/arm-linux-androideabi-4.4.3/prebuilt/darwin-x86/bin/../lib/gcc/arm-linux-androideabi/4.4.3/libgcc.a(_arm_addsubsf3.o)
                              /Users/manuel/Work/android/PacketDroid/obj/local/armeabi/objs-debug/multimon/demod_afsk12.o (__aeabi_fsub)
/opt/android-ndk-r6b/toolchains/arm-linux-androideabi-4.4.3/prebuilt/darwin-x86/bin/../lib/gcc/arm-linux-androideabi/4.4.3/libgcc.a(_arm_muldivsf3.o)
                              /Users/manuel/Work/android/PacketDroid/obj/local/armeabi/objs-debug/multimon/demod_afsk12.o (__aeabi_fmul)
/opt/android-ndk-r6b/toolchains/arm-linux-androideabi-4.4.3/prebuilt/darwin-x86/bin/../lib/gcc/arm-linux-androideabi/4.4.3/libgcc.a(_arm_cmpsf2.o)
                              /Users/manuel/Work/android/PacketDroid/obj/local/armeabi/objs-debug/multimon/demod_hapn48.o (__aeabi_fcmplt)
/opt/android-ndk-r6b/toolchains/arm-linux-androideabi-4.4.3/prebuilt/darwin-x86/bin/../lib/gcc/arm-linux-androideabi/4.4.3/libgcc.a(unwind-arm.o)
                              /Users/manuel/Work/android/PacketDroid/obj/local/armeabi/objs-debug/multimon/hdlc.o (__aeabi_unwind_cpp_pr0)
/opt/android-ndk-r6b/toolchains/arm-linux-androideabi-4.4.3/prebuilt/darwin-x86/bin/../lib/gcc/arm-linux-androideabi/4.4.3/libgcc.a(libunwind.o)
                              /opt/android-ndk-r6b/toolchains/arm-linux-androideabi-4.4.3/prebuilt/darwin-x86/bin/../lib/gcc/arm-linux-androideabi/4.4.3/libgcc.a(unwind-arm.o) (restore_core_regs)
/opt/android-ndk-r6b/toolchains/arm-linux-androideabi-4.4.3/prebuilt/darwin-x86/bin/../lib/gcc/arm-linux-androideabi/4.4.3/libgcc.a(pr-support.o)
                              /opt/android-ndk-r6b/toolchains/arm-linux-androideabi-4.4.3/prebuilt/darwin-x86/bin/../lib/gcc/arm-linux-androideabi/4.4.3/libgcc.a(unwind-arm.o) (__gnu_unwind_execute)

Discarded input sections

 .note.GNU-stack
                0x00000000        0x0 /Users/manuel/Work/android/PacketDroid/obj/local/armeabi/objs-debug/multimon/hdlc.o
 .note.GNU-stack
                0x00000000        0x0 /Users/manuel/Work/android/PacketDroid/obj/local/armeabi/objs-debug/multimon/pocsag.o
 .note.GNU-stack
                0x00000000        0x0 /Users/manuel/Work/android/PacketDroid/obj/local/armeabi/objs-debug/multimon/demod_afsk12.o
 .note.GNU-stack
                0x00000000        0x0 /Users/manuel/Work/android/PacketDroid/obj/local/armeabi/objs-debug/multimon/demod_afsk24.o
 .note.GNU-stack
                0x00000000        0x0 /Users/manuel/Work/android/PacketDroid/obj/local/armeabi/objs-debug/multimon/demod_afsk24_2.o
 .note.GNU-stack
                0x00000000        0x0 /Users/manuel/Work/android/PacketDroid/obj/local/armeabi/objs-debug/multimon/demod_dtmf.o
 .note.GNU-stack
                0x00000000        0x0 /Users/manuel/Work/android/PacketDroid/obj/local/armeabi/objs-debug/multimon/demod_fsk96.o
 .note.GNU-stack
                0x00000000        0x0 /Users/manuel/Work/android/PacketDroid/obj/local/armeabi/objs-debug/multimon/demod_hapn48.o
 .note.GNU-stack
                0x00000000        0x0 /Users/manuel/Work/android/PacketDroid/obj/local/armeabi/objs-debug/multimon/demod_poc12.o
 .note.GNU-stack
                0x00000000        0x0 /Users/manuel/Work/android/PacketDroid/obj/local/armeabi/objs-debug/multimon/demod_poc24.o
 .note.GNU-stack
                0x00000000        0x0 /Users/manuel/Work/android/PacketDroid/obj/local/armeabi/objs-debug/multimon/demod_poc5.o
 .note.GNU-stack
                0x00000000        0x0 /Users/manuel/Work/android/PacketDroid/obj/local/armeabi/objs-debug/multimon/demod_zvei.o
 .note.GNU-stack
                0x00000000        0x0 /Users/manuel/Work/android/PacketDroid/obj/local/armeabi/objs-debug/multimon/costabf.o
 .note.GNU-stack
[...]
Memory Configuration

Name             Origin             Length             Attributes
*default*        0x00000000         0xffffffff

Linker script and memory map

LOAD /opt/android-ndk-r6b/platforms/android-8/arch-arm/usr/lib/crtbegin_so.o
LOAD /Users/manuel/Work/android/PacketDroid/obj/local/armeabi/objs-debug/multimon/hdlc.o
LOAD /Users/manuel/Work/android/PacketDroid/obj/local/armeabi/objs-debug/multimon/pocsag.o
LOAD /Users/manuel/Work/android/PacketDroid/obj/local/armeabi/objs-debug/multimon/demod_afsk12.o
LOAD /Users/manuel/Work/android/PacketDroid/obj/local/armeabi/objs-debug/multimon/demod_afsk24.o
LOAD /Users/manuel/Work/android/PacketDroid/obj/local/armeabi/objs-debug/multimon/demod_afsk24_2.o
LOAD /Users/manuel/Work/android/PacketDroid/obj/local/armeabi/objs-debug/multimon/demod_dtmf.o
LOAD /Users/manuel/Work/android/PacketDroid/obj/local/armeabi/objs-debug/multimon/demod_fsk96.o
LOAD /Users/manuel/Work/android/PacketDroid/obj/local/armeabi/objs-debug/multimon/demod_hapn48.o
LOAD /Users/manuel/Work/android/PacketDroid/obj/local/armeabi/objs-debug/multimon/demod_poc12.o
LOAD /Users/manuel/Work/android/PacketDroid/obj/local/armeabi/objs-debug/multimon/demod_poc24.o
LOAD /Users/manuel/Work/android/PacketDroid/obj/local/armeabi/objs-debug/multimon/demod_poc5.o
LOAD /Users/manuel/Work/android/PacketDroid/obj/local/armeabi/objs-debug/multimon/demod_zvei.o
LOAD /Users/manuel/Work/android/PacketDroid/obj/local/armeabi/objs-debug/multimon/costabf.o
LOAD /Users/manuel/Work/android/PacketDroid/obj/local/armeabi/objs-debug/multimon/costabi.o
LOAD /Users/manuel/Work/android/PacketDroid/obj/local/armeabi/objs-debug/multimon/multimon.o
LOAD /opt/android-ndk-r6b/toolchains/arm-linux-androideabi-4.4.3/prebuilt/darwin-x86/bin/../lib/gcc/arm-linux-androideabi/4.4.3/libgcc.a
LOAD /opt/android-ndk-r6b/platforms/android-8/arch-arm/usr/lib/libdl.so
LOAD /opt/android-ndk-r6b/platforms/android-8/arch-arm/usr/lib/liblog.so
LOAD /opt/android-ndk-r6b/toolchains/arm-linux-androideabi-4.4.3/prebuilt/darwin-x86/bin/../lib/gcc/arm-linux-androideabi/4.4.3/../../../../arm-linux-androideabi/lib/libsupc++.a
LOAD /opt/android-ndk-r6b/platforms/android-8/arch-arm/usr/lib/libstdc++.so
LOAD /opt/android-ndk-r6b/platforms/android-8/arch-arm/usr/lib/libm.so
LOAD /opt/android-ndk-r6b/platforms/android-8/arch-arm/usr/lib/libc.so
LOAD /opt/android-ndk-r6b/toolchains/arm-linux-androideabi-4.4.3/prebuilt/darwin-x86/bin/../lib/gcc/arm-linux-androideabi/4.4.3/libgcc.a
LOAD /opt/android-ndk-r6b/platforms/android-8/arch-arm/usr/lib/libc.so
LOAD /opt/android-ndk-r6b/platforms/android-8/arch-arm/usr/lib/libdl.so
LOAD /opt/android-ndk-r6b/toolchains/arm-linux-androideabi-4.4.3/prebuilt/darwin-x86/bin/../lib/gcc/arm-linux-androideabi/4.4.3/libgcc.a
LOAD /opt/android-ndk-r6b/platforms/android-8/arch-arm/usr/lib/crtend_so.o
                0x000000d4                . = (0x0 + SIZEOF_HEADERS)

.note.gnu.build-id
 *(.note.gnu.build-id)

.hash           0x000000d4      0x4b0
 *(.hash)
 .hash          0x000000d4      0x4b0 /opt/android-ndk-r6b/platforms/android-8/arch-arm/usr/lib/crtbegin_so.o

.gnu.hash
 *(.gnu.hash)

.dynsym         0x00000584      0xa70
 *(.dynsym)
 .dynsym        0x00000584      0xa70 /opt/android-ndk-r6b/platforms/android-8/arch-arm/usr/lib/crtbegin_so.o

.dynstr         0x00000ff4      0x9b5
 *(.dynstr)
 .dynstr        0x00000ff4      0x9b5 /opt/android-ndk-r6b/platforms/android-8/arch-arm/usr/lib/crtbegin_so.o

.gnu.version    0x000019aa        0x0 load address 0x000019a9
 *(.gnu.version)
 .gnu.version   0x00000000        0x0 /opt/android-ndk-r6b/platforms/android-8/arch-arm/usr/lib/crtbegin_so.o

.gnu.version_d  0x000019ac        0x0 load address 0x000019a9
 *(.gnu.version_d)
 .gnu.version_d
                0x00000000        0x0 /opt/android-ndk-r6b/platforms/android-8/arch-arm/usr/lib/crtbegin_so.o

.gnu.version_r  0x000019ac        0x0 load address 0x000019a9
 *(.gnu.version_r)
 .gnu.version_r
                0x00000000        0x0 /opt/android-ndk-r6b/platforms/android-8/arch-arm/usr/lib/crtbegin_so.o

.rel.dyn        0x000019ac      0x2e0
 *(.rel.init)
 *(.rel.text .rel.text.* .rel.gnu.linkonce.t.*)
 .rel.text      0x000019ac        0x8 /opt/android-ndk-r6b/platforms/android-8/arch-arm/usr/lib/crtbegin_so.o
 *(.rel.fini)
 *(.rel.rodata .rel.rodata.* .rel.gnu.linkonce.r.*)
 *(.rel.data.rel.ro* .rel.gnu.linkonce.d.rel.ro.*)
 .rel.data.rel.ro.local
                0x000019b4      0x228 /opt/android-ndk-r6b/platforms/android-8/arch-arm/usr/lib/crtbegin_so.o
 *(.rel.data .rel.data.* .rel.gnu.linkonce.d.*)
 .rel.data.rel.local
                0x00001bdc       0x10 /opt/android-ndk-r6b/platforms/android-8/arch-arm/usr/lib/crtbegin_so.o
 .rel.data.rel  0x00001bec       0x50 /opt/android-ndk-r6b/platforms/android-8/arch-arm/usr/lib/crtbegin_so.o
 *(.rel.tdata .rel.tdata.* .rel.gnu.linkonce.td.*)
 *(.rel.tbss .rel.tbss.* .rel.gnu.linkonce.tb.*)
 *(.rel.ctors)
 *(.rel.dtors)
 *(.rel.got)
 .rel.got       0x00001c3c       0x48 /opt/android-ndk-r6b/platforms/android-8/arch-arm/usr/lib/crtbegin_so.o
 *(.rel.bss .rel.bss.* .rel.gnu.linkonce.b.*)
 .rel.fini_array
                0x00001c84        0x8 /opt/android-ndk-r6b/platforms/android-8/arch-arm/usr/lib/crtbegin_so.o

.rela.dyn
 *(.rela.init)
 *(.rela.text .rela.text.* .rela.gnu.linkonce.t.*)
 *(.rela.fini)
 *(.rela.rodata .rela.rodata.* .rela.gnu.linkonce.r.*)
 *(.rela.data .rela.data.* .rela.gnu.linkonce.d.*)
 *(.rela.tdata .rela.tdata.* .rela.gnu.linkonce.td.*)
 *(.rela.tbss .rela.tbss.* .rela.gnu.linkonce.tb.*)
 *(.rela.ctors)
 *(.rela.dtors)
 *(.rela.got)
 *(.rela.bss .rela.bss.* .rela.gnu.linkonce.b.*)

.rel.plt        0x00001c8c       0x98
 *(.rel.plt)
 .rel.plt       0x00001c8c       0x98 /opt/android-ndk-r6b/platforms/android-8/arch-arm/usr/lib/crtbegin_so.o

.rela.plt
 *(.rela.plt)

.init
 *(.init)

.plt            0x00001d24       0xf8
 *(.plt)
 .plt           0x00001d24       0xf8 /opt/android-ndk-r6b/platforms/android-8/arch-arm/usr/lib/crtbegin_so.o

.text           0x00001e20     0x6d5c
 *(.text .stub .text.* .gnu.linkonce.t.*)
 .text          0x00001e20       0x10 /opt/android-ndk-r6b/platforms/android-8/arch-arm/usr/lib/crtbegin_so.o
 .text          0x00001e30        0x0 /Users/manuel/Work/android/PacketDroid/obj/local/armeabi/objs-debug/multimon/hdlc.o
 .text.check_crc_ccitt
                0x00001e30       0x5c /Users/manuel/Work/android/PacketDroid/obj/local/armeabi/objs-debug/multimon/hdlc.o
 .text.ax25_disp_packet
                0x00001e8c      0xcd4 /Users/manuel/Work/android/PacketDroid/obj/local/armeabi/objs-debug/multimon/hdlc.o
 .text.hdlc_init
                0x00002b60       0x44 /Users/manuel/Work/android/PacketDroid/obj/local/armeabi/objs-debug/multimon/hdlc.o
                0x00002b60                hdlc_init
 .text.hdlc_rxbit
                0x00002ba4      0x1a0 /Users/manuel/Work/android/PacketDroid/obj/local/armeabi/objs-debug/multimon/hdlc.o
                0x00002ba4                hdlc_rxbit
 .text          0x00002d44        0x0 /Users/manuel/Work/android/PacketDroid/obj/local/armeabi/objs-debug/multimon/pocsag.o
 .text.even_parity
                0x00002d44       0x48 /Users/manuel/Work/android/PacketDroid/obj/local/armeabi/objs-debug/multimon/pocsag.o
 .text.pocsag_code
                0x00002d8c       0x88 /Users/manuel/Work/android/PacketDroid/obj/local/armeabi/objs-debug/multimon/pocsag.o
 .text.pocsag_syndrome
                0x00002e14       0x80 /Users/manuel/Work/android/PacketDroid/obj/local/armeabi/objs-debug/multimon/pocsag.o
 .text.print_msg_numeric
                0x00002e94       0xc8 /Users/manuel/Work/android/PacketDroid/obj/local/armeabi/objs-debug/multimon/pocsag.o
 .text.translate_alpha
                0x00002f5c       0x84 /Users/manuel/Work/android/PacketDroid/obj/local/armeabi/objs-debug/multimon/pocsag.o
 .text.print_msg_alpha
                0x00002fe0      0x1f4 /Users/manuel/Work/android/PacketDroid/obj/local/armeabi/objs-debug/multimon/pocsag.o
 .text.print_msg_skyper
                0x000031d4      0x200 /Users/manuel/Work/android/PacketDroid/obj/local/armeabi/objs-debug/multimon/pocsag.o
 .text.pocsag_printmessage
                0x000033d4      0x104 /Users/manuel/Work/android/PacketDroid/obj/local/armeabi/objs-debug/multimon/pocsag.o
 .text.pocsag_init
                0x000034d8       0x1c /Users/manuel/Work/android/PacketDroid/obj/local/armeabi/objs-debug/multimon/pocsag.o
                0x000034d8                pocsag_init
 .text.do_one_bit
                0x000034f4      0x37c /Users/manuel/Work/android/PacketDroid/obj/local/armeabi/objs-debug/multimon/pocsag.o
 .text.pocsag_rxbit
                0x00003870       0x74 /Users/manuel/Work/android/PacketDroid/obj/local/armeabi/objs-debug/multimon/pocsag.o
                0x00003870                pocsag_rxbit
 .text          0x000038e4        0x0 /Users/manuel/Work/android/PacketDroid/obj/local/armeabi/objs-debug/multimon/demod_afsk12.o
 .text.mac      0x000038e4       0x58 /Users/manuel/Work/android/PacketDroid/obj/local/armeabi/objs-debug/multimon/demod_afsk12.o
 .text.fsqr     0x0000393c       0x18 /Users/manuel/Work/android/PacketDroid/obj/local/armeabi/objs-debug/multimon/demod_afsk12.o
 *fill*         0x00003954        0x4 00000000
 .text.afsk12_init
                0x00003958      0x170 /Users/manuel/Work/android/PacketDroid/obj/local/armeabi/objs-debug/multimon/demod_afsk12.o
 .text.afsk12_demod
                0x00003ac8      0x2a4 /Users/manuel/Work/android/PacketDroid/obj/local/armeabi/objs-debug/multimon/demod_afsk12.o
 .text          0x00003d6c        0x0 /Users/manuel/Work/android/PacketDroid/obj/local/armeabi/objs-debug/multimon/demod_afsk24.o
 .text.mac      0x00003d6c       0x58 /Users/manuel/Work/android/PacketDroid/obj/local/armeabi/objs-debug/multimon/demod_afsk24.o
 .text.fsqr     0x00003dc4       0x18 /Users/manuel/Work/android/PacketDroid/obj/local/armeabi/objs-debug/multimon/demod_afsk24.o
 *fill*         0x00003ddc        0x4 00000000
 .text.afsk24_init
                0x00003de0      0x2a8 /Users/manuel/Work/android/PacketDroid/obj/local/armeabi/objs-debug/multimon/demod_afsk24.o
 .text.afsk24_demod
                0x00004088      0x240 /Users/manuel/Work/android/PacketDroid/obj/local/armeabi/objs-debug/multimon/demod_afsk24.o
 .text          0x000042c8        0x0 /Users/manuel/Work/android/PacketDroid/obj/local/armeabi/objs-debug/multimon/demod_afsk24_2.o
 .text.mac      0x000042c8       0x58 /Users/manuel/Work/android/PacketDroid/obj/local/armeabi/objs-debug/multimon/demod_afsk24_2.o
 .text.fsqr     0x00004320       0x18 /Users/manuel/Work/android/PacketDroid/obj/local/armeabi/objs-debug/multimon/demod_afsk24_2.o
 .text.afsk24_2_init
                0x00004338      0x2a8 /Users/manuel/Work/android/PacketDroid/obj/local/armeabi/objs-debug/multimon/demod_afsk24_2.o
 .text.afsk24_2_demod
                0x000045e0      0x240 /Users/manuel/Work/android/PacketDroid/obj/local/armeabi/objs-debug/multimon/demod_afsk24_2.o
 .text          0x00004820        0x0 /Users/manuel/Work/android/PacketDroid/obj/local/armeabi/objs-debug/multimon/demod_dtmf.o
 .text.mac      0x00004820       0x58 /Users/manuel/Work/android/PacketDroid/obj/local/armeabi/objs-debug/multimon/demod_dtmf.o
 .text.fsqr     0x00004878       0x18 /Users/manuel/Work/android/PacketDroid/obj/local/armeabi/objs-debug/multimon/demod_dtmf.o
 .text.dtmf_init
                0x00004890       0x20 /Users/manuel/Work/android/PacketDroid/obj/local/armeabi/objs-debug/multimon/demod_dtmf.o
 .text.find_max_idx
                0x000048b0       0xf0 /Users/manuel/Work/android/PacketDroid/obj/local/armeabi/objs-debug/multimon/demod_dtmf.o
 .text.process_block
                0x000049a0      0x2d0 /Users/manuel/Work/android/PacketDroid/obj/local/armeabi/objs-debug/multimon/demod_dtmf.o
 .text.dtmf_demod
                0x00004c70      0x1c0 /Users/manuel/Work/android/PacketDroid/obj/local/armeabi/objs-debug/multimon/demod_dtmf.o
 .text          0x00004e30        0x0 /Users/manuel/Work/android/PacketDroid/obj/local/armeabi/objs-debug/multimon/demod_fsk96.o
 .text.mac      0x00004e30       0x58 /Users/manuel/Work/android/PacketDroid/obj/local/armeabi/objs-debug/multimon/demod_fsk96.o
 .text.fsqr     0x00004e88       0x18 /Users/manuel/Work/android/PacketDroid/obj/local/armeabi/objs-debug/multimon/demod_fsk96.o
 .text.fsk96_init
                0x00004ea0       0x24 /Users/manuel/Work/android/PacketDroid/obj/local/armeabi/objs-debug/multimon/demod_fsk96.o
 .text.fsk96_demod
                0x00004ec4      0x1f0 /Users/manuel/Work/android/PacketDroid/obj/local/armeabi/objs-debug/multimon/demod_fsk96.o
 .text          0x000050b4        0x0 /Users/manuel/Work/android/PacketDroid/obj/local/armeabi/objs-debug/multimon/demod_hapn48.o
 .text.mac      0x000050b4       0x58 /Users/manuel/Work/android/PacketDroid/obj/local/armeabi/objs-debug/multimon/demod_hapn48.o
 .text.fsqr     0x0000510c       0x18 /Users/manuel/Work/android/PacketDroid/obj/local/armeabi/objs-debug/multimon/demod_hapn48.o
 .text.hapn48_init
                0x00005124       0x24 /Users/manuel/Work/android/PacketDroid/obj/local/armeabi/objs-debug/multimon/demod_hapn48.o
 .text.hapn48_demod
                0x00005148      0x3d8 /Users/manuel/Work/android/PacketDroid/obj/local/armeabi/objs-debug/multimon/demod_hapn48.o
 .text          0x00005520        0x0 /Users/manuel/Work/android/PacketDroid/obj/local/armeabi/objs-debug/multimon/demod_poc12.o
 .text.mac      0x00005520       0x58 /Users/manuel/Work/android/PacketDroid/obj/local/armeabi/objs-debug/multimon/demod_poc12.o
 .text.fsqr     0x00005578       0x18 /Users/manuel/Work/android/PacketDroid/obj/local/armeabi/objs-debug/multimon/demod_poc12.o
 .text.poc12_init
                0x00005590       0x24 /Users/manuel/Work/android/PacketDroid/obj/local/armeabi/objs-debug/multimon/demod_poc12.o
 .text.poc12_demod
                0x000055b4      0x1a4 /Users/manuel/Work/android/PacketDroid/obj/local/armeabi/objs-debug/multimon/demod_poc12.o
 .text          0x00005758        0x0 /Users/manuel/Work/android/PacketDroid/obj/local/armeabi/objs-debug/multimon/demod_poc24.o
 .text.mac      0x00005758       0x58 /Users/manuel/Work/android/PacketDroid/obj/local/armeabi/objs-debug/multimon/demod_poc24.o
 .text.fsqr     0x000057b0       0x18 /Users/manuel/Work/android/PacketDroid/obj/local/armeabi/objs-debug/multimon/demod_poc24.o
 .text.poc24_init
                0x000057c8       0x24 /Users/manuel/Work/android/PacketDroid/obj/local/armeabi/objs-debug/multimon/demod_poc24.o
 .text.poc24_demod
                0x000057ec      0x140 /Users/manuel/Work/android/PacketDroid/obj/local/armeabi/objs-debug/multimon/demod_poc24.o
 .text          0x0000592c        0x0 /Users/manuel/Work/android/PacketDroid/obj/local/armeabi/objs-debug/multimon/demod_poc5.o
 .text.mac      0x0000592c       0x58 /Users/manuel/Work/android/PacketDroid/obj/local/armeabi/objs-debug/multimon/demod_poc5.o
 .text.fsqr     0x00005984       0x18 /Users/manuel/Work/android/PacketDroid/obj/local/armeabi/objs-debug/multimon/demod_poc5.o
 .text.poc5_init
                0x0000599c       0x24 /Users/manuel/Work/android/PacketDroid/obj/local/armeabi/objs-debug/multimon/demod_poc5.o
 .text.poc5_demod
                0x000059c0      0x1a4 /Users/manuel/Work/android/PacketDroid/obj/local/armeabi/objs-debug/multimon/demod_poc5.o
 .text          0x00005b64        0x0 /Users/manuel/Work/android/PacketDroid/obj/local/armeabi/objs-debug/multimon/demod_zvei.o
 .text.mac      0x00005b64       0x58 /Users/manuel/Work/android/PacketDroid/obj/local/armeabi/objs-debug/multimon/demod_zvei.o
 .text.fsqr     0x00005bbc       0x18 /Users/manuel/Work/android/PacketDroid/obj/local/armeabi/objs-debug/multimon/demod_zvei.o
 .text.zvei_init
                0x00005bd4       0x20 /Users/manuel/Work/android/PacketDroid/obj/local/armeabi/objs-debug/multimon/demod_zvei.o
 *fill*         0x00005bf4        0x4 00000000
 .text.find_max_idx
                0x00005bf8       0xf0 /Users/manuel/Work/android/PacketDroid/obj/local/armeabi/objs-debug/multimon/demod_zvei.o
 .text.process_block
                0x00005ce8      0x348 /Users/manuel/Work/android/PacketDroid/obj/local/armeabi/objs-debug/multimon/demod_zvei.o
 .text.zvei_demod
                0x00006030      0x1b0 /Users/manuel/Work/android/PacketDroid/obj/local/armeabi/objs-debug/multimon/demod_zvei.o
 .text          0x000061e0        0x0 /Users/manuel/Work/android/PacketDroid/obj/local/armeabi/objs-debug/multimon/costabf.o
 .text          0x000061e0        0x0 /Users/manuel/Work/android/PacketDroid/obj/local/armeabi/objs-debug/multimon/costabi.o
 .text          0x000061e0        0x0 /Users/manuel/Work/android/PacketDroid/obj/local/armeabi/objs-debug/multimon/multimon.o
 .text.mkfifo   0x000061e0       0x40 /Users/manuel/Work/android/PacketDroid/obj/local/armeabi/objs-debug/multimon/multimon.o
 .text.verbprintf
                0x00006220       0x10 /Users/manuel/Work/android/PacketDroid/obj/local/armeabi/objs-debug/multimon/multimon.o
                0x00006220                verbprintf
 .text.process_buffer
                0x00006230       0x34 /Users/manuel/Work/android/PacketDroid/obj/local/armeabi/objs-debug/multimon/multimon.o
 .text.Java_com_jazzido_PacketDroid_FileBufferProcessor_init
                0x00006264      0x1a8 /Users/manuel/Work/android/PacketDroid/obj/local/armeabi/objs-debug/multimon/multimon.o
                0x00006264                Java_com_jazzido_PacketDroid_FileBufferProcessor_init
 *fill*         0x0000640c        0x4 00000000
 .text.Java_com_jazzido_PacketDroid_FileBufferProcessor_processBuffer2
                0x00006410      0x1d8 /Users/manuel/Work/android/PacketDroid/obj/local/armeabi/objs-debug/multimon/multimon.o
                0x00006410                Java_com_jazzido_PacketDroid_FileBufferProcessor_processBuffer2
 .text.Java_com_jazzido_PacketDroid_FileBufferProcessor_processBuffer
                0x000065e8       0x6c /Users/manuel/Work/android/PacketDroid/obj/local/armeabi/objs-debug/multimon/multimon.o
                0x000065e8                Java_com_jazzido_PacketDroid_FileBufferProcessor_processBuffer
 .text          0x00006654      0x3b8 /opt/android-ndk-r6b/toolchains/arm-linux-androideabi-4.4.3/prebuilt/darwin-x86/bin/../lib/gcc/arm-linux-androideabi/4.4.3/libgcc.a(_arm_addsubdf3.o)
                0x000069ac                __floatdidf
                0x00006930                __floatsidf
                0x0000690c                __aeabi_ui2d
                0x00006654                __aeabi_drsub
                0x00006958                __extendsfdf2
                0x00006660                __adddf3
                0x0000690c                __floatunsidf
                0x00006660                __aeabi_dadd
                0x00006998                __aeabi_ul2d
                0x0000665c                __aeabi_dsub
                0x00006998                __floatundidf
                0x00006930                __aeabi_i2d
                0x000069ac                __aeabi_l2d
                0x00006958                __aeabi_f2d
                0x0000665c                __subdf3
 .text          0x00006a0c      0x470 /opt/android-ndk-r6b/toolchains/arm-linux-androideabi-4.4.3/prebuilt/darwin-x86/bin/../lib/gcc/arm-linux-androideabi/4.4.3/libgcc.a(_arm_muldivdf3.o)
                0x00006c78                __aeabi_ddiv
                0x00006a0c                __aeabi_dmul
                0x00006c78                __divdf3
                0x00006a0c                __muldf3
 .text          0x00006e7c      0x12c /opt/android-ndk-r6b/toolchains/arm-linux-androideabi-4.4.3/prebuilt/darwin-x86/bin/../lib/gcc/arm-linux-androideabi/4.4.3/libgcc.a(_arm_cmpdf2.o)
                0x00006f6c                __aeabi_dcmple
                0x00006e8c                __cmpdf2
                0x00006e8c                __eqdf2
                0x00006e7c                __gtdf2
                0x00006f30                __aeabi_cdcmple
                0x00006f14                __aeabi_cdrcmple
                0x00006e84                __ltdf2
                0x00006f58                __aeabi_dcmplt
                0x00006e84                __ledf2
                0x00006f94                __aeabi_dcmpgt
                0x00006f80                __aeabi_dcmpge
                0x00006e8c                __nedf2
                0x00006f44                __aeabi_dcmpeq
                0x00006f30                __aeabi_cdcmpeq
                0x00006e7c                __gedf2
 .text          0x00006fa8       0xa0 /opt/android-ndk-r6b/toolchains/arm-linux-androideabi-4.4.3/prebuilt/darwin-x86/bin/../lib/gcc/arm-linux-androideabi/4.4.3/libgcc.a(_arm_truncdfsf2.o)
                0x00006fa8                __aeabi_d2f
                0x00006fa8                __truncdfsf2
 .text          0x00007048      0x250 /opt/android-ndk-r6b/toolchains/arm-linux-androideabi-4.4.3/prebuilt/darwin-x86/bin/../lib/gcc/arm-linux-androideabi/4.4.3/libgcc.a(_arm_addsubsf3.o)
                0x00007054                __aeabi_fadd
                0x00007050                __subsf3
                0x000071ec                __aeabi_i2f
                0x00007050                __aeabi_fsub
                0x0000721c                __floatdisf
                0x000071ec                __floatsisf
                0x0000720c                __floatundisf
                0x000071e4                __aeabi_ui2f
                0x0000721c                __aeabi_l2f
                0x0000720c                __aeabi_ul2f
                0x00007048                __aeabi_frsub
                0x000071e4                __floatunsisf
                0x00007054                __addsf3
 .text          0x00007298      0x2f8 /opt/android-ndk-r6b/toolchains/arm-linux-androideabi-4.4.3/prebuilt/darwin-x86/bin/../lib/gcc/arm-linux-androideabi/4.4.3/libgcc.a(_arm_muldivsf3.o)
                0x00007430                __divsf3
                0x00007430                __aeabi_fdiv
                0x00007298                __mulsf3
                0x00007298                __aeabi_fmul
 .text          0x00007590       0xfc /opt/android-ndk-r6b/toolchains/arm-linux-androideabi-4.4.3/prebuilt/darwin-x86/bin/../lib/gcc/arm-linux-androideabi/4.4.3/libgcc.a(_arm_cmpsf2.o)
                0x00007678                __aeabi_fcmpgt
                0x00007598                __lesf2
                0x000075a0                __nesf2
                0x00007664                __aeabi_fcmpge
                0x00007590                __gtsf2
                0x00007650                __aeabi_fcmple
                0x000075a0                __eqsf2
                0x000075a0                __cmpsf2
                0x00007598                __ltsf2
                0x00007614                __aeabi_cfcmple
                0x00007590                __gesf2
                0x00007628                __aeabi_fcmpeq
                0x00007604                __aeabi_cfrcmple
                0x0000763c                __aeabi_fcmplt
                0x00007614                __aeabi_cfcmpeq
 .text          0x0000768c      0xec4 /opt/android-ndk-r6b/toolchains/arm-linux-androideabi-4.4.3/prebuilt/darwin-x86/bin/../lib/gcc/arm-linux-androideabi/4.4.3/libgcc.a(unwind-arm.o)
                0x000080b4                __gnu_Unwind_RaiseException
                0x00007c0c                __aeabi_unwind_cpp_pr0
                0x0000773c                _Unwind_GetCFA
                0x000076d8                _Unwind_VRS_Set
                0x00007e50                __gnu_Unwind_Backtrace
                0x000081e4                _Unwind_VRS_Pop
                0x00007bfc                __aeabi_unwind_cpp_pr2
                0x00007748                _Unwind_DeleteException
                0x00007744                _Unwind_Complete
                0x00008178                __gnu_Unwind_Resume
                0x00008040                __gnu_Unwind_ForcedUnwind
                0x00008158                __gnu_Unwind_Resume_or_Rethrow
                0x0000768c                _Unwind_VRS_Get
                0x00007c04                __aeabi_unwind_cpp_pr1
 .text          0x00008550      0x1a8 /opt/android-ndk-r6b/toolchains/arm-linux-androideabi-4.4.3/prebuilt/darwin-x86/bin/../lib/gcc/arm-linux-androideabi/4.4.3/libgcc.a(libunwind.o)
                0x000086b0                ___Unwind_ForcedUnwind
                0x0000856c                __gnu_Unwind_Save_VFP
                0x0000868c                _Unwind_Resume_or_Rethrow
                0x0000868c                ___Unwind_Resume_or_Rethrow
                0x000086d4                _Unwind_Backtrace
                0x00008550                __restore_core_regs
                0x0000858c                __gnu_Unwind_Save_VFP_D_16_to_31
                0x0000857c                __gnu_Unwind_Save_VFP_D
                0x000086d4                ___Unwind_Backtrace
                0x00008644                ___Unwind_RaiseException
                0x00008668                ___Unwind_Resume
                0x00008594                __gnu_Unwind_Restore_WMMXD
                0x00008564                __gnu_Unwind_Restore_VFP
                0x00008668                _Unwind_Resume
                0x00008574                __gnu_Unwind_Restore_VFP_D
                0x00008584                __gnu_Unwind_Restore_VFP_D_16_to_31
                0x00008644                _Unwind_RaiseException
                0x00008550                restore_core_regs
                0x00008630                __gnu_Unwind_Save_WMMXC
                0x0000861c                __gnu_Unwind_Restore_WMMXC
                0x000086b0                _Unwind_ForcedUnwind
                0x000085d8                __gnu_Unwind_Save_WMMXD
 .text          0x000086f8      0x484 /opt/android-ndk-r6b/toolchains/arm-linux-androideabi-4.4.3/prebuilt/darwin-x86/bin/../lib/gcc/arm-linux-androideabi/4.4.3/libgcc.a(pr-support.o)
                0x00008798                _Unwind_GetRegionStart
                0x000087c4                __gnu_unwind_execute
                0x00008750                _Unwind_GetTextRelBase
                0x00008760                _Unwind_GetLanguageSpecificData
                0x00008b3c                __gnu_unwind_frame
                0x00008758                _Unwind_GetDataRelBase
 .text          0x00008b7c        0x0 /opt/android-ndk-r6b/platforms/android-8/arch-arm/usr/lib/crtend_so.o
 *(.gnu.warning)
 *(.glue_7t)
 .glue_7t       0x00000000        0x0 linker stubs
 *(.glue_7)
 .glue_7        0x00000000        0x0 linker stubs
 *(.vfp11_veneer)
 .vfp11_veneer  0x00000000        0x0 linker stubs
 *(.v4_bx)
 .v4_bx         0x00000000        0x0 linker stubs

.fini
 *(.fini)
                0x00008b7c                PROVIDE (__etext, .)
                0x00008b7c                PROVIDE (_etext, .)
                0x00008b7c                PROVIDE (etext, .)

.rodata         0x00008b7c      0xa18
 *(.rodata .rodata.* .gnu.linkonce.r.*)
 .rodata        0x00008b7c      0x32c /Users/manuel/Work/android/PacketDroid/obj/local/armeabi/objs-debug/multimon/hdlc.o
 .rodata        0x00008ea8      0x2e8 /Users/manuel/Work/android/PacketDroid/obj/local/armeabi/objs-debug/multimon/pocsag.o
 .rodata        0x00009190       0x18 /Users/manuel/Work/android/PacketDroid/obj/local/armeabi/objs-debug/multimon/demod_afsk12.o
 .rodata        0x000091a8       0x18 /Users/manuel/Work/android/PacketDroid/obj/local/armeabi/objs-debug/multimon/demod_afsk24.o
 .rodata        0x000091c0       0x18 /Users/manuel/Work/android/PacketDroid/obj/local/armeabi/objs-debug/multimon/demod_afsk24_2.o
 .rodata        0x000091d8       0x94 /Users/manuel/Work/android/PacketDroid/obj/local/armeabi/objs-debug/multimon/demod_dtmf.o
 .rodata        0x0000926c      0x134 /Users/manuel/Work/android/PacketDroid/obj/local/armeabi/objs-debug/multimon/demod_fsk96.o
 .rodata        0x000093a0       0x18 /Users/manuel/Work/android/PacketDroid/obj/local/armeabi/objs-debug/multimon/demod_hapn48.o
 .rodata        0x000093b8       0x10 /Users/manuel/Work/android/PacketDroid/obj/local/armeabi/objs-debug/multimon/demod_poc12.o
 .rodata        0x000093c8       0x10 /Users/manuel/Work/android/PacketDroid/obj/local/armeabi/objs-debug/multimon/demod_poc24.o
 .rodata        0x000093d8       0x10 /Users/manuel/Work/android/PacketDroid/obj/local/armeabi/objs-debug/multimon/demod_poc5.o
 .rodata        0x000093e8      0x10c /Users/manuel/Work/android/PacketDroid/obj/local/armeabi/objs-debug/multimon/demod_zvei.o
 .rodata        0x000094f4       0xa0 /Users/manuel/Work/android/PacketDroid/obj/local/armeabi/objs-debug/multimon/multimon.o

.rodata1
 *(.rodata1)

.ARM.extab      0x00009594       0x24
 *(.ARM.extab* .gnu.linkonce.armextab.*)
 .ARM.extab.text.check_crc_ccitt
                0x00009594        0x0 /Users/manuel/Work/android/PacketDroid/obj/local/armeabi/objs-debug/multimon/hdlc.o
 .ARM.extab.text.ax25_disp_packet
                0x00009594        0x0 /Users/manuel/Work/android/PacketDroid/obj/local/armeabi/objs-debug/multimon/hdlc.o
 .ARM.extab.text.hdlc_init
                0x00009594        0x0 /Users/manuel/Work/android/PacketDroid/obj/local/armeabi/objs-debug/multimon/hdlc.o
 .ARM.extab.text.hdlc_rxbit
                0x00009594        0x0 /Users/manuel/Work/android/PacketDroid/obj/local/armeabi/objs-debug/multimon/hdlc.o
 .ARM.extab.text.even_parity
                0x00009594        0x0 /Users/manuel/Work/android/PacketDroid/obj/local/armeabi/objs-debug/multimon/pocsag.o
 .ARM.extab.text.pocsag_code
                0x00009594        0x0 /Users/manuel/Work/android/PacketDroid/obj/local/armeabi/objs-debug/multimon/pocsag.o
 .ARM.extab.text.pocsag_syndrome
                0x00009594        0x0 /Users/manuel/Work/android/PacketDroid/obj/local/armeabi/objs-debug/multimon/pocsag.o
 .ARM.extab.text.print_msg_numeric
                0x00009594        0x0 /Users/manuel/Work/android/PacketDroid/obj/local/armeabi/objs-debug/multimon/pocsag.o
 .ARM.extab.text.translate_alpha
                0x00009594        0x0 /Users/manuel/Work/android/PacketDroid/obj/local/armeabi/objs-debug/multimon/pocsag.o
 .ARM.extab.text.print_msg_alpha
                0x00009594        0x0 /Users/manuel/Work/android/PacketDroid/obj/local/armeabi/objs-debug/multimon/pocsag.o
 .ARM.extab.text.print_msg_skyper
                0x00009594        0x0 /Users/manuel/Work/android/PacketDroid/obj/local/armeabi/objs-debug/multimon/pocsag.o
 .ARM.extab.text.pocsag_printmessage
                0x00009594        0x0 /Users/manuel/Work/android/PacketDroid/obj/local/armeabi/objs-debug/multimon/pocsag.o
 .ARM.extab.text.pocsag_init
                0x00009594        0x0 /Users/manuel/Work/android/PacketDroid/obj/local/armeabi/objs-debug/multimon/pocsag.o
 .ARM.extab.text.do_one_bit
                0x00009594        0x0 /Users/manuel/Work/android/PacketDroid/obj/local/armeabi/objs-debug/multimon/pocsag.o
 .ARM.extab.text.pocsag_rxbit
                0x00009594        0x0 /Users/manuel/Work/android/PacketDroid/obj/local/armeabi/objs-debug/multimon/pocsag.o
 .ARM.extab.text.mac
                0x00009594        0x0 /Users/manuel/Work/android/PacketDroid/obj/local/armeabi/objs-debug/multimon/demod_afsk12.o
 .ARM.extab.text.fsqr
                0x00009594        0x0 /Users/manuel/Work/android/PacketDroid/obj/local/armeabi/objs-debug/multimon/demod_afsk12.o
 .ARM.extab.text.afsk12_init
                0x00009594        0x0 /Users/manuel/Work/android/PacketDroid/obj/local/armeabi/objs-debug/multimon/demod_afsk12.o
 .ARM.extab.text.afsk12_demod
                0x00009594        0x0 /Users/manuel/Work/android/PacketDroid/obj/local/armeabi/objs-debug/multimon/demod_afsk12.o
 .ARM.extab.text.mac
                0x00009594        0x0 /Users/manuel/Work/android/PacketDroid/obj/local/armeabi/objs-debug/multimon/demod_afsk24.o
 .ARM.extab.text.fsqr
                0x00009594        0x0 /Users/manuel/Work/android/PacketDroid/obj/local/armeabi/objs-debug/multimon/demod_afsk24.o
 .ARM.extab.text.afsk24_init
                0x00009594        0x0 /Users/manuel/Work/android/PacketDroid/obj/local/armeabi/objs-debug/multimon/demod_afsk24.o
 .ARM.extab.text.afsk24_demod
                0x00009594        0x0 /Users/manuel/Work/android/PacketDroid/obj/local/armeabi/objs-debug/multimon/demod_afsk24.o
 .ARM.extab.text.mac
                0x00009594        0x0 /Users/manuel/Work/android/PacketDroid/obj/local/armeabi/objs-debug/multimon/demod_afsk24_2.o
 .ARM.extab.text.fsqr
                0x00009594        0x0 /Users/manuel/Work/android/PacketDroid/obj/local/armeabi/objs-debug/multimon/demod_afsk24_2.o
 .ARM.extab.text.afsk24_2_init
                0x00009594        0x0 /Users/manuel/Work/android/PacketDroid/obj/local/armeabi/objs-debug/multimon/demod_afsk24_2.o
 .ARM.extab.text.afsk24_2_demod
                0x00009594        0x0 /Users/manuel/Work/android/PacketDroid/obj/local/armeabi/objs-debug/multimon/demod_afsk24_2.o
 .ARM.extab.text.mac
                0x00009594        0x0 /Users/manuel/Work/android/PacketDroid/obj/local/armeabi/objs-debug/multimon/demod_dtmf.o
 .ARM.extab.text.fsqr
                0x00009594        0x0 /Users/manuel/Work/android/PacketDroid/obj/local/armeabi/objs-debug/multimon/demod_dtmf.o
 .ARM.extab.text.dtmf_init
                0x00009594        0x0 /Users/manuel/Work/android/PacketDroid/obj/local/armeabi/objs-debug/multimon/demod_dtmf.o
 .ARM.extab.text.find_max_idx
                0x00009594        0x0 /Users/manuel/Work/android/PacketDroid/obj/local/armeabi/objs-debug/multimon/demod_dtmf.o
 .ARM.extab.text.process_block
                0x00009594        0x0 /Users/manuel/Work/android/PacketDroid/obj/local/armeabi/objs-debug/multimon/demod_dtmf.o
 .ARM.extab.text.dtmf_demod
                0x00009594        0x0 /Users/manuel/Work/android/PacketDroid/obj/local/armeabi/objs-debug/multimon/demod_dtmf.o
 .ARM.extab.text.mac
                0x00009594        0x0 /Users/manuel/Work/android/PacketDroid/obj/local/armeabi/objs-debug/multimon/demod_fsk96.o
 .ARM.extab.text.fsqr
                0x00009594        0x0 /Users/manuel/Work/android/PacketDroid/obj/local/armeabi/objs-debug/multimon/demod_fsk96.o
 .ARM.extab.text.fsk96_init
                0x00009594        0x0 /Users/manuel/Work/android/PacketDroid/obj/local/armeabi/objs-debug/multimon/demod_fsk96.o
 .ARM.extab.text.fsk96_demod
                0x00009594        0x0 /Users/manuel/Work/android/PacketDroid/obj/local/armeabi/objs-debug/multimon/demod_fsk96.o
 .ARM.extab.text.mac
                0x00009594        0x0 /Users/manuel/Work/android/PacketDroid/obj/local/armeabi/objs-debug/multimon/demod_hapn48.o
 .ARM.extab.text.fsqr
                0x00009594        0x0 /Users/manuel/Work/android/PacketDroid/obj/local/armeabi/objs-debug/multimon/demod_hapn48.o
 .ARM.extab.text.hapn48_init
                0x00009594        0x0 /Users/manuel/Work/android/PacketDroid/obj/local/armeabi/objs-debug/multimon/demod_hapn48.o
 .ARM.extab.text.hapn48_demod
                0x00009594        0x0 /Users/manuel/Work/android/PacketDroid/obj/local/armeabi/objs-debug/multimon/demod_hapn48.o
 .ARM.extab.text.mac
                0x00009594        0x0 /Users/manuel/Work/android/PacketDroid/obj/local/armeabi/objs-debug/multimon/demod_poc12.o
 .ARM.extab.text.fsqr
                0x00009594        0x0 /Users/manuel/Work/android/PacketDroid/obj/local/armeabi/objs-debug/multimon/demod_poc12.o
 .ARM.extab.text.poc12_init
                0x00009594        0x0 /Users/manuel/Work/android/PacketDroid/obj/local/armeabi/objs-debug/multimon/demod_poc12.o
 .ARM.extab.text.poc12_demod
                0x00009594        0x0 /Users/manuel/Work/android/PacketDroid/obj/local/armeabi/objs-debug/multimon/demod_poc12.o
 .ARM.extab.text.mac
                0x00009594        0x0 /Users/manuel/Work/android/PacketDroid/obj/local/armeabi/objs-debug/multimon/demod_poc24.o
 .ARM.extab.text.fsqr
                0x00009594        0x0 /Users/manuel/Work/android/PacketDroid/obj/local/armeabi/objs-debug/multimon/demod_poc24.o
 .ARM.extab.text.poc24_init
                0x00009594        0x0 /Users/manuel/Work/android/PacketDroid/obj/local/armeabi/objs-debug/multimon/demod_poc24.o
 .ARM.extab.text.poc24_demod
                0x00009594        0x0 /Users/manuel/Work/android/PacketDroid/obj/local/armeabi/objs-debug/multimon/demod_poc24.o
 .ARM.extab.text.mac
                0x00009594        0x0 /Users/manuel/Work/android/PacketDroid/obj/local/armeabi/objs-debug/multimon/demod_poc5.o
 .ARM.extab.text.fsqr
                0x00009594        0x0 /Users/manuel/Work/android/PacketDroid/obj/local/armeabi/objs-debug/multimon/demod_poc5.o
 .ARM.extab.text.poc5_init
                0x00009594        0x0 /Users/manuel/Work/android/PacketDroid/obj/local/armeabi/objs-debug/multimon/demod_poc5.o
 .ARM.extab.text.poc5_demod
                0x00009594        0x0 /Users/manuel/Work/android/PacketDroid/obj/local/armeabi/objs-debug/multimon/demod_poc5.o
 .ARM.extab.text.mac
                0x00009594        0x0 /Users/manuel/Work/android/PacketDroid/obj/local/armeabi/objs-debug/multimon/demod_zvei.o
 .ARM.extab.text.fsqr
                0x00009594        0x0 /Users/manuel/Work/android/PacketDroid/obj/local/armeabi/objs-debug/multimon/demod_zvei.o
 .ARM.extab.text.zvei_init
                0x00009594        0x0 /Users/manuel/Work/android/PacketDroid/obj/local/armeabi/objs-debug/multimon/demod_zvei.o
 .ARM.extab.text.find_max_idx
                0x00009594        0x0 /Users/manuel/Work/android/PacketDroid/obj/local/armeabi/objs-debug/multimon/demod_zvei.o
 .ARM.extab.text.process_block
                0x00009594        0x0 /Users/manuel/Work/android/PacketDroid/obj/local/armeabi/objs-debug/multimon/demod_zvei.o
 .ARM.extab.text.zvei_demod
                0x00009594        0x0 /Users/manuel/Work/android/PacketDroid/obj/local/armeabi/objs-debug/multimon/demod_zvei.o
 .ARM.extab.text.mkfifo
                0x00009594        0x0 /Users/manuel/Work/android/PacketDroid/obj/local/armeabi/objs-debug/multimon/multimon.o
 .ARM.extab.text.verbprintf
                0x00009594        0x0 /Users/manuel/Work/android/PacketDroid/obj/local/armeabi/objs-debug/multimon/multimon.o
 .ARM.extab.text.process_buffer
                0x00009594        0x0 /Users/manuel/Work/android/PacketDroid/obj/local/armeabi/objs-debug/multimon/multimon.o
 .ARM.extab.text.Java_com_jazzido_PacketDroid_FileBufferProcessor_init
                0x00009594        0x0 /Users/manuel/Work/android/PacketDroid/obj/local/armeabi/objs-debug/multimon/multimon.o
 .ARM.extab.text.Java_com_jazzido_PacketDroid_FileBufferProcessor_processBuffer2
                0x00009594        0x0 /Users/manuel/Work/android/PacketDroid/obj/local/armeabi/objs-debug/multimon/multimon.o
 .ARM.extab.text.Java_com_jazzido_PacketDroid_FileBufferProcessor_processBuffer
                0x00009594        0x0 /Users/manuel/Work/android/PacketDroid/obj/local/armeabi/objs-debug/multimon/multimon.o
 .ARM.extab     0x00009594       0x24 /opt/android-ndk-r6b/toolchains/arm-linux-androideabi-4.4.3/prebuilt/darwin-x86/bin/../lib/gcc/arm-linux-androideabi/4.4.3/libgcc.a(unwind-arm.o)
 .ARM.extab     0x000095b8        0x0 /opt/android-ndk-r6b/toolchains/arm-linux-androideabi-4.4.3/prebuilt/darwin-x86/bin/../lib/gcc/arm-linux-androideabi/4.4.3/libgcc.a(pr-support.o)
                0x000095b8                __exidx_start = .

.ARM.exidx      0x000095b8      0x2e0
 *(.ARM.exidx* .gnu.linkonce.armexidx.*)
 .ARM.exidx.text.check_crc_ccitt
                0x000095b8        0x8 /Users/manuel/Work/android/PacketDroid/obj/local/armeabi/objs-debug/multimon/hdlc.o
 .ARM.exidx.text.ax25_disp_packet
                0x000095c0        0x8 /Users/manuel/Work/android/PacketDroid/obj/local/armeabi/objs-debug/multimon/hdlc.o
 .ARM.exidx.text.hdlc_init
                0x000095c8        0x8 /Users/manuel/Work/android/PacketDroid/obj/local/armeabi/objs-debug/multimon/hdlc.o
 .ARM.exidx.text.hdlc_rxbit
                0x000095d0        0x8 /Users/manuel/Work/android/PacketDroid/obj/local/armeabi/objs-debug/multimon/hdlc.o
 .ARM.exidx.text.even_parity
                0x000095d8        0x8 /Users/manuel/Work/android/PacketDroid/obj/local/armeabi/objs-debug/multimon/pocsag.o
 .ARM.exidx.text.pocsag_code
                0x000095e0        0x8 /Users/manuel/Work/android/PacketDroid/obj/local/armeabi/objs-debug/multimon/pocsag.o
 .ARM.exidx.text.pocsag_syndrome
                0x000095e8        0x8 /Users/manuel/Work/android/PacketDroid/obj/local/armeabi/objs-debug/multimon/pocsag.o
 .ARM.exidx.text.print_msg_numeric
                0x000095f0        0x8 /Users/manuel/Work/android/PacketDroid/obj/local/armeabi/objs-debug/multimon/pocsag.o
 .ARM.exidx.text.translate_alpha
                0x000095f8        0x8 /Users/manuel/Work/android/PacketDroid/obj/local/armeabi/objs-debug/multimon/pocsag.o
 .ARM.exidx.text.print_msg_alpha
                0x00009600        0x8 /Users/manuel/Work/android/PacketDroid/obj/local/armeabi/objs-debug/multimon/pocsag.o
 .ARM.exidx.text.print_msg_skyper
                0x00009608        0x8 /Users/manuel/Work/android/PacketDroid/obj/local/armeabi/objs-debug/multimon/pocsag.o
 .ARM.exidx.text.pocsag_printmessage
                0x00009610        0x8 /Users/manuel/Work/android/PacketDroid/obj/local/armeabi/objs-debug/multimon/pocsag.o
 .ARM.exidx.text.pocsag_init
                0x00009618        0x8 /Users/manuel/Work/android/PacketDroid/obj/local/armeabi/objs-debug/multimon/pocsag.o
 .ARM.exidx.text.do_one_bit
                0x00009620        0x8 /Users/manuel/Work/android/PacketDroid/obj/local/armeabi/objs-debug/multimon/pocsag.o
 .ARM.exidx.text.pocsag_rxbit
                0x00009628        0x8 /Users/manuel/Work/android/PacketDroid/obj/local/armeabi/objs-debug/multimon/pocsag.o
 .ARM.exidx.text.mac
                0x00009630        0x8 /Users/manuel/Work/android/PacketDroid/obj/local/armeabi/objs-debug/multimon/demod_afsk12.o
 .ARM.exidx.text.fsqr
                0x00009638        0x8 /Users/manuel/Work/android/PacketDroid/obj/local/armeabi/objs-debug/multimon/demod_afsk12.o
 .ARM.exidx.text.afsk12_init
                0x00009640        0x8 /Users/manuel/Work/android/PacketDroid/obj/local/armeabi/objs-debug/multimon/demod_afsk12.o
 .ARM.exidx.text.afsk12_demod
                0x00009648        0x8 /Users/manuel/Work/android/PacketDroid/obj/local/armeabi/objs-debug/multimon/demod_afsk12.o
 .ARM.exidx.text.mac
                0x00009650        0x8 /Users/manuel/Work/android/PacketDroid/obj/local/armeabi/objs-debug/multimon/demod_afsk24.o
 .ARM.exidx.text.fsqr
                0x00009658        0x8 /Users/manuel/Work/android/PacketDroid/obj/local/armeabi/objs-debug/multimon/demod_afsk24.o
 .ARM.exidx.text.afsk24_init
                0x00009660        0x8 /Users/manuel/Work/android/PacketDroid/obj/local/armeabi/objs-debug/multimon/demod_afsk24.o
 .ARM.exidx.text.afsk24_demod
                0x00009668        0x8 /Users/manuel/Work/android/PacketDroid/obj/local/armeabi/objs-debug/multimon/demod_afsk24.o
 .ARM.exidx.text.mac
                0x00009670        0x8 /Users/manuel/Work/android/PacketDroid/obj/local/armeabi/objs-debug/multimon/demod_afsk24_2.o
 .ARM.exidx.text.fsqr
                0x00009678        0x8 /Users/manuel/Work/android/PacketDroid/obj/local/armeabi/objs-debug/multimon/demod_afsk24_2.o
 .ARM.exidx.text.afsk24_2_init
                0x00009680        0x8 /Users/manuel/Work/android/PacketDroid/obj/local/armeabi/objs-debug/multimon/demod_afsk24_2.o
 .ARM.exidx.text.afsk24_2_demod
                0x00009688        0x8 /Users/manuel/Work/android/PacketDroid/obj/local/armeabi/objs-debug/multimon/demod_afsk24_2.o
 .ARM.exidx.text.mac
                0x00009690        0x8 /Users/manuel/Work/android/PacketDroid/obj/local/armeabi/objs-debug/multimon/demod_dtmf.o
 .ARM.exidx.text.fsqr
                0x00009698        0x8 /Users/manuel/Work/android/PacketDroid/obj/local/armeabi/objs-debug/multimon/demod_dtmf.o
 .ARM.exidx.text.dtmf_init
                0x000096a0        0x8 /Users/manuel/Work/android/PacketDroid/obj/local/armeabi/objs-debug/multimon/demod_dtmf.o
 .ARM.exidx.text.find_max_idx
                0x000096a8        0x8 /Users/manuel/Work/android/PacketDroid/obj/local/armeabi/objs-debug/multimon/demod_dtmf.o
 .ARM.exidx.text.process_block
                0x000096b0        0x8 /Users/manuel/Work/android/PacketDroid/obj/local/armeabi/objs-debug/multimon/demod_dtmf.o
 .ARM.exidx.text.dtmf_demod
                0x000096b8        0x8 /Users/manuel/Work/android/PacketDroid/obj/local/armeabi/objs-debug/multimon/demod_dtmf.o
 .ARM.exidx.text.mac
                0x000096c0        0x8 /Users/manuel/Work/android/PacketDroid/obj/local/armeabi/objs-debug/multimon/demod_fsk96.o
 .ARM.exidx.text.fsqr
                0x000096c8        0x8 /Users/manuel/Work/android/PacketDroid/obj/local/armeabi/objs-debug/multimon/demod_fsk96.o
 .ARM.exidx.text.fsk96_init
                0x000096d0        0x8 /Users/manuel/Work/android/PacketDroid/obj/local/armeabi/objs-debug/multimon/demod_fsk96.o
 .ARM.exidx.text.fsk96_demod
                0x000096d8        0x8 /Users/manuel/Work/android/PacketDroid/obj/local/armeabi/objs-debug/multimon/demod_fsk96.o
 .ARM.exidx.text.mac
                0x000096e0        0x8 /Users/manuel/Work/android/PacketDroid/obj/local/armeabi/objs-debug/multimon/demod_hapn48.o
 .ARM.exidx.text.fsqr
                0x000096e8        0x8 /Users/manuel/Work/android/PacketDroid/obj/local/armeabi/objs-debug/multimon/demod_hapn48.o
 .ARM.exidx.text.hapn48_init
                0x000096f0        0x8 /Users/manuel/Work/android/PacketDroid/obj/local/armeabi/objs-debug/multimon/demod_hapn48.o
 .ARM.exidx.text.hapn48_demod
                0x000096f8        0x8 /Users/manuel/Work/android/PacketDroid/obj/local/armeabi/objs-debug/multimon/demod_hapn48.o
 .ARM.exidx.text.mac
                0x00009700        0x8 /Users/manuel/Work/android/PacketDroid/obj/local/armeabi/objs-debug/multimon/demod_poc12.o
 .ARM.exidx.text.fsqr
                0x00009708        0x8 /Users/manuel/Work/android/PacketDroid/obj/local/armeabi/objs-debug/multimon/demod_poc12.o
 .ARM.exidx.text.poc12_init
                0x00009710        0x8 /Users/manuel/Work/android/PacketDroid/obj/local/armeabi/objs-debug/multimon/demod_poc12.o
 .ARM.exidx.text.poc12_demod
                0x00009718        0x8 /Users/manuel/Work/android/PacketDroid/obj/local/armeabi/objs-debug/multimon/demod_poc12.o
 .ARM.exidx.text.mac
                0x00009720        0x8 /Users/manuel/Work/android/PacketDroid/obj/local/armeabi/objs-debug/multimon/demod_poc24.o
 .ARM.exidx.text.fsqr
                0x00009728        0x8 /Users/manuel/Work/android/PacketDroid/obj/local/armeabi/objs-debug/multimon/demod_poc24.o
 .ARM.exidx.text.poc24_init
                0x00009730        0x8 /Users/manuel/Work/android/PacketDroid/obj/local/armeabi/objs-debug/multimon/demod_poc24.o
 .ARM.exidx.text.poc24_demod
                0x00009738        0x8 /Users/manuel/Work/android/PacketDroid/obj/local/armeabi/objs-debug/multimon/demod_poc24.o
 .ARM.exidx.text.mac
                0x00009740        0x8 /Users/manuel/Work/android/PacketDroid/obj/local/armeabi/objs-debug/multimon/demod_poc5.o
 .ARM.exidx.text.fsqr
                0x00009748        0x8 /Users/manuel/Work/android/PacketDroid/obj/local/armeabi/objs-debug/multimon/demod_poc5.o
 .ARM.exidx.text.poc5_init
                0x00009750        0x8 /Users/manuel/Work/android/PacketDroid/obj/local/armeabi/objs-debug/multimon/demod_poc5.o
 .ARM.exidx.text.poc5_demod
                0x00009758        0x8 /Users/manuel/Work/android/PacketDroid/obj/local/armeabi/objs-debug/multimon/demod_poc5.o
 .ARM.exidx.text.mac
                0x00009760        0x8 /Users/manuel/Work/android/PacketDroid/obj/local/armeabi/objs-debug/multimon/demod_zvei.o
 .ARM.exidx.text.fsqr
                0x00009768        0x8 /Users/manuel/Work/android/PacketDroid/obj/local/armeabi/objs-debug/multimon/demod_zvei.o
 .ARM.exidx.text.zvei_init
                0x00009770        0x8 /Users/manuel/Work/android/PacketDroid/obj/local/armeabi/objs-debug/multimon/demod_zvei.o
 .ARM.exidx.text.find_max_idx
                0x00009778        0x8 /Users/manuel/Work/android/PacketDroid/obj/local/armeabi/objs-debug/multimon/demod_zvei.o
 .ARM.exidx.text.process_block
                0x00009780        0x8 /Users/manuel/Work/android/PacketDroid/obj/local/armeabi/objs-debug/multimon/demod_zvei.o
 .ARM.exidx.text.zvei_demod
                0x00009788        0x8 /Users/manuel/Work/android/PacketDroid/obj/local/armeabi/objs-debug/multimon/demod_zvei.o
 .ARM.exidx.text.mkfifo
                0x00009790        0x8 /Users/manuel/Work/android/PacketDroid/obj/local/armeabi/objs-debug/multimon/multimon.o
 .ARM.exidx.text.verbprintf
                0x00009798        0x8 /Users/manuel/Work/android/PacketDroid/obj/local/armeabi/objs-debug/multimon/multimon.o
 .ARM.exidx.text.process_buffer
                0x000097a0        0x8 /Users/manuel/Work/android/PacketDroid/obj/local/armeabi/objs-debug/multimon/multimon.o
 .ARM.exidx.text.Java_com_jazzido_PacketDroid_FileBufferProcessor_init
                0x000097a8        0x8 /Users/manuel/Work/android/PacketDroid/obj/local/armeabi/objs-debug/multimon/multimon.o
 .ARM.exidx.text.Java_com_jazzido_PacketDroid_FileBufferProcessor_processBuffer2
                0x000097b0        0x8 /Users/manuel/Work/android/PacketDroid/obj/local/armeabi/objs-debug/multimon/multimon.o
 .ARM.exidx.text.Java_com_jazzido_PacketDroid_FileBufferProcessor_processBuffer
                0x000097b8        0x8 /Users/manuel/Work/android/PacketDroid/obj/local/armeabi/objs-debug/multimon/multimon.o
 .ARM.exidx     0x000097c0       0xa0 /opt/android-ndk-r6b/toolchains/arm-linux-androideabi-4.4.3/prebuilt/darwin-x86/bin/../lib/gcc/arm-linux-androideabi/4.4.3/libgcc.a(unwind-arm.o)
 .ARM.exidx     0x00009860       0x38 /opt/android-ndk-r6b/toolchains/arm-linux-androideabi-4.4.3/prebuilt/darwin-x86/bin/../lib/gcc/arm-linux-androideabi/4.4.3/libgcc.a(pr-support.o)
                0x00009898                __exidx_end = .

.eh_frame_hdr
 *(.eh_frame_hdr)

.eh_frame
 *(.eh_frame)

.gcc_except_table
 *(.gcc_except_table .gcc_except_table.*)
                0x00009898                . = (ALIGN (0x1000) - ((0x1000 - .) & 0xfff))
                0x0000a898                . = (0x1000 DATA_SEGMENT_ALIGN 0x1000)

.eh_frame
 *(.eh_frame)

.gcc_except_table
 *(.gcc_except_table .gcc_except_table.*)

.tdata
 *(.tdata .tdata.* .gnu.linkonce.td.*)

.tbss
 *(.tbss .tbss.* .gnu.linkonce.tb.*)
 *(.tcommon)

.preinit_array
 *(.preinit_array)

.init_array     0x0000a898        0x8
 *(SORT(.init_array.*))
 *(.init_array)
 .init_array    0x0000a898        0x4 /opt/android-ndk-r6b/platforms/android-8/arch-arm/usr/lib/crtbegin_so.o
                0x0000a898                __INIT_ARRAY__
 .init_array    0x0000a89c        0x4 /opt/android-ndk-r6b/platforms/android-8/arch-arm/usr/lib/crtend_so.o

.fini_array     0x0000a8a0        0xc
 *(.fini_array)
 .fini_array    0x0000a8a0        0x8 /opt/android-ndk-r6b/platforms/android-8/arch-arm/usr/lib/crtbegin_so.o
                0x0000a8a0                __FINI_ARRAY__
 .fini_array    0x0000a8a8        0x4 /opt/android-ndk-r6b/platforms/android-8/arch-arm/usr/lib/crtend_so.o
 *(SORT(.fini_array.*))

.ctors
 *crtbegin.o(.ctors)
 *crtbegin?.o(.ctors)
 *(EXCLUDE_FILE(*crtend?.o *crtend.o) .ctors)
 *(SORT(.ctors.*))
 *(.ctors)

.dtors
 *crtbegin.o(.dtors)
 *crtbegin?.o(.dtors)
 *(EXCLUDE_FILE(*crtend?.o *crtend.o) .dtors)
 *(SORT(.dtors.*))
 *(.dtors)

.jcr
 *(.jcr)

.data.rel.ro    0x0000a8ac      0x200
 *(.data.rel.ro.local* .gnu.linkonce.d.rel.ro.local.*)
 .data.rel.ro.local
                0x0000a8ac      0x138 /Users/manuel/Work/android/PacketDroid/obj/local/armeabi/objs-debug/multimon/pocsag.o
 .data.rel.ro.local
                0x0000a9e4       0x14 /Users/manuel/Work/android/PacketDroid/obj/local/armeabi/objs-debug/multimon/demod_afsk12.o
                0x0000a9e4                demod_afsk1200
 .data.rel.ro.local
                0x0000a9f8       0x14 /Users/manuel/Work/android/PacketDroid/obj/local/armeabi/objs-debug/multimon/demod_afsk24.o
                0x0000a9f8                demod_afsk2400
 .data.rel.ro.local
                0x0000aa0c       0x14 /Users/manuel/Work/android/PacketDroid/obj/local/armeabi/objs-debug/multimon/demod_afsk24_2.o
                0x0000aa0c                demod_afsk2400_2
 .data.rel.ro.local
                0x0000aa20       0x14 /Users/manuel/Work/android/PacketDroid/obj/local/armeabi/objs-debug/multimon/demod_dtmf.o
                0x0000aa20                demod_dtmf
 .data.rel.ro.local
                0x0000aa34       0x14 /Users/manuel/Work/android/PacketDroid/obj/local/armeabi/objs-debug/multimon/demod_fsk96.o
                0x0000aa34                demod_fsk9600
 .data.rel.ro.local
                0x0000aa48       0x14 /Users/manuel/Work/android/PacketDroid/obj/local/armeabi/objs-debug/multimon/demod_hapn48.o
                0x0000aa48                demod_hapn4800
 .data.rel.ro.local
                0x0000aa5c       0x14 /Users/manuel/Work/android/PacketDroid/obj/local/armeabi/objs-debug/multimon/demod_poc12.o
                0x0000aa5c                demod_poc12
 .data.rel.ro.local
                0x0000aa70       0x14 /Users/manuel/Work/android/PacketDroid/obj/local/armeabi/objs-debug/multimon/demod_poc24.o
                0x0000aa70                demod_poc24
 .data.rel.ro.local
                0x0000aa84       0x14 /Users/manuel/Work/android/PacketDroid/obj/local/armeabi/objs-debug/multimon/demod_poc5.o
                0x0000aa84                demod_poc5
 .data.rel.ro.local
                0x0000aa98       0x14 /Users/manuel/Work/android/PacketDroid/obj/local/armeabi/objs-debug/multimon/demod_zvei.o
                0x0000aa98                demod_zvei
 *(.data.rel.ro* .gnu.linkonce.d.rel.ro.*)

.dynamic        0x0000aaac       0xf0
 *(.dynamic)
 .dynamic       0x0000aaac       0xf0 /opt/android-ndk-r6b/platforms/android-8/arch-arm/usr/lib/crtbegin_so.o
                0x0000aaac                _DYNAMIC
                0x0000ab9c                . = (. DATA_SEGMENT_RELRO_END 0x0)

.got            0x0000ab9c       0x7c
 *(.got.plt)
 .got.plt       0x0000ab9c       0x58 /opt/android-ndk-r6b/platforms/android-8/arch-arm/usr/lib/crtbegin_so.o
                0x0000ab9c                _GLOBAL_OFFSET_TABLE_
 *(.got)
 .got           0x0000abf4       0x24 /opt/android-ndk-r6b/platforms/android-8/arch-arm/usr/lib/crtbegin_so.o

.data           0x0000ac18     0x203c
                0x0000ac18                __data_start = .
 *(.data .data.* .gnu.linkonce.d.*)
 .data          0x0000ac18        0x0 /opt/android-ndk-r6b/platforms/android-8/arch-arm/usr/lib/crtbegin_so.o
 .data          0x0000ac18        0x0 /Users/manuel/Work/android/PacketDroid/obj/local/armeabi/objs-debug/multimon/hdlc.o
 .data          0x0000ac18        0x1 /Users/manuel/Work/android/PacketDroid/obj/local/armeabi/objs-debug/multimon/pocsag.o
 *fill*         0x0000ac19        0x3 00
 .data.rel.local
                0x0000ac1c        0x4 /Users/manuel/Work/android/PacketDroid/obj/local/armeabi/objs-debug/multimon/pocsag.o
 .data          0x0000ac20        0x0 /Users/manuel/Work/android/PacketDroid/obj/local/armeabi/objs-debug/multimon/demod_afsk12.o
 .data          0x0000ac20        0x0 /Users/manuel/Work/android/PacketDroid/obj/local/armeabi/objs-debug/multimon/demod_afsk24.o
 .data          0x0000ac20        0x0 /Users/manuel/Work/android/PacketDroid/obj/local/armeabi/objs-debug/multimon/demod_afsk24_2.o
 .data          0x0000ac20        0x0 /Users/manuel/Work/android/PacketDroid/obj/local/armeabi/objs-debug/multimon/demod_dtmf.o
 .data.rel.local
                0x0000ac20        0x4 /Users/manuel/Work/android/PacketDroid/obj/local/armeabi/objs-debug/multimon/demod_dtmf.o
 .data          0x0000ac24        0x0 /Users/manuel/Work/android/PacketDroid/obj/local/armeabi/objs-debug/multimon/demod_fsk96.o
 .data          0x0000ac24        0x0 /Users/manuel/Work/android/PacketDroid/obj/local/armeabi/objs-debug/multimon/demod_hapn48.o
 .data          0x0000ac24        0x0 /Users/manuel/Work/android/PacketDroid/obj/local/armeabi/objs-debug/multimon/demod_poc12.o
 .data          0x0000ac24        0x0 /Users/manuel/Work/android/PacketDroid/obj/local/armeabi/objs-debug/multimon/demod_poc24.o
 .data          0x0000ac24        0x0 /Users/manuel/Work/android/PacketDroid/obj/local/armeabi/objs-debug/multimon/demod_poc5.o
 .data          0x0000ac24        0x0 /Users/manuel/Work/android/PacketDroid/obj/local/armeabi/objs-debug/multimon/demod_zvei.o
 .data          0x0000ac24     0x1000 /Users/manuel/Work/android/PacketDroid/obj/local/armeabi/objs-debug/multimon/costabf.o
                0x0000ac24                costabf
 .data          0x0000bc24     0x1000 /Users/manuel/Work/android/PacketDroid/obj/local/armeabi/objs-debug/multimon/costabi.o
                0x0000bc24                costabi
 .data          0x0000cc24        0x8 /Users/manuel/Work/android/PacketDroid/obj/local/armeabi/objs-debug/multimon/multimon.o
 .data.rel      0x0000cc2c       0x28 /Users/manuel/Work/android/PacketDroid/obj/local/armeabi/objs-debug/multimon/multimon.o
 .data          0x0000cc54        0x0 /opt/android-ndk-r6b/toolchains/arm-linux-androideabi-4.4.3/prebuilt/darwin-x86/bin/../lib/gcc/arm-linux-androideabi/4.4.3/libgcc.a(_arm_addsubdf3.o)
 .data          0x0000cc54        0x0 /opt/android-ndk-r6b/toolchains/arm-linux-androideabi-4.4.3/prebuilt/darwin-x86/bin/../lib/gcc/arm-linux-androideabi/4.4.3/libgcc.a(_arm_muldivdf3.o)
 .data          0x0000cc54        0x0 /opt/android-ndk-r6b/toolchains/arm-linux-androideabi-4.4.3/prebuilt/darwin-x86/bin/../lib/gcc/arm-linux-androideabi/4.4.3/libgcc.a(_arm_cmpdf2.o)
 .data          0x0000cc54        0x0 /opt/android-ndk-r6b/toolchains/arm-linux-androideabi-4.4.3/prebuilt/darwin-x86/bin/../lib/gcc/arm-linux-androideabi/4.4.3/libgcc.a(_arm_truncdfsf2.o)
 .data          0x0000cc54        0x0 /opt/android-ndk-r6b/toolchains/arm-linux-androideabi-4.4.3/prebuilt/darwin-x86/bin/../lib/gcc/arm-linux-androideabi/4.4.3/libgcc.a(_arm_addsubsf3.o)
 .data          0x0000cc54        0x0 /opt/android-ndk-r6b/toolchains/arm-linux-androideabi-4.4.3/prebuilt/darwin-x86/bin/../lib/gcc/arm-linux-androideabi/4.4.3/libgcc.a(_arm_muldivsf3.o)
 .data          0x0000cc54        0x0 /opt/android-ndk-r6b/toolchains/arm-linux-androideabi-4.4.3/prebuilt/darwin-x86/bin/../lib/gcc/arm-linux-androideabi/4.4.3/libgcc.a(_arm_cmpsf2.o)
 .data          0x0000cc54        0x0 /opt/android-ndk-r6b/toolchains/arm-linux-androideabi-4.4.3/prebuilt/darwin-x86/bin/../lib/gcc/arm-linux-androideabi/4.4.3/libgcc.a(unwind-arm.o)
 .data          0x0000cc54        0x0 /opt/android-ndk-r6b/toolchains/arm-linux-androideabi-4.4.3/prebuilt/darwin-x86/bin/../lib/gcc/arm-linux-androideabi/4.4.3/libgcc.a(libunwind.o)
 .data          0x0000cc54        0x0 /opt/android-ndk-r6b/toolchains/arm-linux-androideabi-4.4.3/prebuilt/darwin-x86/bin/../lib/gcc/arm-linux-androideabi/4.4.3/libgcc.a(pr-support.o)
 .data          0x0000cc54        0x0 /opt/android-ndk-r6b/platforms/android-8/arch-arm/usr/lib/crtend_so.o

.data1
 *(.data1)
                0x0000cc54                _edata = .
                0x0000cc54                PROVIDE (edata, .)
                0x0000cc54                __bss_start = .
                0x0000cc54                __bss_start__ = .

.bss            0x0000cc60    0x12f90
 *(.dynbss)
 .dynbss        0x00000000        0x0 /opt/android-ndk-r6b/platforms/android-8/arch-arm/usr/lib/crtbegin_so.o
 *(.bss .bss.* .gnu.linkonce.b.*)
 .bss           0x0000cc60       0x10 /opt/android-ndk-r6b/platforms/android-8/arch-arm/usr/lib/crtbegin_so.o
                0x0000cc60                __dso_handle
 .bss           0x0000cc70        0x4 /Users/manuel/Work/android/PacketDroid/obj/local/armeabi/objs-debug/multimon/hdlc.o
 .bss           0x0000cc74        0x0 /Users/manuel/Work/android/PacketDroid/obj/local/armeabi/objs-debug/multimon/pocsag.o
 .bss           0x0000cc74      0x120 /Users/manuel/Work/android/PacketDroid/obj/local/armeabi/objs-debug/multimon/demod_afsk12.o
 .bss           0x0000cd94      0x120 /Users/manuel/Work/android/PacketDroid/obj/local/armeabi/objs-debug/multimon/demod_afsk24.o
 .bss           0x0000ceb4      0x120 /Users/manuel/Work/android/PacketDroid/obj/local/armeabi/objs-debug/multimon/demod_afsk24_2.o
 .bss           0x0000cfd4        0x0 /Users/manuel/Work/android/PacketDroid/obj/local/armeabi/objs-debug/multimon/demod_dtmf.o
 .bss           0x0000cfd4        0x0 /Users/manuel/Work/android/PacketDroid/obj/local/armeabi/objs-debug/multimon/demod_fsk96.o
 .bss           0x0000cfd4        0x0 /Users/manuel/Work/android/PacketDroid/obj/local/armeabi/objs-debug/multimon/demod_hapn48.o
 .bss           0x0000cfd4        0x0 /Users/manuel/Work/android/PacketDroid/obj/local/armeabi/objs-debug/multimon/demod_poc12.o
 .bss           0x0000cfd4        0x0 /Users/manuel/Work/android/PacketDroid/obj/local/armeabi/objs-debug/multimon/demod_poc24.o
 .bss           0x0000cfd4        0x0 /Users/manuel/Work/android/PacketDroid/obj/local/armeabi/objs-debug/multimon/demod_poc5.o
 .bss           0x0000cfd4        0x0 /Users/manuel/Work/android/PacketDroid/obj/local/armeabi/objs-debug/multimon/demod_zvei.o
 .bss           0x0000cfd4        0x0 /Users/manuel/Work/android/PacketDroid/obj/local/armeabi/objs-debug/multimon/costabf.o
 .bss           0x0000cfd4        0x0 /Users/manuel/Work/android/PacketDroid/obj/local/armeabi/objs-debug/multimon/costabi.o
 .bss           0x0000cfd4    0x12c1c /Users/manuel/Work/android/PacketDroid/obj/local/armeabi/objs-debug/multimon/multimon.o
 .bss           0x0001fbf0        0x0 /opt/android-ndk-r6b/toolchains/arm-linux-androideabi-4.4.3/prebuilt/darwin-x86/bin/../lib/gcc/arm-linux-androideabi/4.4.3/libgcc.a(_arm_addsubdf3.o)
 .bss           0x0001fbf0        0x0 /opt/android-ndk-r6b/toolchains/arm-linux-androideabi-4.4.3/prebuilt/darwin-x86/bin/../lib/gcc/arm-linux-androideabi/4.4.3/libgcc.a(_arm_muldivdf3.o)
 .bss           0x0001fbf0        0x0 /opt/android-ndk-r6b/toolchains/arm-linux-androideabi-4.4.3/prebuilt/darwin-x86/bin/../lib/gcc/arm-linux-androideabi/4.4.3/libgcc.a(_arm_cmpdf2.o)
 .bss           0x0001fbf0        0x0 /opt/android-ndk-r6b/toolchains/arm-linux-androideabi-4.4.3/prebuilt/darwin-x86/bin/../lib/gcc/arm-linux-androideabi/4.4.3/libgcc.a(_arm_truncdfsf2.o)
 .bss           0x0001fbf0        0x0 /opt/android-ndk-r6b/toolchains/arm-linux-androideabi-4.4.3/prebuilt/darwin-x86/bin/../lib/gcc/arm-linux-androideabi/4.4.3/libgcc.a(_arm_addsubsf3.o)
 .bss           0x0001fbf0        0x0 /opt/android-ndk-r6b/toolchains/arm-linux-androideabi-4.4.3/prebuilt/darwin-x86/bin/../lib/gcc/arm-linux-androideabi/4.4.3/libgcc.a(_arm_muldivsf3.o)
 .bss           0x0001fbf0        0x0 /opt/android-ndk-r6b/toolchains/arm-linux-androideabi-4.4.3/prebuilt/darwin-x86/bin/../lib/gcc/arm-linux-androideabi/4.4.3/libgcc.a(_arm_cmpsf2.o)
 .bss           0x0001fbf0        0x0 /opt/android-ndk-r6b/toolchains/arm-linux-androideabi-4.4.3/prebuilt/darwin-x86/bin/../lib/gcc/arm-linux-androideabi/4.4.3/libgcc.a(unwind-arm.o)
 .bss           0x0001fbf0        0x0 /opt/android-ndk-r6b/toolchains/arm-linux-androideabi-4.4.3/prebuilt/darwin-x86/bin/../lib/gcc/arm-linux-androideabi/4.4.3/libgcc.a(libunwind.o)
 .bss           0x0001fbf0        0x0 /opt/android-ndk-r6b/toolchains/arm-linux-androideabi-4.4.3/prebuilt/darwin-x86/bin/../lib/gcc/arm-linux-androideabi/4.4.3/libgcc.a(pr-support.o)
 .bss           0x0001fbf0        0x0 /opt/android-ndk-r6b/platforms/android-8/arch-arm/usr/lib/crtend_so.o
 *(COMMON)
                0x0001fbf0                . = ALIGN ((. != 0x0)?0x4:0x1)
                0x0001fbf0                _bss_end__ = .
                0x0001fbf0                __bss_end__ = .
                0x0001fbf0                . = ALIGN (0x4)
                0x0001fbf0                . = ALIGN (0x4)
                0x0001fbf0                __end__ = .
                0x0001fbf0                _end = .
                0x0001fbf0                PROVIDE (end, .)
                0x0001fbf0                . = DATA_SEGMENT_END (.)

.stab
 *(.stab)

.stabstr
 *(.stabstr)

.stab.excl
 *(.stab.excl)

.stab.exclstr
 *(.stab.exclstr)

.stab.index
 *(.stab.index)

.stab.indexstr
 *(.stab.indexstr)

.comment        0x00000000      0x132
 *(.comment)
 .comment       0x00000000       0x12 /Users/manuel/Work/android/PacketDroid/obj/local/armeabi/objs-debug/multimon/hdlc.o
 .comment       0x00000012       0x12 /Users/manuel/Work/android/PacketDroid/obj/local/armeabi/objs-debug/multimon/pocsag.o
 .comment       0x00000024       0x12 /Users/manuel/Work/android/PacketDroid/obj/local/armeabi/objs-debug/multimon/demod_afsk12.o
 .comment       0x00000036       0x12 /Users/manuel/Work/android/PacketDroid/obj/local/armeabi/objs-debug/multimon/demod_afsk24.o
 .comment       0x00000048       0x12 /Users/manuel/Work/android/PacketDroid/obj/local/armeabi/objs-debug/multimon/demod_afsk24_2.o
 .comment       0x0000005a       0x12 /Users/manuel/Work/android/PacketDroid/obj/local/armeabi/objs-debug/multimon/demod_dtmf.o
 .comment       0x0000006c       0x12 /Users/manuel/Work/android/PacketDroid/obj/local/armeabi/objs-debug/multimon/demod_fsk96.o
 .comment       0x0000007e       0x12 /Users/manuel/Work/android/PacketDroid/obj/local/armeabi/objs-debug/multimon/demod_hapn48.o
 .comment       0x00000090       0x12 /Users/manuel/Work/android/PacketDroid/obj/local/armeabi/objs-debug/multimon/demod_poc12.o
 .comment       0x000000a2       0x12 /Users/manuel/Work/android/PacketDroid/obj/local/armeabi/objs-debug/multimon/demod_poc24.o
 .comment       0x000000b4       0x12 /Users/manuel/Work/android/PacketDroid/obj/local/armeabi/objs-debug/multimon/demod_poc5.o
 .comment       0x000000c6       0x12 /Users/manuel/Work/android/PacketDroid/obj/local/armeabi/objs-debug/multimon/demod_zvei.o
 .comment       0x000000d8       0x12 /Users/manuel/Work/android/PacketDroid/obj/local/armeabi/objs-debug/multimon/costabf.o
 .comment       0x000000ea       0x12 /Users/manuel/Work/android/PacketDroid/obj/local/armeabi/objs-debug/multimon/costabi.o
 .comment       0x000000fc       0x12 /Users/manuel/Work/android/PacketDroid/obj/local/armeabi/objs-debug/multimon/multimon.o
 .comment       0x0000010e       0x12 /opt/android-ndk-r6b/toolchains/arm-linux-androideabi-4.4.3/prebuilt/darwin-x86/bin/../lib/gcc/arm-linux-androideabi/4.4.3/libgcc.a(unwind-arm.o)
 .comment       0x00000120       0x12 /opt/android-ndk-r6b/toolchains/arm-linux-androideabi-4.4.3/prebuilt/darwin-x86/bin/../lib/gcc/arm-linux-androideabi/4.4.3/libgcc.a(pr-support.o)

.debug
 *(.debug)

.line
 *(.line)

.debug_srcinfo
 *(.debug_srcinfo)

.debug_sfnames
 *(.debug_sfnames)

.debug_aranges  0x00000000      0x480
 *(.debug_aranges)
 .debug_aranges
                0x00000000       0x38 /Users/manuel/Work/android/PacketDroid/obj/local/armeabi/objs-debug/multimon/hdlc.o
 .debug_aranges
                0x00000038       0x70 /Users/manuel/Work/android/PacketDroid/obj/local/armeabi/objs-debug/multimon/pocsag.o
 .debug_aranges
                0x000000a8       0x38 /Users/manuel/Work/android/PacketDroid/obj/local/armeabi/objs-debug/multimon/demod_afsk12.o
 .debug_aranges
                0x000000e0       0x38 /Users/manuel/Work/android/PacketDroid/obj/local/armeabi/objs-debug/multimon/demod_afsk24.o
 .debug_aranges
                0x00000118       0x38 /Users/manuel/Work/android/PacketDroid/obj/local/armeabi/objs-debug/multimon/demod_afsk24_2.o
 .debug_aranges
                0x00000150       0x48 /Users/manuel/Work/android/PacketDroid/obj/local/armeabi/objs-debug/multimon/demod_dtmf.o
 .debug_aranges
                0x00000198       0x38 /Users/manuel/Work/android/PacketDroid/obj/local/armeabi/objs-debug/multimon/demod_fsk96.o
 .debug_aranges
                0x000001d0       0x38 /Users/manuel/Work/android/PacketDroid/obj/local/armeabi/objs-debug/multimon/demod_hapn48.o
 .debug_aranges
                0x00000208       0x38 /Users/manuel/Work/android/PacketDroid/obj/local/armeabi/objs-debug/multimon/demod_poc12.o
 .debug_aranges
                0x00000240       0x38 /Users/manuel/Work/android/PacketDroid/obj/local/armeabi/objs-debug/multimon/demod_poc24.o
 .debug_aranges
                0x00000278       0x38 /Users/manuel/Work/android/PacketDroid/obj/local/armeabi/objs-debug/multimon/demod_poc5.o
 .debug_aranges
                0x000002b0       0x48 /Users/manuel/Work/android/PacketDroid/obj/local/armeabi/objs-debug/multimon/demod_zvei.o
 .debug_aranges
                0x000002f8       0x48 /Users/manuel/Work/android/PacketDroid/obj/local/armeabi/objs-debug/multimon/multimon.o
 .debug_aranges
                0x00000340       0x20 /opt/android-ndk-r6b/toolchains/arm-linux-androideabi-4.4.3/prebuilt/darwin-x86/bin/../lib/gcc/arm-linux-androideabi/4.4.3/libgcc.a(_arm_addsubdf3.o)
 .debug_aranges
                0x00000360       0x20 /opt/android-ndk-r6b/toolchains/arm-linux-androideabi-4.4.3/prebuilt/darwin-x86/bin/../lib/gcc/arm-linux-androideabi/4.4.3/libgcc.a(_arm_muldivdf3.o)
 .debug_aranges
                0x00000380       0x20 /opt/android-ndk-r6b/toolchains/arm-linux-androideabi-4.4.3/prebuilt/darwin-x86/bin/../lib/gcc/arm-linux-androideabi/4.4.3/libgcc.a(_arm_cmpdf2.o)
 .debug_aranges
                0x000003a0       0x20 /opt/android-ndk-r6b/toolchains/arm-linux-androideabi-4.4.3/prebuilt/darwin-x86/bin/../lib/gcc/arm-linux-androideabi/4.4.3/libgcc.a(_arm_truncdfsf2.o)
 .debug_aranges
                0x000003c0       0x20 /opt/android-ndk-r6b/toolchains/arm-linux-androideabi-4.4.3/prebuilt/darwin-x86/bin/../lib/gcc/arm-linux-androideabi/4.4.3/libgcc.a(_arm_addsubsf3.o)
 .debug_aranges
                0x000003e0       0x20 /opt/android-ndk-r6b/toolchains/arm-linux-androideabi-4.4.3/prebuilt/darwin-x86/bin/../lib/gcc/arm-linux-androideabi/4.4.3/libgcc.a(_arm_muldivsf3.o)
 .debug_aranges
                0x00000400       0x20 /opt/android-ndk-r6b/toolchains/arm-linux-androideabi-4.4.3/prebuilt/darwin-x86/bin/../lib/gcc/arm-linux-androideabi/4.4.3/libgcc.a(_arm_cmpsf2.o)
 .debug_aranges
                0x00000420       0x20 /opt/android-ndk-r6b/toolchains/arm-linux-androideabi-4.4.3/prebuilt/darwin-x86/bin/../lib/gcc/arm-linux-androideabi/4.4.3/libgcc.a(unwind-arm.o)
 .debug_aranges
                0x00000440       0x20 /opt/android-ndk-r6b/toolchains/arm-linux-androideabi-4.4.3/prebuilt/darwin-x86/bin/../lib/gcc/arm-linux-androideabi/4.4.3/libgcc.a(libunwind.o)
 .debug_aranges
                0x00000460       0x20 /opt/android-ndk-r6b/toolchains/arm-linux-androideabi-4.4.3/prebuilt/darwin-x86/bin/../lib/gcc/arm-linux-androideabi/4.4.3/libgcc.a(pr-support.o)

.debug_pubnames
                0x00000000      0x50f
 *(.debug_pubnames)
 .debug_pubnames
                0x00000000       0x2f /Users/manuel/Work/android/PacketDroid/obj/local/armeabi/objs-debug/multimon/hdlc.o
 .debug_pubnames
                0x0000002f       0x33 /Users/manuel/Work/android/PacketDroid/obj/local/armeabi/objs-debug/multimon/pocsag.o
 .debug_pubnames
                0x00000062       0x25 /Users/manuel/Work/android/PacketDroid/obj/local/armeabi/objs-debug/multimon/demod_afsk12.o
 .debug_pubnames
                0x00000087       0x25 /Users/manuel/Work/android/PacketDroid/obj/local/armeabi/objs-debug/multimon/demod_afsk24.o
 .debug_pubnames
                0x000000ac       0x27 /Users/manuel/Work/android/PacketDroid/obj/local/armeabi/objs-debug/multimon/demod_afsk24_2.o
 .debug_pubnames
                0x000000d3       0x21 /Users/manuel/Work/android/PacketDroid/obj/local/armeabi/objs-debug/multimon/demod_dtmf.o
 .debug_pubnames
                0x000000f4       0x24 /Users/manuel/Work/android/PacketDroid/obj/local/armeabi/objs-debug/multimon/demod_fsk96.o
 .debug_pubnames
                0x00000118       0x25 /Users/manuel/Work/android/PacketDroid/obj/local/armeabi/objs-debug/multimon/demod_hapn48.o
 .debug_pubnames
                0x0000013d       0x22 /Users/manuel/Work/android/PacketDroid/obj/local/armeabi/objs-debug/multimon/demod_poc12.o
 .debug_pubnames
                0x0000015f       0x22 /Users/manuel/Work/android/PacketDroid/obj/local/armeabi/objs-debug/multimon/demod_poc24.o
 .debug_pubnames
                0x00000181       0x21 /Users/manuel/Work/android/PacketDroid/obj/local/armeabi/objs-debug/multimon/demod_poc5.o
 .debug_pubnames
                0x000001a2       0x21 /Users/manuel/Work/android/PacketDroid/obj/local/armeabi/objs-debug/multimon/demod_zvei.o
 .debug_pubnames
                0x000001c3       0x1e /Users/manuel/Work/android/PacketDroid/obj/local/armeabi/objs-debug/multimon/costabf.o
 .debug_pubnames
                0x000001e1       0x1e /Users/manuel/Work/android/PacketDroid/obj/local/armeabi/objs-debug/multimon/costabi.o
 .debug_pubnames
                0x000001ff       0xe2 /Users/manuel/Work/android/PacketDroid/obj/local/armeabi/objs-debug/multimon/multimon.o
 .debug_pubnames
                0x000002e1      0x177 /opt/android-ndk-r6b/toolchains/arm-linux-androideabi-4.4.3/prebuilt/darwin-x86/bin/../lib/gcc/arm-linux-androideabi/4.4.3/libgcc.a(unwind-arm.o)
 .debug_pubnames
                0x00000458       0xb7 /opt/android-ndk-r6b/toolchains/arm-linux-androideabi-4.4.3/prebuilt/darwin-x86/bin/../lib/gcc/arm-linux-androideabi/4.4.3/libgcc.a(pr-support.o)

.debug_info     0x00000000     0xb666
 *(.debug_info .gnu.linkonce.wi.*)
 .debug_info    0x00000000      0x91b /Users/manuel/Work/android/PacketDroid/obj/local/armeabi/objs-debug/multimon/hdlc.o
 .debug_info    0x0000091b      0xae1 /Users/manuel/Work/android/PacketDroid/obj/local/armeabi/objs-debug/multimon/pocsag.o
 .debug_info    0x000013fc      0x753 /Users/manuel/Work/android/PacketDroid/obj/local/armeabi/objs-debug/multimon/demod_afsk12.o
 .debug_info    0x00001b4f      0x73b /Users/manuel/Work/android/PacketDroid/obj/local/armeabi/objs-debug/multimon/demod_afsk24.o
 .debug_info    0x0000228a      0x73b /Users/manuel/Work/android/PacketDroid/obj/local/armeabi/objs-debug/multimon/demod_afsk24_2.o
 .debug_info    0x000029c5      0x7d8 /Users/manuel/Work/android/PacketDroid/obj/local/armeabi/objs-debug/multimon/demod_dtmf.o
 .debug_info    0x0000319d      0x715 /Users/manuel/Work/android/PacketDroid/obj/local/armeabi/objs-debug/multimon/demod_fsk96.o
 .debug_info    0x000038b2      0x6d1 /Users/manuel/Work/android/PacketDroid/obj/local/armeabi/objs-debug/multimon/demod_hapn48.o
 .debug_info    0x00003f83      0x6cd /Users/manuel/Work/android/PacketDroid/obj/local/armeabi/objs-debug/multimon/demod_poc12.o
 .debug_info    0x00004650      0x6b5 /Users/manuel/Work/android/PacketDroid/obj/local/armeabi/objs-debug/multimon/demod_poc24.o
 .debug_info    0x00004d05      0x6cd /Users/manuel/Work/android/PacketDroid/obj/local/armeabi/objs-debug/multimon/demod_poc5.o
 .debug_info    0x000053d2      0x7dd /Users/manuel/Work/android/PacketDroid/obj/local/armeabi/objs-debug/multimon/demod_zvei.o
 .debug_info    0x00005baf       0x4f /Users/manuel/Work/android/PacketDroid/obj/local/armeabi/objs-debug/multimon/costabf.o
 .debug_info    0x00005bfe       0x4f /Users/manuel/Work/android/PacketDroid/obj/local/armeabi/objs-debug/multimon/costabi.o
 .debug_info    0x00005c4d     0x3810 /Users/manuel/Work/android/PacketDroid/obj/local/armeabi/objs-debug/multimon/multimon.o
 .debug_info    0x0000945d       0xf6 /opt/android-ndk-r6b/toolchains/arm-linux-androideabi-4.4.3/prebuilt/darwin-x86/bin/../lib/gcc/arm-linux-androideabi/4.4.3/libgcc.a(_arm_addsubdf3.o)
 .debug_info    0x00009553       0xf6 /opt/android-ndk-r6b/toolchains/arm-linux-androideabi-4.4.3/prebuilt/darwin-x86/bin/../lib/gcc/arm-linux-androideabi/4.4.3/libgcc.a(_arm_muldivdf3.o)
 .debug_info    0x00009649       0xf6 /opt/android-ndk-r6b/toolchains/arm-linux-androideabi-4.4.3/prebuilt/darwin-x86/bin/../lib/gcc/arm-linux-androideabi/4.4.3/libgcc.a(_arm_cmpdf2.o)
 .debug_info    0x0000973f       0xf6 /opt/android-ndk-r6b/toolchains/arm-linux-androideabi-4.4.3/prebuilt/darwin-x86/bin/../lib/gcc/arm-linux-androideabi/4.4.3/libgcc.a(_arm_truncdfsf2.o)
 .debug_info    0x00009835       0xf6 /opt/android-ndk-r6b/toolchains/arm-linux-androideabi-4.4.3/prebuilt/darwin-x86/bin/../lib/gcc/arm-linux-androideabi/4.4.3/libgcc.a(_arm_addsubsf3.o)
 .debug_info    0x0000992b       0xf6 /opt/android-ndk-r6b/toolchains/arm-linux-androideabi-4.4.3/prebuilt/darwin-x86/bin/../lib/gcc/arm-linux-androideabi/4.4.3/libgcc.a(_arm_muldivsf3.o)
 .debug_info    0x00009a21       0xf6 /opt/android-ndk-r6b/toolchains/arm-linux-androideabi-4.4.3/prebuilt/darwin-x86/bin/../lib/gcc/arm-linux-androideabi/4.4.3/libgcc.a(_arm_cmpsf2.o)
 .debug_info    0x00009b17     0x1424 /opt/android-ndk-r6b/toolchains/arm-linux-androideabi-4.4.3/prebuilt/darwin-x86/bin/../lib/gcc/arm-linux-androideabi/4.4.3/libgcc.a(unwind-arm.o)
 .debug_info    0x0000af3b       0xf5 /opt/android-ndk-r6b/toolchains/arm-linux-androideabi-4.4.3/prebuilt/darwin-x86/bin/../lib/gcc/arm-linux-androideabi/4.4.3/libgcc.a(libunwind.o)
 .debug_info    0x0000b030      0x636 /opt/android-ndk-r6b/toolchains/arm-linux-androideabi-4.4.3/prebuilt/darwin-x86/bin/../lib/gcc/arm-linux-androideabi/4.4.3/libgcc.a(pr-support.o)

.debug_abbrev   0x00000000     0x19f2
 *(.debug_abbrev)
 .debug_abbrev  0x00000000      0x16b /Users/manuel/Work/android/PacketDroid/obj/local/armeabi/objs-debug/multimon/hdlc.o
 .debug_abbrev  0x0000016b      0x1b8 /Users/manuel/Work/android/PacketDroid/obj/local/armeabi/objs-debug/multimon/pocsag.o
 .debug_abbrev  0x00000323      0x166 /Users/manuel/Work/android/PacketDroid/obj/local/armeabi/objs-debug/multimon/demod_afsk12.o
 .debug_abbrev  0x00000489      0x15d /Users/manuel/Work/android/PacketDroid/obj/local/armeabi/objs-debug/multimon/demod_afsk24.o
 .debug_abbrev  0x000005e6      0x15d /Users/manuel/Work/android/PacketDroid/obj/local/armeabi/objs-debug/multimon/demod_afsk24_2.o
 .debug_abbrev  0x00000743      0x16e /Users/manuel/Work/android/PacketDroid/obj/local/armeabi/objs-debug/multimon/demod_dtmf.o
 .debug_abbrev  0x000008b1      0x15d /Users/manuel/Work/android/PacketDroid/obj/local/armeabi/objs-debug/multimon/demod_fsk96.o
 .debug_abbrev  0x00000a0e      0x15d /Users/manuel/Work/android/PacketDroid/obj/local/armeabi/objs-debug/multimon/demod_hapn48.o
 .debug_abbrev  0x00000b6b      0x166 /Users/manuel/Work/android/PacketDroid/obj/local/armeabi/objs-debug/multimon/demod_poc12.o
 .debug_abbrev  0x00000cd1      0x14e /Users/manuel/Work/android/PacketDroid/obj/local/armeabi/objs-debug/multimon/demod_poc24.o
 .debug_abbrev  0x00000e1f      0x166 /Users/manuel/Work/android/PacketDroid/obj/local/armeabi/objs-debug/multimon/demod_poc5.o
 .debug_abbrev  0x00000f85      0x16e /Users/manuel/Work/android/PacketDroid/obj/local/armeabi/objs-debug/multimon/demod_zvei.o
 .debug_abbrev  0x000010f3       0x49 /Users/manuel/Work/android/PacketDroid/obj/local/armeabi/objs-debug/multimon/costabf.o
 .debug_abbrev  0x0000113c       0x49 /Users/manuel/Work/android/PacketDroid/obj/local/armeabi/objs-debug/multimon/costabi.o
 .debug_abbrev  0x00001185      0x1f2 /Users/manuel/Work/android/PacketDroid/obj/local/armeabi/objs-debug/multimon/multimon.o
 .debug_abbrev  0x00001377       0x14 /opt/android-ndk-r6b/toolchains/arm-linux-androideabi-4.4.3/prebuilt/darwin-x86/bin/../lib/gcc/arm-linux-androideabi/4.4.3/libgcc.a(_arm_addsubdf3.o)
 .debug_abbrev  0x0000138b       0x14 /opt/android-ndk-r6b/toolchains/arm-linux-androideabi-4.4.3/prebuilt/darwin-x86/bin/../lib/gcc/arm-linux-androideabi/4.4.3/libgcc.a(_arm_muldivdf3.o)
 .debug_abbrev  0x0000139f       0x14 /opt/android-ndk-r6b/toolchains/arm-linux-androideabi-4.4.3/prebuilt/darwin-x86/bin/../lib/gcc/arm-linux-androideabi/4.4.3/libgcc.a(_arm_cmpdf2.o)
 .debug_abbrev  0x000013b3       0x14 /opt/android-ndk-r6b/toolchains/arm-linux-androideabi-4.4.3/prebuilt/darwin-x86/bin/../lib/gcc/arm-linux-androideabi/4.4.3/libgcc.a(_arm_truncdfsf2.o)
 .debug_abbrev  0x000013c7       0x14 /opt/android-ndk-r6b/toolchains/arm-linux-androideabi-4.4.3/prebuilt/darwin-x86/bin/../lib/gcc/arm-linux-androideabi/4.4.3/libgcc.a(_arm_addsubsf3.o)
 .debug_abbrev  0x000013db       0x14 /opt/android-ndk-r6b/toolchains/arm-linux-androideabi-4.4.3/prebuilt/darwin-x86/bin/../lib/gcc/arm-linux-androideabi/4.4.3/libgcc.a(_arm_muldivsf3.o)
 .debug_abbrev  0x000013ef       0x14 /opt/android-ndk-r6b/toolchains/arm-linux-androideabi-4.4.3/prebuilt/darwin-x86/bin/../lib/gcc/arm-linux-androideabi/4.4.3/libgcc.a(_arm_cmpsf2.o)
 .debug_abbrev  0x00001403      0x3bb /opt/android-ndk-r6b/toolchains/arm-linux-androideabi-4.4.3/prebuilt/darwin-x86/bin/../lib/gcc/arm-linux-androideabi/4.4.3/libgcc.a(unwind-arm.o)
 .debug_abbrev  0x000017be       0x14 /opt/android-ndk-r6b/toolchains/arm-linux-androideabi-4.4.3/prebuilt/darwin-x86/bin/../lib/gcc/arm-linux-androideabi/4.4.3/libgcc.a(libunwind.o)
 .debug_abbrev  0x000017d2      0x220 /opt/android-ndk-r6b/toolchains/arm-linux-androideabi-4.4.3/prebuilt/darwin-x86/bin/../lib/gcc/arm-linux-androideabi/4.4.3/libgcc.a(pr-support.o)

.debug_line     0x00000000     0x2371
 *(.debug_line)
 .debug_line    0x00000000      0x275 /Users/manuel/Work/android/PacketDroid/obj/local/armeabi/objs-debug/multimon/hdlc.o
 .debug_line    0x00000275      0x240 /Users/manuel/Work/android/PacketDroid/obj/local/armeabi/objs-debug/multimon/pocsag.o
 .debug_line    0x000004b5       0xf9 /Users/manuel/Work/android/PacketDroid/obj/local/armeabi/objs-debug/multimon/demod_afsk12.o
 .debug_line    0x000005ae       0xf9 /Users/manuel/Work/android/PacketDroid/obj/local/armeabi/objs-debug/multimon/demod_afsk24.o
 .debug_line    0x000006a7       0xfb /Users/manuel/Work/android/PacketDroid/obj/local/armeabi/objs-debug/multimon/demod_afsk24_2.o
 .debug_line    0x000007a2      0x144 /Users/manuel/Work/android/PacketDroid/obj/local/armeabi/objs-debug/multimon/demod_dtmf.o
 .debug_line    0x000008e6       0xe0 /Users/manuel/Work/android/PacketDroid/obj/local/armeabi/objs-debug/multimon/demod_fsk96.o
 .debug_line    0x000009c6       0xf2 /Users/manuel/Work/android/PacketDroid/obj/local/armeabi/objs-debug/multimon/demod_hapn48.o
 .debug_line    0x00000ab8       0xdc /Users/manuel/Work/android/PacketDroid/obj/local/armeabi/objs-debug/multimon/demod_poc12.o
 .debug_line    0x00000b94       0xd3 /Users/manuel/Work/android/PacketDroid/obj/local/armeabi/objs-debug/multimon/demod_poc24.o
 .debug_line    0x00000c67       0xdb /Users/manuel/Work/android/PacketDroid/obj/local/armeabi/objs-debug/multimon/demod_poc5.o
 .debug_line    0x00000d42      0x152 /Users/manuel/Work/android/PacketDroid/obj/local/armeabi/objs-debug/multimon/demod_zvei.o
 .debug_line    0x00000e94       0x55 /Users/manuel/Work/android/PacketDroid/obj/local/armeabi/objs-debug/multimon/costabf.o
 .debug_line    0x00000ee9       0x55 /Users/manuel/Work/android/PacketDroid/obj/local/armeabi/objs-debug/multimon/costabi.o
 .debug_line    0x00000f3e      0x2dd /Users/manuel/Work/android/PacketDroid/obj/local/armeabi/objs-debug/multimon/multimon.o
 .debug_line    0x0000121b      0x212 /opt/android-ndk-r6b/toolchains/arm-linux-androideabi-4.4.3/prebuilt/darwin-x86/bin/../lib/gcc/arm-linux-androideabi/4.4.3/libgcc.a(_arm_addsubdf3.o)
 .debug_line    0x0000142d      0x233 /opt/android-ndk-r6b/toolchains/arm-linux-androideabi-4.4.3/prebuilt/darwin-x86/bin/../lib/gcc/arm-linux-androideabi/4.4.3/libgcc.a(_arm_muldivdf3.o)
 .debug_line    0x00001660      0x12a /opt/android-ndk-r6b/toolchains/arm-linux-androideabi-4.4.3/prebuilt/darwin-x86/bin/../lib/gcc/arm-linux-androideabi/4.4.3/libgcc.a(_arm_cmpdf2.o)
 .debug_line    0x0000178a       0xbd /opt/android-ndk-r6b/toolchains/arm-linux-androideabi-4.4.3/prebuilt/darwin-x86/bin/../lib/gcc/arm-linux-androideabi/4.4.3/libgcc.a(_arm_truncdfsf2.o)
 .debug_line    0x00001847      0x136 /opt/android-ndk-r6b/toolchains/arm-linux-androideabi-4.4.3/prebuilt/darwin-x86/bin/../lib/gcc/arm-linux-androideabi/4.4.3/libgcc.a(_arm_addsubsf3.o)
 .debug_line    0x0000197d      0x157 /opt/android-ndk-r6b/toolchains/arm-linux-androideabi-4.4.3/prebuilt/darwin-x86/bin/../lib/gcc/arm-linux-androideabi/4.4.3/libgcc.a(_arm_muldivsf3.o)
 .debug_line    0x00001ad4      0x11e /opt/android-ndk-r6b/toolchains/arm-linux-androideabi-4.4.3/prebuilt/darwin-x86/bin/../lib/gcc/arm-linux-androideabi/4.4.3/libgcc.a(_arm_cmpsf2.o)
 .debug_line    0x00001bf2      0x4ce /opt/android-ndk-r6b/toolchains/arm-linux-androideabi-4.4.3/prebuilt/darwin-x86/bin/../lib/gcc/arm-linux-androideabi/4.4.3/libgcc.a(unwind-arm.o)
 .debug_line    0x000020c0       0xe3 /opt/android-ndk-r6b/toolchains/arm-linux-androideabi-4.4.3/prebuilt/darwin-x86/bin/../lib/gcc/arm-linux-androideabi/4.4.3/libgcc.a(libunwind.o)
 .debug_line    0x000021a3      0x1ce /opt/android-ndk-r6b/toolchains/arm-linux-androideabi-4.4.3/prebuilt/darwin-x86/bin/../lib/gcc/arm-linux-androideabi/4.4.3/libgcc.a(pr-support.o)

.debug_frame    0x00000000      0xb8c
 *(.debug_frame)
 .debug_frame   0x00000000       0x78 /Users/manuel/Work/android/PacketDroid/obj/local/armeabi/objs-debug/multimon/hdlc.o
 .debug_frame   0x00000078      0x140 /Users/manuel/Work/android/PacketDroid/obj/local/armeabi/objs-debug/multimon/pocsag.o
 .debug_frame   0x000001b8       0x88 /Users/manuel/Work/android/PacketDroid/obj/local/armeabi/objs-debug/multimon/demod_afsk12.o
 .debug_frame   0x00000240       0x88 /Users/manuel/Work/android/PacketDroid/obj/local/armeabi/objs-debug/multimon/demod_afsk24.o
 .debug_frame   0x000002c8       0x88 /Users/manuel/Work/android/PacketDroid/obj/local/armeabi/objs-debug/multimon/demod_afsk24_2.o
 .debug_frame   0x00000350       0xcc /Users/manuel/Work/android/PacketDroid/obj/local/armeabi/objs-debug/multimon/demod_dtmf.o
 .debug_frame   0x0000041c       0x84 /Users/manuel/Work/android/PacketDroid/obj/local/armeabi/objs-debug/multimon/demod_fsk96.o
 .debug_frame   0x000004a0       0x8c /Users/manuel/Work/android/PacketDroid/obj/local/armeabi/objs-debug/multimon/demod_hapn48.o
 .debug_frame   0x0000052c       0x84 /Users/manuel/Work/android/PacketDroid/obj/local/armeabi/objs-debug/multimon/demod_poc12.o
 .debug_frame   0x000005b0       0x84 /Users/manuel/Work/android/PacketDroid/obj/local/armeabi/objs-debug/multimon/demod_poc24.o
 .debug_frame   0x00000634       0x84 /Users/manuel/Work/android/PacketDroid/obj/local/armeabi/objs-debug/multimon/demod_poc5.o
 .debug_frame   0x000006b8       0xcc /Users/manuel/Work/android/PacketDroid/obj/local/armeabi/objs-debug/multimon/demod_zvei.o
 .debug_frame   0x00000784       0xb8 /Users/manuel/Work/android/PacketDroid/obj/local/armeabi/objs-debug/multimon/multimon.o
 .debug_frame   0x0000083c      0x248 /opt/android-ndk-r6b/toolchains/arm-linux-androideabi-4.4.3/prebuilt/darwin-x86/bin/../lib/gcc/arm-linux-androideabi/4.4.3/libgcc.a(unwind-arm.o)
 .debug_frame   0x00000a84      0x108 /opt/android-ndk-r6b/toolchains/arm-linux-androideabi-4.4.3/prebuilt/darwin-x86/bin/../lib/gcc/arm-linux-androideabi/4.4.3/libgcc.a(pr-support.o)

.debug_str      0x00000000     0x27b4
 *(.debug_str)
 .debug_str     0x00000000      0x2e7 /Users/manuel/Work/android/PacketDroid/obj/local/armeabi/objs-debug/multimon/hdlc.o
                                0x3a4 (size before relaxing)
 .debug_str     0x000002e7      0x131 /Users/manuel/Work/android/PacketDroid/obj/local/armeabi/objs-debug/multimon/pocsag.o
                                0x372 (size before relaxing)
 .debug_str     0x00000418       0xaf /Users/manuel/Work/android/PacketDroid/obj/local/armeabi/objs-debug/multimon/demod_afsk12.o
                                0x344 (size before relaxing)
 .debug_str     0x000004c7       0x62 /Users/manuel/Work/android/PacketDroid/obj/local/armeabi/objs-debug/multimon/demod_afsk24.o
                                0x33c (size before relaxing)
 .debug_str     0x00000529       0x6a /Users/manuel/Work/android/PacketDroid/obj/local/armeabi/objs-debug/multimon/demod_afsk24_2.o
                                0x344 (size before relaxing)
 .debug_str     0x00000593       0xa2 /Users/manuel/Work/android/PacketDroid/obj/local/armeabi/objs-debug/multimon/demod_dtmf.o
                                0x343 (size before relaxing)
 .debug_str     0x00000635       0x6d /Users/manuel/Work/android/PacketDroid/obj/local/armeabi/objs-debug/multimon/demod_fsk96.o
                                0x315 (size before relaxing)
 .debug_str     0x000006a2       0x6a /Users/manuel/Work/android/PacketDroid/obj/local/armeabi/objs-debug/multimon/demod_hapn48.o
                                0x312 (size before relaxing)
 .debug_str     0x0000070c       0x5c /Users/manuel/Work/android/PacketDroid/obj/local/armeabi/objs-debug/multimon/demod_poc12.o
                                0x305 (size before relaxing)
 .debug_str     0x00000768       0x5c /Users/manuel/Work/android/PacketDroid/obj/local/armeabi/objs-debug/multimon/demod_poc24.o
                                0x2fd (size before relaxing)
 .debug_str     0x000007c4       0x58 /Users/manuel/Work/android/PacketDroid/obj/local/armeabi/objs-debug/multimon/demod_poc5.o
                                0x301 (size before relaxing)
 .debug_str     0x0000081c       0x6d /Users/manuel/Work/android/PacketDroid/obj/local/armeabi/objs-debug/multimon/demod_zvei.o
                                0x341 (size before relaxing)
 .debug_str     0x00000889       0x35 /Users/manuel/Work/android/PacketDroid/obj/local/armeabi/objs-debug/multimon/costabf.o
                                 0x4f (size before relaxing)
 .debug_str     0x000008be       0x3d /Users/manuel/Work/android/PacketDroid/obj/local/armeabi/objs-debug/multimon/costabi.o
                                 0x49 (size before relaxing)
 .debug_str     0x000008fb     0x1590 /Users/manuel/Work/android/PacketDroid/obj/local/armeabi/objs-debug/multimon/multimon.o
                               0x18e1 (size before relaxing)
 .debug_str     0x00001e8b      0x7fa /opt/android-ndk-r6b/toolchains/arm-linux-androideabi-4.4.3/prebuilt/darwin-x86/bin/../lib/gcc/arm-linux-androideabi/4.4.3/libgcc.a(unwind-arm.o)
                                0x8e6 (size before relaxing)
 .debug_str     0x00002685      0x12f /opt/android-ndk-r6b/toolchains/arm-linux-androideabi-4.4.3/prebuilt/darwin-x86/bin/../lib/gcc/arm-linux-androideabi/4.4.3/libgcc.a(pr-support.o)
                                0x44c (size before relaxing)

.debug_loc      0x00000000     0x1df5
 *(.debug_loc)
 .debug_loc     0x00000000       0xa4 /Users/manuel/Work/android/PacketDroid/obj/local/armeabi/objs-debug/multimon/hdlc.o
 .debug_loc     0x000000a4      0x1cf /Users/manuel/Work/android/PacketDroid/obj/local/armeabi/objs-debug/multimon/pocsag.o
 .debug_loc     0x00000273       0xb0 /Users/manuel/Work/android/PacketDroid/obj/local/armeabi/objs-debug/multimon/demod_afsk12.o
 .debug_loc     0x00000323       0xb0 /Users/manuel/Work/android/PacketDroid/obj/local/armeabi/objs-debug/multimon/demod_afsk24.o
 .debug_loc     0x000003d3       0xb0 /Users/manuel/Work/android/PacketDroid/obj/local/armeabi/objs-debug/multimon/demod_afsk24_2.o
 .debug_loc     0x00000483      0x109 /Users/manuel/Work/android/PacketDroid/obj/local/armeabi/objs-debug/multimon/demod_dtmf.o
 .debug_loc     0x0000058c       0xb0 /Users/manuel/Work/android/PacketDroid/obj/local/armeabi/objs-debug/multimon/demod_fsk96.o
 .debug_loc     0x0000063c       0xb0 /Users/manuel/Work/android/PacketDroid/obj/local/armeabi/objs-debug/multimon/demod_hapn48.o
 .debug_loc     0x000006ec       0xb0 /Users/manuel/Work/android/PacketDroid/obj/local/armeabi/objs-debug/multimon/demod_poc12.o
 .debug_loc     0x0000079c       0xb0 /Users/manuel/Work/android/PacketDroid/obj/local/armeabi/objs-debug/multimon/demod_poc24.o
 .debug_loc     0x0000084c       0xb0 /Users/manuel/Work/android/PacketDroid/obj/local/armeabi/objs-debug/multimon/demod_poc5.o
 .debug_loc     0x000008fc      0x109 /Users/manuel/Work/android/PacketDroid/obj/local/armeabi/objs-debug/multimon/demod_zvei.o
 .debug_loc     0x00000a05      0x108 /Users/manuel/Work/android/PacketDroid/obj/local/armeabi/objs-debug/multimon/multimon.o
 .debug_loc     0x00000b0d      0xfef /opt/android-ndk-r6b/toolchains/arm-linux-androideabi-4.4.3/prebuilt/darwin-x86/bin/../lib/gcc/arm-linux-androideabi/4.4.3/libgcc.a(unwind-arm.o)
 .debug_loc     0x00001afc      0x2f9 /opt/android-ndk-r6b/toolchains/arm-linux-androideabi-4.4.3/prebuilt/darwin-x86/bin/../lib/gcc/arm-linux-androideabi/4.4.3/libgcc.a(pr-support.o)

.debug_macinfo
 *(.debug_macinfo)

.debug_weaknames
 *(.debug_weaknames)

.debug_funcnames
 *(.debug_funcnames)

.debug_typenames
 *(.debug_typenames)

.debug_varnames
 *(.debug_varnames)

.debug_pubtypes
 *(.debug_pubtypes)

.debug_ranges   0x00000000      0x4c8
 *(.debug_ranges)
 .debug_ranges  0x00000000       0x28 /Users/manuel/Work/android/PacketDroid/obj/local/armeabi/objs-debug/multimon/hdlc.o
 .debug_ranges  0x00000028       0x90 /Users/manuel/Work/android/PacketDroid/obj/local/armeabi/objs-debug/multimon/pocsag.o
 .debug_ranges  0x000000b8       0x28 /Users/manuel/Work/android/PacketDroid/obj/local/armeabi/objs-debug/multimon/demod_afsk12.o
 .debug_ranges  0x000000e0       0x28 /Users/manuel/Work/android/PacketDroid/obj/local/armeabi/objs-debug/multimon/demod_afsk24.o
 .debug_ranges  0x00000108       0x28 /Users/manuel/Work/android/PacketDroid/obj/local/armeabi/objs-debug/multimon/demod_afsk24_2.o
 .debug_ranges  0x00000130       0x38 /Users/manuel/Work/android/PacketDroid/obj/local/armeabi/objs-debug/multimon/demod_dtmf.o
 .debug_ranges  0x00000168       0x28 /Users/manuel/Work/android/PacketDroid/obj/local/armeabi/objs-debug/multimon/demod_fsk96.o
 .debug_ranges  0x00000190       0x28 /Users/manuel/Work/android/PacketDroid/obj/local/armeabi/objs-debug/multimon/demod_hapn48.o
 .debug_ranges  0x000001b8       0x28 /Users/manuel/Work/android/PacketDroid/obj/local/armeabi/objs-debug/multimon/demod_poc12.o
 .debug_ranges  0x000001e0       0x28 /Users/manuel/Work/android/PacketDroid/obj/local/armeabi/objs-debug/multimon/demod_poc24.o
 .debug_ranges  0x00000208       0x28 /Users/manuel/Work/android/PacketDroid/obj/local/armeabi/objs-debug/multimon/demod_poc5.o
 .debug_ranges  0x00000230       0x38 /Users/manuel/Work/android/PacketDroid/obj/local/armeabi/objs-debug/multimon/demod_zvei.o
 .debug_ranges  0x00000268       0x38 /Users/manuel/Work/android/PacketDroid/obj/local/armeabi/objs-debug/multimon/multimon.o
 .debug_ranges  0x000002a0      0x1f8 /opt/android-ndk-r6b/toolchains/arm-linux-androideabi-4.4.3/prebuilt/darwin-x86/bin/../lib/gcc/arm-linux-androideabi/4.4.3/libgcc.a(unwind-arm.o)
 .debug_ranges  0x00000498       0x30 /opt/android-ndk-r6b/toolchains/arm-linux-androideabi-4.4.3/prebuilt/darwin-x86/bin/../lib/gcc/arm-linux-androideabi/4.4.3/libgcc.a(pr-support.o)
